Archive member included to satisfy reference by file (symbol)

.\CortexM3\ARM_GCC_541\Debug\Design01.a(PGA_1.o)
                              .\CortexM3\ARM_GCC_541\Debug\main.o (PGA_1_Start)
.\CortexM3\ARM_GCC_541\Debug\Design01.a(Threshold_1.o)
                              .\CortexM3\ARM_GCC_541\Debug\main.o (Threshold_1_Start)
.\CortexM3\ARM_GCC_541\Debug\Design01.a(Trigger_1.o)
                              .\CortexM3\ARM_GCC_541\Debug\main.o (Trigger_1_Start)
.\CortexM3\ARM_GCC_541\Debug\Design01.a(Comp_1.o)
                              .\CortexM3\ARM_GCC_541\Debug\main.o (Comp_1_Start)
.\CortexM3\ARM_GCC_541\Debug\Design01.a(Comp_2.o)
                              .\CortexM3\ARM_GCC_541\Debug\main.o (Comp_2_Start)
.\CortexM3\ARM_GCC_541\Debug\Design01.a(Clock_1.o)
                              .\CortexM3\ARM_GCC_541\Debug\main.o (Clock_1_Start)
.\CortexM3\ARM_GCC_541\Debug\Design01.a(PWM_1.o)
                              .\CortexM3\ARM_GCC_541\Debug\main.o (PWM_1_ReadStatusRegister)
.\CortexM3\ARM_GCC_541\Debug\Design01.a(Clock_2.o)
                              .\CortexM3\ARM_GCC_541\Debug\main.o (Clock_2_Start)
.\CortexM3\ARM_GCC_541\Debug\Design01.a(isr_1.o)
                              .\CortexM3\ARM_GCC_541\Debug\main.o (intr)
.\CortexM3\ARM_GCC_541\Debug\Design01.a(VDAC_1.o)
                              .\CortexM3\ARM_GCC_541\Debug\main.o (VDAC_1_Start)
.\CortexM3\ARM_GCC_541\Debug\Design01.a(PGA_2.o)
                              .\CortexM3\ARM_GCC_541\Debug\main.o (PGA_2_Start)
.\CortexM3\ARM_GCC_541\Debug\Design01.a(Counter_1.o)
                              .\CortexM3\ARM_GCC_541\Debug\main.o (Counter_1_Stop)
.\CortexM3\ARM_GCC_541\Debug\Design01.a(UART_1.o)
                              .\CortexM3\ARM_GCC_541\Debug\main.o (UART_1_Start)
.\CortexM3\ARM_GCC_541\Debug\Design01.a(UART_1_IntClock.o)
                              .\CortexM3\ARM_GCC_541\Debug\Design01.a(UART_1.o) (UART_1_IntClock_Start)
.\CortexM3\ARM_GCC_541\Debug\Design01.a(CyLib.o)
                              .\CortexM3\ARM_GCC_541\Debug\Cm3Start.o (CyHalt)
.\CortexM3\ARM_GCC_541\Debug\Design01.a(cyPm.o)
                              .\CortexM3\ARM_GCC_541\Debug\Design01.a(CyLib.o) (CyPmReadStatus)
.\CortexM3\ARM_GCC_541\Debug\Design01.a(ADC_1.o)
                              .\CortexM3\ARM_GCC_541\Debug\main.o (ADC_1_Start)
.\CortexM3\ARM_GCC_541\Debug\Design01.a(ADC_1_INT.o)
                              .\CortexM3\ARM_GCC_541\Debug\Design01.a(ADC_1.o) (ADC_1_ISR)
.\CortexM3\ARM_GCC_541\Debug\Design01.a(ADC_2.o)
                              .\CortexM3\ARM_GCC_541\Debug\main.o (ADC_2_Start)
.\CortexM3\ARM_GCC_541\Debug\Design01.a(ADC_2_INT.o)
                              .\CortexM3\ARM_GCC_541\Debug\Design01.a(ADC_2.o) (ADC_2_ISR)
.\CortexM3\ARM_GCC_541\Debug\Design01.a(ADC_1_theACLK.o)
                              .\CortexM3\ARM_GCC_541\Debug\Design01.a(ADC_1.o) (ADC_1_theACLK_SetModeRegister)
.\CortexM3\ARM_GCC_541\Debug\Design01.a(ADC_2_theACLK.o)
                              .\CortexM3\ARM_GCC_541\Debug\Design01.a(ADC_2.o) (ADC_2_theACLK_SetModeRegister)
.\CortexM3\ARM_GCC_541\Debug\Design01.a(CyBootAsmGnu.o)
                              .\CortexM3\ARM_GCC_541\Debug\cyfitter_cfg.o (CyDelayCycles)
.\CortexM3\ARM_GCC_541\Debug\Design01.a(CyFlash.o)
                              .\CortexM3\ARM_GCC_541\Debug\Design01.a(cyPm.o) (CyFlash_SetWaitCycles)
.\CortexM3\ARM_GCC_541\Debug\Design01.a(CySpc.o)
                              .\CortexM3\ARM_GCC_541\Debug\Design01.a(CyFlash.o) (CySpcStart)
c:/program files (x86)/cypress/psoc creator/4.2/psoc creator/import/gnu/arm/5.4.1/bin/../lib/gcc/arm-none-eabi/5.4.1/armv7-m\libgcc.a(_arm_addsubsf3.o)
                              .\CortexM3\ARM_GCC_541\Debug\Design01.a(ADC_1.o) (__aeabi_i2f)
c:/program files (x86)/cypress/psoc creator/4.2/psoc creator/import/gnu/arm/5.4.1/bin/../lib/gcc/arm-none-eabi/5.4.1/armv7-m\libgcc.a(_arm_muldivsf3.o)
                              .\CortexM3\ARM_GCC_541\Debug\Design01.a(ADC_1.o) (__aeabi_fmul)
c:/program files (x86)/cypress/psoc creator/4.2/psoc creator/import/gnu/arm/5.4.1/bin/../lib/gcc/arm-none-eabi/5.4.1/armv7-m\libgcc.a(_aeabi_ldivmod.o)
                              .\CortexM3\ARM_GCC_541\Debug\Design01.a(ADC_1.o) (__aeabi_ldivmod)
c:/program files (x86)/cypress/psoc creator/4.2/psoc creator/import/gnu/arm/5.4.1/bin/../lib/gcc/arm-none-eabi/5.4.1/armv7-m\libgcc.a(_udivmoddi4.o)
                              c:/program files (x86)/cypress/psoc creator/4.2/psoc creator/import/gnu/arm/5.4.1/bin/../lib/gcc/arm-none-eabi/5.4.1/armv7-m\libgcc.a(_aeabi_ldivmod.o) (__udivmoddi4)
c:/program files (x86)/cypress/psoc creator/4.2/psoc creator/import/gnu/arm/5.4.1/bin/../lib/gcc/arm-none-eabi/5.4.1/armv7-m\libgcc.a(_dvmd_tls.o)
                              c:/program files (x86)/cypress/psoc creator/4.2/psoc creator/import/gnu/arm/5.4.1/bin/../lib/gcc/arm-none-eabi/5.4.1/armv7-m\libgcc.a(_aeabi_ldivmod.o) (__aeabi_ldiv0)
[...]
Memory Configuration

Name             Origin             Length             Attributes
rom              0x00000000         0x00040000         xr
ram              0x1fff8000         0x00010000         xrw
*default*        0x00000000         0xffffffff

Linker script and memory map

LOAD c:/program files (x86)/cypress/psoc creator/4.2/psoc creator/import/gnu/arm/5.4.1/bin/../lib/gcc/arm-none-eabi/5.4.1/armv7-m/crti.o
LOAD c:/program files (x86)/cypress/psoc creator/4.2/psoc creator/import/gnu/arm/5.4.1/bin/../lib/gcc/arm-none-eabi/5.4.1/armv7-m/crtbegin.o
LOAD c:/program files (x86)/cypress/psoc creator/4.2/psoc creator/import/gnu/arm/5.4.1/bin/../lib/gcc/arm-none-eabi/5.4.1/../../../../arm-none-eabi/lib/armv7-m/crt0.o
START GROUP
LOAD .\CortexM3\ARM_GCC_541\Debug\main.o
LOAD .\CortexM3\ARM_GCC_541\Debug\cyfitter_cfg.o
LOAD .\CortexM3\ARM_GCC_541\Debug\cymetadata.o
LOAD .\CortexM3\ARM_GCC_541\Debug\Cm3Start.o
LOAD .\CortexM3\ARM_GCC_541\Debug\Design01.a
LOAD C:\Program Files (x86)\Cypress\PSoC Creator\4.2\PSoC Creator\psoc\content\cycomponentlibrary\CyComponentLibrary.cylib\CortexM3\ARM_GCC_541\Debug\CyComponentLibrary.a
END GROUP
START GROUP
LOAD c:/program files (x86)/cypress/psoc creator/4.2/psoc creator/import/gnu/arm/5.4.1/bin/../lib/gcc/arm-none-eabi/5.4.1/armv7-m\libgcc.a
LOAD c:/program files (x86)/cypress/psoc creator/4.2/psoc creator/import/gnu/arm/5.4.1/bin/../lib/gcc/arm-none-eabi/5.4.1/../../../../arm-none-eabi/lib/armv7-m\libg_nano.a
LOAD c:/program files (x86)/cypress/psoc creator/4.2/psoc creator/import/gnu/arm/5.4.1/bin/../lib/gcc/arm-none-eabi/5.4.1/../../../../arm-none-eabi/lib/armv7-m\libc_nano.a
END GROUP
START GROUP
LOAD c:/program files (x86)/cypress/psoc creator/4.2/psoc creator/import/gnu/arm/5.4.1/bin/../lib/gcc/arm-none-eabi/5.4.1/armv7-m\libgcc.a
LOAD c:/program files (x86)/cypress/psoc creator/4.2/psoc creator/import/gnu/arm/5.4.1/bin/../lib/gcc/arm-none-eabi/5.4.1/../../../../arm-none-eabi/lib/armv7-m\libc_nano.a
END GROUP
LOAD c:/program files (x86)/cypress/psoc creator/4.2/psoc creator/import/gnu/arm/5.4.1/bin/../lib/gcc/arm-none-eabi/5.4.1/armv7-m/crtend.o
LOAD c:/program files (x86)/cypress/psoc creator/4.2/psoc creator/import/gnu/arm/5.4.1/bin/../lib/gcc/arm-none-eabi/5.4.1/armv7-m/crtn.o
START GROUP
LOAD c:/program files (x86)/cypress/psoc creator/4.2/psoc creator/import/gnu/arm/5.4.1/bin/../lib/gcc/arm-none-eabi/5.4.1/armv7-m\libgcc.a
LOAD c:/program files (x86)/cypress/psoc creator/4.2/psoc creator/import/gnu/arm/5.4.1/bin/../lib/gcc/arm-none-eabi/5.4.1/../../../../arm-none-eabi/lib/armv7-m\libc.a
LOAD c:/program files (x86)/cypress/psoc creator/4.2/psoc creator/import/gnu/arm/5.4.1/bin/../lib/gcc/arm-none-eabi/5.4.1/../../../../arm-none-eabi/lib/armv7-m\libnosys.a
END GROUP
                0x00000000                CY_APPL_ORIGIN = 0x0
                0x00000100                CY_FLASH_ROW_SIZE = 0x100
                0x00000020                CY_ECC_ROW_SIZE = 0x20
                0x00000000                CY_EE_IN_BTLDR = 0x0
                0x00000000                CY_APPL_LOADABLE = 0x0
                0x00000800                CY_EE_SIZE = 0x800
                0x00000001                CY_APPL_NUM = 0x1
                0x00000001                CY_APPL_MAX = 0x1
                0x00000040                CY_METADATA_SIZE = 0x40
                0x00000000                CY_APPL_LOADABLE = 0x0
                0x00000000                CY_CHECKSUM_EXCLUDE_SIZE = ALIGN (0x0, CY_FLASH_ROW_SIZE)
                [!provide]                PROVIDE (__cy_heap_start, _end)
                0x00000001                PROVIDE (__cy_region_num, ((__cy_regions_end - __cy_regions) / 0x10))
                0x20008000                PROVIDE (__cy_stack, (ORIGIN (ram) + LENGTH (ram)))
                [!provide]                PROVIDE (__cy_heap_end, (__cy_stack - 0x800))

.cybootloader   0x00000000        0x0
 *(.cybootloader)
                0x00000000                appl1_start = CY_APPL_ORIGIN?CY_APPL_ORIGIN:ALIGN (CY_FLASH_ROW_SIZE)
                0x0001ff00                appl2_start = (appl1_start + ALIGN ((((LENGTH (rom) - appl1_start) - (0x2 * CY_FLASH_ROW_SIZE)) / 0x2), CY_FLASH_ROW_SIZE))
                0x00000000                appl_start = (CY_APPL_NUM == 0x1)?appl1_start:appl2_start
                0x00000000                ecc_offset = ((appl_start / CY_FLASH_ROW_SIZE) * CY_ECC_ROW_SIZE)
                0x00000000                ee_offset = (CY_APPL_LOADABLE && ! (CY_EE_IN_BTLDR))?((CY_EE_SIZE / CY_APPL_MAX) * (CY_APPL_NUM - 0x1)):0x0
                0x00000800                ee_size = (CY_APPL_LOADABLE && ! (CY_EE_IN_BTLDR))?(CY_EE_SIZE / CY_APPL_MAX):CY_EE_SIZE
                [!provide]                PROVIDE (CY_ECC_OFFSET, ecc_offset)

.text           0x00000000     0x1ce8
 CREATE_OBJECT_SYMBOLS
                0x00000000                PROVIDE (__cy_interrupt_vector, RomVectors)
 *(.romvectors)
 .romvectors    0x00000000       0x10 .\CortexM3\ARM_GCC_541\Debug\Cm3Start.o
                0x00000000                RomVectors
                0x00000001                ASSERT ((. != __cy_interrupt_vector), No interrupt vector)
                0x00000001                ASSERT (CY_APPL_ORIGIN?(SIZEOF (.cybootloader) <= CY_APPL_ORIGIN):0x1, Wrong image location)
                0x00000010                PROVIDE (__cy_reset, Reset)
 *(.text.Reset)
 .text.Reset    0x00000010       0x18 .\CortexM3\ARM_GCC_541\Debug\Cm3Start.o
                0x00000010                Reset
                0x00000001                ASSERT ((. != __cy_reset), No reset code)
 *(.dma_init)
                0x00000001                ASSERT ((((appl_start + .) <= 0x10000) || 0x1), DMA Init must be within the first 64k of flash)
 *(.text .text.* .gnu.linkonce.t.*)
 .text          0x00000028       0x5c c:/program files (x86)/cypress/psoc creator/4.2/psoc creator/import/gnu/arm/5.4.1/bin/../lib/gcc/arm-none-eabi/5.4.1/armv7-m/crtbegin.o
 .text.main     0x00000084      0x134 .\CortexM3\ARM_GCC_541\Debug\main.o
                0x00000084                main
 .text.CyClockStartupError
                0x000001b8        0x4 .\CortexM3\ARM_GCC_541\Debug\cyfitter_cfg.o
 .text.cfg_write_bytes32
                0x000001bc       0x34 .\CortexM3\ARM_GCC_541\Debug\cyfitter_cfg.o
 .text.CYMEMZERO
                0x000001f0        0xc .\CortexM3\ARM_GCC_541\Debug\cyfitter_cfg.o
 .text.AnalogSetDefault
                0x000001fc      0x134 .\CortexM3\ARM_GCC_541\Debug\cyfitter_cfg.o
 .text.CYCONFIGCPY
                0x00000330        0x8 .\CortexM3\ARM_GCC_541\Debug\cyfitter_cfg.o
 .text.ClockSetup
                0x00000338      0x138 .\CortexM3\ARM_GCC_541\Debug\cyfitter_cfg.o
 .text.cyfitter_cfg
                0x00000470      0x104 .\CortexM3\ARM_GCC_541\Debug\cyfitter_cfg.o
                0x00000470                cyfitter_cfg
 .text.IntDefaultHandler
                0x00000574       0x10 .\CortexM3\ARM_GCC_541\Debug\Cm3Start.o
                0x00000574                IntDefaultHandler
 .text._sbrk    0x00000584       0x30 .\CortexM3\ARM_GCC_541\Debug\Cm3Start.o
                0x00000584                _sbrk
 .text.Start_c  0x000005b4       0x4c .\CortexM3\ARM_GCC_541\Debug\Cm3Start.o
                0x000005b4                Start_c
 .text.initialize_psoc
                0x00000600       0x68 .\CortexM3\ARM_GCC_541\Debug\Cm3Start.o
                0x00000600                initialize_psoc
 .text.PGA_1_Enable
                0x00000668       0x28 .\CortexM3\ARM_GCC_541\Debug\Design01.a(PGA_1.o)
                0x00000668                PGA_1_Enable
 .text.PGA_1_SetPower
                0x00000690       0x18 .\CortexM3\ARM_GCC_541\Debug\Design01.a(PGA_1.o)
                0x00000690                PGA_1_SetPower
 .text.PGA_1_SetGain
                0x000006a8       0x78 .\CortexM3\ARM_GCC_541\Debug\Design01.a(PGA_1.o)
                0x000006a8                PGA_1_SetGain
 .text.PGA_1_Init
                0x00000720       0x34 .\CortexM3\ARM_GCC_541\Debug\Design01.a(PGA_1.o)
                0x00000720                PGA_1_Init
 .text.PGA_1_Start
                0x00000754       0x1c .\CortexM3\ARM_GCC_541\Debug\Design01.a(PGA_1.o)
                0x00000754                PGA_1_Start
 .text.Threshold_1_Enable
                0x00000770       0x1c .\CortexM3\ARM_GCC_541\Debug\Design01.a(Threshold_1.o)
                0x00000770                Threshold_1_Enable
 .text.Threshold_1_SetSpeed
                0x0000078c       0x1c .\CortexM3\ARM_GCC_541\Debug\Design01.a(Threshold_1.o)
                0x0000078c                Threshold_1_SetSpeed
 .text.Threshold_1_SetValue
                0x000007a8        0xc .\CortexM3\ARM_GCC_541\Debug\Design01.a(Threshold_1.o)
                0x000007a8                Threshold_1_SetValue
 .text.Threshold_1_DacTrim
                0x000007b4       0x24 .\CortexM3\ARM_GCC_541\Debug\Design01.a(Threshold_1.o)
                0x000007b4                Threshold_1_DacTrim
 .text.Threshold_1_SetRange
                0x000007d8       0x20 .\CortexM3\ARM_GCC_541\Debug\Design01.a(Threshold_1.o)
                0x000007d8                Threshold_1_SetRange
 .text.Threshold_1_Init
                0x000007f8       0x20 .\CortexM3\ARM_GCC_541\Debug\Design01.a(Threshold_1.o)
                0x000007f8                Threshold_1_Init
 .text.Threshold_1_Start
                0x00000818       0x24 .\CortexM3\ARM_GCC_541\Debug\Design01.a(Threshold_1.o)
                0x00000818                Threshold_1_Start
 .text.Trigger_1_Enable
                0x0000083c       0x1c .\CortexM3\ARM_GCC_541\Debug\Design01.a(Trigger_1.o)
                0x0000083c                Trigger_1_Enable
 .text.Trigger_1_SetSpeed
                0x00000858       0x1c .\CortexM3\ARM_GCC_541\Debug\Design01.a(Trigger_1.o)
                0x00000858                Trigger_1_SetSpeed
 .text.Trigger_1_SetValue
                0x00000874        0xc .\CortexM3\ARM_GCC_541\Debug\Design01.a(Trigger_1.o)
                0x00000874                Trigger_1_SetValue
 .text.Trigger_1_DacTrim
                0x00000880       0x24 .\CortexM3\ARM_GCC_541\Debug\Design01.a(Trigger_1.o)
                0x00000880                Trigger_1_DacTrim
 .text.Trigger_1_SetRange
                0x000008a4       0x20 .\CortexM3\ARM_GCC_541\Debug\Design01.a(Trigger_1.o)
                0x000008a4                Trigger_1_SetRange
 .text.Trigger_1_Init
                0x000008c4       0x20 .\CortexM3\ARM_GCC_541\Debug\Design01.a(Trigger_1.o)
                0x000008c4                Trigger_1_Init
 .text.Trigger_1_Start
                0x000008e4       0x24 .\CortexM3\ARM_GCC_541\Debug\Design01.a(Trigger_1.o)
                0x000008e4                Trigger_1_Start
 .text.Comp_1_Enable
                0x00000908       0x1c .\CortexM3\ARM_GCC_541\Debug\Design01.a(Comp_1.o)
                0x00000908                Comp_1_Enable
 .text.Comp_1_SetSpeed
                0x00000924       0x58 .\CortexM3\ARM_GCC_541\Debug\Design01.a(Comp_1.o)
                0x00000924                Comp_1_SetSpeed
 .text.Comp_1_Init
                0x0000097c       0x3c .\CortexM3\ARM_GCC_541\Debug\Design01.a(Comp_1.o)
                0x0000097c                Comp_1_Init
 .text.Comp_1_Start
                0x000009b8       0x1c .\CortexM3\ARM_GCC_541\Debug\Design01.a(Comp_1.o)
                0x000009b8                Comp_1_Start
 .text.Comp_2_Enable
                0x000009d4       0x1c .\CortexM3\ARM_GCC_541\Debug\Design01.a(Comp_2.o)
                0x000009d4                Comp_2_Enable
 .text.Comp_2_SetSpeed
                0x000009f0       0x58 .\CortexM3\ARM_GCC_541\Debug\Design01.a(Comp_2.o)
                0x000009f0                Comp_2_SetSpeed
 .text.Comp_2_Init
                0x00000a48       0x3c .\CortexM3\ARM_GCC_541\Debug\Design01.a(Comp_2.o)
                0x00000a48                Comp_2_Init
 .text.Comp_2_Start
                0x00000a84       0x1c .\CortexM3\ARM_GCC_541\Debug\Design01.a(Comp_2.o)
                0x00000a84                Comp_2_Start
 .text.Clock_1_Start
                0x00000aa0       0x1c .\CortexM3\ARM_GCC_541\Debug\Design01.a(Clock_1.o)
                0x00000aa0                Clock_1_Start
 .text.PWM_1_Enable
                0x00000abc       0x10 .\CortexM3\ARM_GCC_541\Debug\Design01.a(PWM_1.o)
                0x00000abc                PWM_1_Enable
 .text.PWM_1_WriteCounter
                0x00000acc        0xc .\CortexM3\ARM_GCC_541\Debug\Design01.a(PWM_1.o)
                0x00000acc                PWM_1_WriteCounter
 .text.PWM_1_WritePeriod
                0x00000ad8        0xc .\CortexM3\ARM_GCC_541\Debug\Design01.a(PWM_1.o)
                0x00000ad8                PWM_1_WritePeriod
 .text.PWM_1_WriteCompare1
                0x00000ae4        0xc .\CortexM3\ARM_GCC_541\Debug\Design01.a(PWM_1.o)
                0x00000ae4                PWM_1_WriteCompare1
 .text.PWM_1_WriteCompare2
                0x00000af0        0xc .\CortexM3\ARM_GCC_541\Debug\Design01.a(PWM_1.o)
                0x00000af0                PWM_1_WriteCompare2
 .text.PWM_1_SetInterruptMode
                0x00000afc        0xc .\CortexM3\ARM_GCC_541\Debug\Design01.a(PWM_1.o)
                0x00000afc                PWM_1_SetInterruptMode
 .text.PWM_1_ReadStatusRegister
                0x00000b08        0xc .\CortexM3\ARM_GCC_541\Debug\Design01.a(PWM_1.o)
                0x00000b08                PWM_1_ReadStatusRegister
 .text.PWM_1_ReadCapture
                0x00000b14        0xc .\CortexM3\ARM_GCC_541\Debug\Design01.a(PWM_1.o)
                0x00000b14                PWM_1_ReadCapture
 .text.PWM_1_ClearFIFO
                0x00000b20       0x14 .\CortexM3\ARM_GCC_541\Debug\Design01.a(PWM_1.o)
                0x00000b20                PWM_1_ClearFIFO
 .text.PWM_1_Init
                0x00000b34       0x68 .\CortexM3\ARM_GCC_541\Debug\Design01.a(PWM_1.o)
                0x00000b34                PWM_1_Init
 .text.PWM_1_Start
                0x00000b9c       0x1c .\CortexM3\ARM_GCC_541\Debug\Design01.a(PWM_1.o)
                0x00000b9c                PWM_1_Start
 .text.Clock_2_Start
                0x00000bb8       0x1c .\CortexM3\ARM_GCC_541\Debug\Design01.a(Clock_2.o)
                0x00000bb8                Clock_2_Start
 .text.isr_1_Interrupt
                0x00000bd4        0xc .\CortexM3\ARM_GCC_541\Debug\Design01.a(isr_1.o)
                0x00000bd4                isr_1_Interrupt
 .text.isr_1_SetVector
                0x00000be0        0xc .\CortexM3\ARM_GCC_541\Debug\Design01.a(isr_1.o)
                0x00000be0                isr_1_SetVector
 .text.isr_1_SetPriority
                0x00000bec       0x10 .\CortexM3\ARM_GCC_541\Debug\Design01.a(isr_1.o)
                0x00000bec                isr_1_SetPriority
 .text.isr_1_Enable
                0x00000bfc        0xc .\CortexM3\ARM_GCC_541\Debug\Design01.a(isr_1.o)
                0x00000bfc                isr_1_Enable
 .text.isr_1_Disable
                0x00000c08        0xc .\CortexM3\ARM_GCC_541\Debug\Design01.a(isr_1.o)
                0x00000c08                isr_1_Disable
 .text.isr_1_Start
                0x00000c14       0x1c .\CortexM3\ARM_GCC_541\Debug\Design01.a(isr_1.o)
                0x00000c14                isr_1_Start
 .text.VDAC_1_Enable
                0x00000c30       0x1c .\CortexM3\ARM_GCC_541\Debug\Design01.a(VDAC_1.o)
                0x00000c30                VDAC_1_Enable
 .text.VDAC_1_SetSpeed
                0x00000c4c       0x1c .\CortexM3\ARM_GCC_541\Debug\Design01.a(VDAC_1.o)
                0x00000c4c                VDAC_1_SetSpeed
 .text.VDAC_1_SetValue
                0x00000c68        0xc .\CortexM3\ARM_GCC_541\Debug\Design01.a(VDAC_1.o)
                0x00000c68                VDAC_1_SetValue
 .text.VDAC_1_DacTrim
                0x00000c74       0x24 .\CortexM3\ARM_GCC_541\Debug\Design01.a(VDAC_1.o)
                0x00000c74                VDAC_1_DacTrim
 .text.VDAC_1_SetRange
                0x00000c98       0x20 .\CortexM3\ARM_GCC_541\Debug\Design01.a(VDAC_1.o)
                0x00000c98                VDAC_1_SetRange
 .text.VDAC_1_Init
                0x00000cb8       0x20 .\CortexM3\ARM_GCC_541\Debug\Design01.a(VDAC_1.o)
                0x00000cb8                VDAC_1_Init
 .text.VDAC_1_Start
                0x00000cd8       0x24 .\CortexM3\ARM_GCC_541\Debug\Design01.a(VDAC_1.o)
                0x00000cd8                VDAC_1_Start
 .text.PGA_2_Enable
                0x00000cfc       0x28 .\CortexM3\ARM_GCC_541\Debug\Design01.a(PGA_2.o)
                0x00000cfc                PGA_2_Enable
 .text.PGA_2_SetPower
                0x00000d24       0x18 .\CortexM3\ARM_GCC_541\Debug\Design01.a(PGA_2.o)
                0x00000d24                PGA_2_SetPower
 .text.PGA_2_SetGain
                0x00000d3c       0x78 .\CortexM3\ARM_GCC_541\Debug\Design01.a(PGA_2.o)
                0x00000d3c                PGA_2_SetGain
 .text.PGA_2_Init
                0x00000db4       0x34 .\CortexM3\ARM_GCC_541\Debug\Design01.a(PGA_2.o)
                0x00000db4                PGA_2_Init
 .text.PGA_2_Start
                0x00000de8       0x1c .\CortexM3\ARM_GCC_541\Debug\Design01.a(PGA_2.o)
                0x00000de8                PGA_2_Start
 .text.Counter_1_Stop
                0x00000e04        0x4 .\CortexM3\ARM_GCC_541\Debug\Design01.a(Counter_1.o)
                0x00000e04                Counter_1_Stop
 .text.Counter_1_SetInterruptMode
                0x00000e08        0xc .\CortexM3\ARM_GCC_541\Debug\Design01.a(Counter_1.o)
                0x00000e08                Counter_1_SetInterruptMode
 .text.Counter_1_ReadStatusRegister
                0x00000e14        0xc .\CortexM3\ARM_GCC_541\Debug\Design01.a(Counter_1.o)
                0x00000e14                Counter_1_ReadStatusRegister
 .text.Counter_1_WriteCounter
                0x00000e20        0xc .\CortexM3\ARM_GCC_541\Debug\Design01.a(Counter_1.o)
                0x00000e20                Counter_1_WriteCounter
 .text.Counter_1_ReadCounter
                0x00000e2c       0x14 .\CortexM3\ARM_GCC_541\Debug\Design01.a(Counter_1.o)
                0x00000e2c                Counter_1_ReadCounter
 .text.Counter_1_ReadCapture
                0x00000e40        0xc .\CortexM3\ARM_GCC_541\Debug\Design01.a(Counter_1.o)
                0x00000e40                Counter_1_ReadCapture
 .text.Counter_1_WritePeriod
                0x00000e4c        0xc .\CortexM3\ARM_GCC_541\Debug\Design01.a(Counter_1.o)
                0x00000e4c                Counter_1_WritePeriod
 .text.Counter_1_WriteCompare
                0x00000e58        0xc .\CortexM3\ARM_GCC_541\Debug\Design01.a(Counter_1.o)
                0x00000e58                Counter_1_WriteCompare
 .text.Counter_1_ClearFIFO
                0x00000e64       0x14 .\CortexM3\ARM_GCC_541\Debug\Design01.a(Counter_1.o)
                0x00000e64                Counter_1_ClearFIFO
 .text.Counter_1_Init
                0x00000e78       0x3c .\CortexM3\ARM_GCC_541\Debug\Design01.a(Counter_1.o)
                0x00000e78                Counter_1_Init
 .text.Counter_1_Start
                0x00000eb4       0x18 .\CortexM3\ARM_GCC_541\Debug\Design01.a(Counter_1.o)
                0x00000eb4                Counter_1_Start
 .text.UART_1_Init
                0x00000ecc       0x18 .\CortexM3\ARM_GCC_541\Debug\Design01.a(UART_1.o)
                0x00000ecc                UART_1_Init
 .text.UART_1_Enable
                0x00000ee4       0x24 .\CortexM3\ARM_GCC_541\Debug\Design01.a(UART_1.o)
                0x00000ee4                UART_1_Enable
 .text.UART_1_Start
                0x00000f08       0x1c .\CortexM3\ARM_GCC_541\Debug\Design01.a(UART_1.o)
                0x00000f08                UART_1_Start
 .text.UART_1_PutChar
                0x00000f24       0x18 .\CortexM3\ARM_GCC_541\Debug\Design01.a(UART_1.o)
                0x00000f24                UART_1_PutChar
 .text.UART_1_PutString
                0x00000f3c       0x24 .\CortexM3\ARM_GCC_541\Debug\Design01.a(UART_1.o)
                0x00000f3c                UART_1_PutString
 .text.UART_1_IntClock_Start
                0x00000f60       0x1c .\CortexM3\ARM_GCC_541\Debug\Design01.a(UART_1_IntClock.o)
                0x00000f60                UART_1_IntClock_Start
 .text.CyHalt   0x00000f7c        0x4 .\CortexM3\ARM_GCC_541\Debug\Design01.a(CyLib.o)
                0x00000f7c                CyHalt
 .text.CyDelay  0x00000f80       0x2c .\CortexM3\ARM_GCC_541\Debug\Design01.a(CyLib.o)
                0x00000f80                CyDelay
 .text.CyDelayUs
                0x00000fac       0x14 .\CortexM3\ARM_GCC_541\Debug\Design01.a(CyLib.o)
                0x00000fac                CyDelayUs
 .text.CyIntSetVector
                0x00000fc0       0x28 .\CortexM3\ARM_GCC_541\Debug\Design01.a(CyLib.o)
                0x00000fc0                CyIntSetVector
 .text.CyIntSetPriority
                0x00000fe8       0x30 .\CortexM3\ARM_GCC_541\Debug\Design01.a(CyLib.o)
                0x00000fe8                CyIntSetPriority
 .text.ADC_1_CalcGain
                0x00001018       0x70 .\CortexM3\ARM_GCC_541\Debug\Design01.a(ADC_1.o)
 .text.ADC_1_Enable
                0x00001088       0x94 .\CortexM3\ARM_GCC_541\Debug\Design01.a(ADC_1.o)
                0x00001088                ADC_1_Enable
 .text.ADC_1_SetResolution
                0x0000111c       0x38 .\CortexM3\ARM_GCC_541\Debug\Design01.a(ADC_1.o)
                0x0000111c                ADC_1_SetResolution
 .text.ADC_1_Init
                0x00001154       0x3c .\CortexM3\ARM_GCC_541\Debug\Design01.a(ADC_1.o)
                0x00001154                ADC_1_Init
 .text.ADC_1_Start
                0x00001190       0x1c .\CortexM3\ARM_GCC_541\Debug\Design01.a(ADC_1.o)
                0x00001190                ADC_1_Start
 .text.ADC_1_StartConvert
                0x000011ac       0x10 .\CortexM3\ARM_GCC_541\Debug\Design01.a(ADC_1.o)
                0x000011ac                ADC_1_StartConvert
 .text.ADC_1_IsEndConversion
                0x000011bc       0x24 .\CortexM3\ARM_GCC_541\Debug\Design01.a(ADC_1.o)
                0x000011bc                ADC_1_IsEndConversion
 .text.ADC_1_GetResult16
                0x000011e0       0x18 .\CortexM3\ARM_GCC_541\Debug\Design01.a(ADC_1.o)
                0x000011e0                ADC_1_GetResult16
 .text.ADC_1_ISR
                0x000011f8        0x4 .\CortexM3\ARM_GCC_541\Debug\Design01.a(ADC_1_INT.o)
                0x000011f8                ADC_1_ISR
 .text.ADC_2_CalcGain
                0x000011fc       0x64 .\CortexM3\ARM_GCC_541\Debug\Design01.a(ADC_2.o)
 .text.ADC_2_Enable
                0x00001260       0x94 .\CortexM3\ARM_GCC_541\Debug\Design01.a(ADC_2.o)
                0x00001260                ADC_2_Enable
 .text.ADC_2_SetResolution
                0x000012f4       0x38 .\CortexM3\ARM_GCC_541\Debug\Design01.a(ADC_2.o)
                0x000012f4                ADC_2_SetResolution
 .text.ADC_2_Init
                0x0000132c       0x3c .\CortexM3\ARM_GCC_541\Debug\Design01.a(ADC_2.o)
                0x0000132c                ADC_2_Init
 .text.ADC_2_Start
                0x00001368       0x1c .\CortexM3\ARM_GCC_541\Debug\Design01.a(ADC_2.o)
                0x00001368                ADC_2_Start
 .text.ADC_2_StartConvert
                0x00001384       0x10 .\CortexM3\ARM_GCC_541\Debug\Design01.a(ADC_2.o)
                0x00001384                ADC_2_StartConvert
 .text.ADC_2_IsEndConversion
                0x00001394       0x24 .\CortexM3\ARM_GCC_541\Debug\Design01.a(ADC_2.o)
                0x00001394                ADC_2_IsEndConversion
 .text.ADC_2_GetResult16
                0x000013b8       0x18 .\CortexM3\ARM_GCC_541\Debug\Design01.a(ADC_2.o)
                0x000013b8                ADC_2_GetResult16
 .text.ADC_2_ISR
                0x000013d0        0x4 .\CortexM3\ARM_GCC_541\Debug\Design01.a(ADC_2_INT.o)
                0x000013d0                ADC_2_ISR
 .text.ADC_1_theACLK_SetModeRegister
                0x000013d4       0x14 .\CortexM3\ARM_GCC_541\Debug\Design01.a(ADC_1_theACLK.o)
                0x000013d4                ADC_1_theACLK_SetModeRegister
 .text.ADC_2_theACLK_SetModeRegister
                0x000013e8       0x14 .\CortexM3\ARM_GCC_541\Debug\Design01.a(ADC_2_theACLK.o)
                0x000013e8                ADC_2_theACLK_SetModeRegister
 *fill*         0x000013fc        0x4 
 .text          0x00001400       0x20 .\CortexM3\ARM_GCC_541\Debug\Design01.a(CyBootAsmGnu.o)
                0x00001400                CyDelayCycles
                0x00001410                CyEnterCriticalSection
                0x00001418                CyExitCriticalSection
 .text.__errno  0x00001420        0xc c:/program files (x86)/cypress/psoc creator/4.2/psoc creator/import/gnu/arm/5.4.1/bin/../lib/gcc/arm-none-eabi/5.4.1/../../../../arm-none-eabi/lib/armv7-m\libg_nano.a(lib_a-errno.o)
                0x00001420                __errno
 .text.__libc_init_array
                0x0000142c       0x4c c:/program files (x86)/cypress/psoc creator/4.2/psoc creator/import/gnu/arm/5.4.1/bin/../lib/gcc/arm-none-eabi/5.4.1/../../../../arm-none-eabi/lib/armv7-m\libg_nano.a(lib_a-init.o)
                0x0000142c                __libc_init_array
 .text.memcpy   0x00001478       0x16 c:/program files (x86)/cypress/psoc creator/4.2/psoc creator/import/gnu/arm/5.4.1/bin/../lib/gcc/arm-none-eabi/5.4.1/../../../../arm-none-eabi/lib/armv7-m\libg_nano.a(lib_a-memcpy-stub.o)
                0x00001478                memcpy
 .text.memset   0x0000148e       0x10 c:/program files (x86)/cypress/psoc creator/4.2/psoc creator/import/gnu/arm/5.4.1/bin/../lib/gcc/arm-none-eabi/5.4.1/../../../../arm-none-eabi/lib/armv7-m\libg_nano.a(lib_a-memset.o)
                0x0000148e                memset
 *fill*         0x0000149e        0x2 
 .text.sprintf  0x000014a0       0x48 c:/program files (x86)/cypress/psoc creator/4.2/psoc creator/import/gnu/arm/5.4.1/bin/../lib/gcc/arm-none-eabi/5.4.1/../../../../arm-none-eabi/lib/armv7-m\libg_nano.a(lib_a-sprintf.o)
                0x000014a0                siprintf
                0x000014a0                sprintf
 .text.__ssputs_r
                0x000014e8       0xb2 c:/program files (x86)/cypress/psoc creator/4.2/psoc creator/import/gnu/arm/5.4.1/bin/../lib/gcc/arm-none-eabi/5.4.1/../../../../arm-none-eabi/lib/armv7-m\libg_nano.a(lib_a-nano-svfprintf.o)
                0x000014e8                __ssputs_r
 *fill*         0x0000159a        0x2 
 .text._svfprintf_r
                0x0000159c      0x1e8 c:/program files (x86)/cypress/psoc creator/4.2/psoc creator/import/gnu/arm/5.4.1/bin/../lib/gcc/arm-none-eabi/5.4.1/../../../../arm-none-eabi/lib/armv7-m\libg_nano.a(lib_a-nano-svfprintf.o)
                0x0000159c                _svfiprintf_r
                0x0000159c                _svfprintf_r
 .text._printf_common
                0x00001784       0xec c:/program files (x86)/cypress/psoc creator/4.2/psoc creator/import/gnu/arm/5.4.1/bin/../lib/gcc/arm-none-eabi/5.4.1/../../../../arm-none-eabi/lib/armv7-m\libg_nano.a(lib_a-nano-vfprintf_i.o)
                0x00001784                _printf_common
 .text._printf_i
                0x00001870      0x24c c:/program files (x86)/cypress/psoc creator/4.2/psoc creator/import/gnu/arm/5.4.1/bin/../lib/gcc/arm-none-eabi/5.4.1/../../../../arm-none-eabi/lib/armv7-m\libg_nano.a(lib_a-nano-vfprintf_i.o)
                0x00001870                _printf_i
 .text.memchr   0x00001abc       0x1c c:/program files (x86)/cypress/psoc creator/4.2/psoc creator/import/gnu/arm/5.4.1/bin/../lib/gcc/arm-none-eabi/5.4.1/../../../../arm-none-eabi/lib/armv7-m\libg_nano.a(lib_a-memchr-stub.o)
                0x00001abc                memchr
 .text.memmove  0x00001ad8       0x36 c:/program files (x86)/cypress/psoc creator/4.2/psoc creator/import/gnu/arm/5.4.1/bin/../lib/gcc/arm-none-eabi/5.4.1/../../../../arm-none-eabi/lib/armv7-m\libg_nano.a(lib_a-memmove.o)
                0x00001ad8                memmove
 *fill*         0x00001b0e        0x2 
 .text._free_r  0x00001b10       0x98 c:/program files (x86)/cypress/psoc creator/4.2/psoc creator/import/gnu/arm/5.4.1/bin/../lib/gcc/arm-none-eabi/5.4.1/../../../../arm-none-eabi/lib/armv7-m\libg_nano.a(lib_a-nano-freer.o)
                0x00001b10                _free_r
 .text._malloc_r
                0x00001ba8       0xbc c:/program files (x86)/cypress/psoc creator/4.2/psoc creator/import/gnu/arm/5.4.1/bin/../lib/gcc/arm-none-eabi/5.4.1/../../../../arm-none-eabi/lib/armv7-m\libg_nano.a(lib_a-nano-mallocr.o)
                0x00001ba8                _malloc_r
 .text._realloc_r
                0x00001c64       0x4c c:/program files (x86)/cypress/psoc creator/4.2/psoc creator/import/gnu/arm/5.4.1/bin/../lib/gcc/arm-none-eabi/5.4.1/../../../../arm-none-eabi/lib/armv7-m\libg_nano.a(lib_a-nano-reallocr.o)
                0x00001c64                _realloc_r
 .text._sbrk_r  0x00001cb0       0x20 c:/program files (x86)/cypress/psoc creator/4.2/psoc creator/import/gnu/arm/5.4.1/bin/../lib/gcc/arm-none-eabi/5.4.1/../../../../arm-none-eabi/lib/armv7-m\libg_nano.a(lib_a-sbrkr.o)
                0x00001cb0                _sbrk_r
 .text.__malloc_lock
                0x00001cd0        0x2 c:/program files (x86)/cypress/psoc creator/4.2/psoc creator/import/gnu/arm/5.4.1/bin/../lib/gcc/arm-none-eabi/5.4.1/../../../../arm-none-eabi/lib/armv7-m\libg_nano.a(lib_a-mlock.o)
                0x00001cd0                __malloc_lock
 .text.__malloc_unlock
                0x00001cd2        0x2 c:/program files (x86)/cypress/psoc creator/4.2/psoc creator/import/gnu/arm/5.4.1/bin/../lib/gcc/arm-none-eabi/5.4.1/../../../../arm-none-eabi/lib/armv7-m\libg_nano.a(lib_a-mlock.o)
                0x00001cd2                __malloc_unlock
 .text._malloc_usable_size_r
                0x00001cd4       0x14 c:/program files (x86)/cypress/psoc creator/4.2/psoc creator/import/gnu/arm/5.4.1/bin/../lib/gcc/arm-none-eabi/5.4.1/../../../../arm-none-eabi/lib/armv7-m\libg_nano.a(lib_a-nano-msizer.o)
                0x00001cd4                _malloc_usable_size_r
 *(.plt)
 *(.gnu.warning)
 *(.glue_7t)
 .glue_7t       0x00001ce8        0x0 linker stubs
 *(.glue_7)
 .glue_7        0x00001ce8        0x0 linker stubs
 *(.vfp11_veneer)
 .vfp11_veneer  0x00001ce8        0x0 linker stubs
 *(.bootloader)
 *(.ARM.extab* .gnu.linkonce.armextab.*)
 *(.gcc_except_table)

.v4_bx          0x00001ce8        0x0
 .v4_bx         0x00001ce8        0x0 linker stubs

.iplt           0x00001ce8        0x0
 .iplt          0x00001ce8        0x0 c:/program files (x86)/cypress/psoc creator/4.2/psoc creator/import/gnu/arm/5.4.1/bin/../lib/gcc/arm-none-eabi/5.4.1/armv7-m/crtbegin.o

.eh_frame_hdr
 *(.eh_frame_hdr)

.eh_frame       0x00001ce8        0x4
 *(.eh_frame)
 .eh_frame      0x00001ce8        0x0 c:/program files (x86)/cypress/psoc creator/4.2/psoc creator/import/gnu/arm/5.4.1/bin/../lib/gcc/arm-none-eabi/5.4.1/armv7-m/crtbegin.o
 .eh_frame      0x00001ce8        0x4 c:/program files (x86)/cypress/psoc creator/4.2/psoc creator/import/gnu/arm/5.4.1/bin/../lib/gcc/arm-none-eabi/5.4.1/armv7-m/crtend.o
                [!provide]                PROVIDE (__exidx_start, .)

.ARM.exidx
 *(.ARM.exidx* .gnu.linkonce.armexidx.*)
                0x00001cec                __exidx_end = .

.rodata         0x00001cec       0xdc
 *(.rodata .rodata.* .gnu.linkonce.r.*)
 .rodata.str1.4
                0x00001cec        0x4 .\CortexM3\ARM_GCC_541\Debug\main.o
                                  0x3 (size before relaxing)
 .rodata        0x00001cf0       0x3c .\CortexM3\ARM_GCC_541\Debug\cyfitter_cfg.o
 .rodata        0x00001d2c       0x15 .\CortexM3\ARM_GCC_541\Debug\Design01.a(PGA_1.o)
 *fill*         0x00001d41        0x3 
 .rodata        0x00001d44       0x15 .\CortexM3\ARM_GCC_541\Debug\Design01.a(PGA_2.o)
 .rodata.str1.1
                0x00001d59        0x2 c:/program files (x86)/cypress/psoc creator/4.2/psoc creator/import/gnu/arm/5.4.1/bin/../lib/gcc/arm-none-eabi/5.4.1/../../../../arm-none-eabi/lib/armv7-m\libg_nano.a(lib_a-impure.o)
 .rodata.str1.1
                0x00001d5b       0x11 c:/program files (x86)/cypress/psoc creator/4.2/psoc creator/import/gnu/arm/5.4.1/bin/../lib/gcc/arm-none-eabi/5.4.1/../../../../arm-none-eabi/lib/armv7-m\libg_nano.a(lib_a-nano-svfprintf.o)
 .rodata.str1.1
                0x00001d6c       0x22 c:/program files (x86)/cypress/psoc creator/4.2/psoc creator/import/gnu/arm/5.4.1/bin/../lib/gcc/arm-none-eabi/5.4.1/../../../../arm-none-eabi/lib/armv7-m\libg_nano.a(lib_a-nano-vfprintf_i.o)
                0x00001d90                . = ALIGN (0x4)
 *fill*         0x00001d8e        0x2 
 *(.init)
 .init          0x00001d90        0x4 c:/program files (x86)/cypress/psoc creator/4.2/psoc creator/import/gnu/arm/5.4.1/bin/../lib/gcc/arm-none-eabi/5.4.1/armv7-m/crti.o
                0x00001d90                _init
 .init          0x00001d94        0x8 c:/program files (x86)/cypress/psoc creator/4.2/psoc creator/import/gnu/arm/5.4.1/bin/../lib/gcc/arm-none-eabi/5.4.1/armv7-m/crtn.o
                0x00001d9c                . = ALIGN (0x4)
                0x00001d9c                __preinit_array_start = .
 *(.preinit_array)
                0x00001d9c                __preinit_array_end = .
                0x00001d9c                . = ALIGN (0x4)
                0x00001d9c                __init_array_start = .
 *(SORT(.init_array.*))
 *(.init_array)
 .init_array    0x00001d9c        0x4 c:/program files (x86)/cypress/psoc creator/4.2/psoc creator/import/gnu/arm/5.4.1/bin/../lib/gcc/arm-none-eabi/5.4.1/armv7-m/crtbegin.o
 .init_array    0x00001da0        0x4 .\CortexM3\ARM_GCC_541\Debug\Cm3Start.o
                0x00001da4                __init_array_end = .
                0x00001da4                . = ALIGN (0x4)
 *(.fini)
 .fini          0x00001da4        0x4 c:/program files (x86)/cypress/psoc creator/4.2/psoc creator/import/gnu/arm/5.4.1/bin/../lib/gcc/arm-none-eabi/5.4.1/armv7-m/crti.o
                0x00001da4                _fini
 .fini          0x00001da8        0x8 c:/program files (x86)/cypress/psoc creator/4.2/psoc creator/import/gnu/arm/5.4.1/bin/../lib/gcc/arm-none-eabi/5.4.1/armv7-m/crtn.o
                0x00001db0                . = ALIGN (0x4)
                0x00001db0                __fini_array_start = .
 *(.fini_array)
 .fini_array    0x00001db0        0x4 c:/program files (x86)/cypress/psoc creator/4.2/psoc creator/import/gnu/arm/5.4.1/bin/../lib/gcc/arm-none-eabi/5.4.1/armv7-m/crtbegin.o
 *(SORT(.fini_array.*))
                0x00001db4                __fini_array_end = .
                0x00001db4                . = ALIGN (0x4)
 *crtbegin.o(.ctors)
 *(EXCLUDE_FILE(*crtend.o) .ctors)
 *(SORT(.ctors.*))
 *crtend.o(.ctors)
                0x00001db4                . = ALIGN (0x4)
 *crtbegin.o(.dtors)
 *(EXCLUDE_FILE(*crtend.o) .dtors)
 *(SORT(.dtors.*))
 *crtend.o(.dtors)
                0x00001db4                . = ALIGN (0x4)
                0x00001db4                __cy_regions = .
                0x00001db4        0x4 LONG 0x1dc8 __cy_region_init_ram
                0x00001db8        0x4 LONG 0x1fff80c8 __cy_region_start_data
                0x00001dbc        0x4 LONG 0x80 __cy_region_init_size_ram
                0x00001dc0        0x4 LONG 0x88 __cy_region_zero_size_ram
                0x00001dc4                __cy_regions_end = .
                0x00001dc8                . = ALIGN (0x8)
 *fill*         0x00001dc4        0x4 
                0x00001dc8                _etext = .

.cy_checksum_exclude
                0x00001dc8        0x0
 *(.cy_checksum_exclude)

.ramvectors     0x1fff8000       0xc0
                0x1fff8000                __cy_region_start_ram = .
 *(.ramvectors)
 .ramvectors    0x1fff8000       0xc0 .\CortexM3\ARM_GCC_541\Debug\Cm3Start.o
                0x1fff8000                CyRamVectors

.noinit         0x1fff80c0        0x1
 *(.noinit)
 .noinit        0x1fff80c0        0x1 .\CortexM3\ARM_GCC_541\Debug\Design01.a(CyLib.o)
                0x1fff80c0                CyResetStatus

.data           0x1fff80c8       0x80 load address 0x00001dc8
                0x1fff80c8                __cy_region_start_data = .
 *(.jcr)
 .jcr           0x1fff80c8        0x0 c:/program files (x86)/cypress/psoc creator/4.2/psoc creator/import/gnu/arm/5.4.1/bin/../lib/gcc/arm-none-eabi/5.4.1/armv7-m/crtbegin.o
 .jcr           0x1fff80c8        0x4 c:/program files (x86)/cypress/psoc creator/4.2/psoc creator/import/gnu/arm/5.4.1/bin/../lib/gcc/arm-none-eabi/5.4.1/armv7-m/crtend.o
 *(.got.plt)
 *(.got)
 *(.shdata)
 *(.data .data.* .gnu.linkonce.d.*)
 .data          0x1fff80cc        0x4 .\CortexM3\ARM_GCC_541\Debug\Cm3Start.o
 .data          0x1fff80d0       0x10 .\CortexM3\ARM_GCC_541\Debug\Design01.a(CyLib.o)
                0x1fff80d0                cydelay_32k_ms
                0x1fff80d4                cydelay_freq_khz
                0x1fff80d8                cydelay_freq_mhz
                0x1fff80dc                cydelay_freq_hz
 .data.impure_data
                0x1fff80e0       0x60 c:/program files (x86)/cypress/psoc creator/4.2/psoc creator/import/gnu/arm/5.4.1/bin/../lib/gcc/arm-none-eabi/5.4.1/../../../../arm-none-eabi/lib/armv7-m\libg_nano.a(lib_a-impure.o)
 .data._impure_ptr
                0x1fff8140        0x4 c:/program files (x86)/cypress/psoc creator/4.2/psoc creator/import/gnu/arm/5.4.1/bin/../lib/gcc/arm-none-eabi/5.4.1/../../../../arm-none-eabi/lib/armv7-m\libg_nano.a(lib_a-impure.o)
                0x1fff8140                _impure_ptr
                0x1fff8148                . = ALIGN (0x8)
 *fill*         0x1fff8144        0x4 
 *(.ram)
                0x1fff8148                _edata = .

.igot.plt       0x1fff8148        0x0 load address 0x00001e48
 .igot.plt      0x1fff8148        0x0 c:/program files (x86)/cypress/psoc creator/4.2/psoc creator/import/gnu/arm/5.4.1/bin/../lib/gcc/arm-none-eabi/5.4.1/armv7-m/crtbegin.o

.bss            0x1fff8148       0x88 load address 0x00001e48
                0x1fff8148                PROVIDE (__bss_start__, .)
 *(.shbss)
 *(.bss .bss.* .gnu.linkonce.b.*)
 .bss           0x1fff8148       0x1c c:/program files (x86)/cypress/psoc creator/4.2/psoc creator/import/gnu/arm/5.4.1/bin/../lib/gcc/arm-none-eabi/5.4.1/armv7-m/crtbegin.o
 .bss           0x1fff8164        0x1 .\CortexM3\ARM_GCC_541\Debug\Design01.a(PGA_1.o)
                0x1fff8164                PGA_1_initVar
 .bss           0x1fff8165        0x1 .\CortexM3\ARM_GCC_541\Debug\Design01.a(Threshold_1.o)
                0x1fff8165                Threshold_1_initVar
 .bss           0x1fff8166        0x1 .\CortexM3\ARM_GCC_541\Debug\Design01.a(Trigger_1.o)
                0x1fff8166                Trigger_1_initVar
 .bss           0x1fff8167        0x1 .\CortexM3\ARM_GCC_541\Debug\Design01.a(Comp_1.o)
                0x1fff8167                Comp_1_initVar
 .bss           0x1fff8168        0x1 .\CortexM3\ARM_GCC_541\Debug\Design01.a(Comp_2.o)
                0x1fff8168                Comp_2_initVar
 .bss           0x1fff8169        0x1 .\CortexM3\ARM_GCC_541\Debug\Design01.a(PWM_1.o)
                0x1fff8169                PWM_1_initVar
 .bss           0x1fff816a        0x1 .\CortexM3\ARM_GCC_541\Debug\Design01.a(VDAC_1.o)
                0x1fff816a                VDAC_1_initVar
 .bss           0x1fff816b        0x1 .\CortexM3\ARM_GCC_541\Debug\Design01.a(PGA_2.o)
                0x1fff816b                PGA_2_initVar
 .bss           0x1fff816c        0x1 .\CortexM3\ARM_GCC_541\Debug\Design01.a(Counter_1.o)
                0x1fff816c                Counter_1_initVar
 .bss           0x1fff816d        0x2 .\CortexM3\ARM_GCC_541\Debug\Design01.a(UART_1.o)
                0x1fff816d                UART_1_initVar
 .bss           0x1fff816f        0x1 .\CortexM3\ARM_GCC_541\Debug\Design01.a(ADC_1.o)
                0x1fff816f                ADC_1_initVar
 .bss           0x1fff8170        0x1 .\CortexM3\ARM_GCC_541\Debug\Design01.a(ADC_2.o)
                0x1fff8170                ADC_2_initVar
 *fill*         0x1fff8171        0x3 
 .bss.__malloc_sbrk_start
                0x1fff8174        0x4 c:/program files (x86)/cypress/psoc creator/4.2/psoc creator/import/gnu/arm/5.4.1/bin/../lib/gcc/arm-none-eabi/5.4.1/../../../../arm-none-eabi/lib/armv7-m\libg_nano.a(lib_a-nano-mallocr.o)
                0x1fff8174                __malloc_sbrk_start
 .bss.__malloc_free_list
                0x1fff8178        0x4 c:/program files (x86)/cypress/psoc creator/4.2/psoc creator/import/gnu/arm/5.4.1/bin/../lib/gcc/arm-none-eabi/5.4.1/../../../../arm-none-eabi/lib/armv7-m\libg_nano.a(lib_a-nano-mallocr.o)
                0x1fff8178                __malloc_free_list
 *(COMMON)
 COMMON         0x1fff817c       0x30 .\CortexM3\ARM_GCC_541\Debug\main.o
                0x1fff817c                result_Druck
                0x1fff817e                var_Druck
                0x1fff8180                i
                0x1fff8184                var_Temperatur
                0x1fff8188                buffer
                0x1fff81a6                result_Feuchte
                0x1fff81a8                var_Feuchte
                0x1fff81aa                result_Temperatur
 COMMON         0x1fff81ac        0x4 .\CortexM3\ARM_GCC_541\Debug\Design01.a(isr_1.o)
                0x1fff81ac                intr
 COMMON         0x1fff81b0        0xc .\CortexM3\ARM_GCC_541\Debug\Design01.a(ADC_1.o)
                0x1fff81b0                ADC_1_offset
                0x1fff81b2                ADC_1_shift
                0x1fff81b4                ADC_1_countsPerVolt
                0x1fff81b8                ADC_1_countsPer10Volt
 COMMON         0x1fff81bc        0xa .\CortexM3\ARM_GCC_541\Debug\Design01.a(ADC_2.o)
                0x1fff81bc                ADC_2_shift
                0x1fff81be                ADC_2_countsPerVolt
                0x1fff81c0                ADC_2_countsPer10Volt
                0x1fff81c4                ADC_2_offset
 *fill*         0x1fff81c6        0x2 
 COMMON         0x1fff81c8        0x4 c:/program files (x86)/cypress/psoc creator/4.2/psoc creator/import/gnu/arm/5.4.1/bin/../lib/gcc/arm-none-eabi/5.4.1/../../../../arm-none-eabi/lib/armv7-m\libg_nano.a(lib_a-reent.o)
                0x1fff81c8                errno
                0x1fff81d0                . = ALIGN (0x8)
 *fill*         0x1fff81cc        0x4 
 *(.ram.b)
                0x1fff81d0                _end = .
                0x1fff81d0                __end = .
                0x1fff81d0                PROVIDE (end, .)
                0x1fff81d0                PROVIDE (__bss_end__, .)
                0x00001dc8                __cy_region_init_ram = LOADADDR (.data)
                0x00000080                __cy_region_init_size_ram = (_edata - ADDR (.data))
                0x00000088                __cy_region_zero_size_ram = (_end - _edata)

.heap           0x1fff81d0       0x80 load address 0x00001e48
                0x1fff81d0                . = _end
                0x1fff8250                . = (. + 0x80)
 *fill*         0x1fff81d0       0x80 
                0x1fff8250                __cy_heap_limit = .

.stack          0x20007800      0x800
                0x20007800                __cy_stack_limit = .
                0x20008000                . = (. + 0x800)
 *fill*         0x20007800      0x800 
                0x00000001                ASSERT ((__cy_stack_limit >= __cy_heap_limit), region RAM overflowed with stack)
                0x00000000                cy_checksum_exclude_size = (CY_APPL_LOADABLE == 0x1)?SIZEOF (.cy_checksum_exclude):0x0
                0x00000001                ASSERT ((cy_checksum_exclude_size <= CY_CHECKSUM_EXCLUDE_SIZE), CY_BOOT: Section .cy_checksum_exclude size exceedes specified limit.)

.cyloadermeta
 *(.cyloadermeta)

.cyloadablemeta
 *(.cyloadablemeta)

.cyconfigecc    0x80000000      0x424
 *(.cyconfigecc)
 .cyconfigecc   0x80000000      0x424 .\CortexM3\ARM_GCC_541\Debug\cymetadata.o
                0x80000000                cy_meta_configecc

.cycustnvl      0x90000000        0x4
 *(.cycustnvl)
 .cycustnvl     0x90000000        0x4 .\CortexM3\ARM_GCC_541\Debug\cymetadata.o
                0x90000000                cy_meta_custnvl

.cywolatch      0x90100000        0x4
 *(.cywolatch)
 .cywolatch     0x90100000        0x4 .\CortexM3\ARM_GCC_541\Debug\cymetadata.o
                0x90100000                cy_meta_wonvl

.cyeeprom       0x90200000        0x0
 *(.cyeeprom)
                0x00000001                ASSERT ((. <= ((0x90200000 + ee_offset) + ee_size)), .cyeeprom data will not fit in EEPROM)

.cyflashprotect
                0x90400000      0x100
 *(.cyflashprotect)
 .cyflashprotect
                0x90400000      0x100 .\CortexM3\ARM_GCC_541\Debug\cymetadata.o
                0x90400000                cy_meta_flashprotect

.cymeta         0x90500000        0xc
 *(.cymeta)
 .cymeta        0x90500000        0xc .\CortexM3\ARM_GCC_541\Debug\cymetadata.o
                0x90500000                cy_metadata

.rel.dyn        0x00001e48        0x0 load address 0x9050000c
 .rel.iplt      0x00001e48        0x0 c:/program files (x86)/cypress/psoc creator/4.2/psoc creator/import/gnu/arm/5.4.1/bin/../lib/gcc/arm-none-eabi/5.4.1/armv7-m/crtbegin.o

.stab
 *(.stab)

.stabstr
 *(.stabstr)

.debug
 *(.debug)

.line
 *(.line)

.debug_srcinfo
 *(.debug_srcinfo)

.debug_sfnames
 *(.debug_sfnames)

.debug_aranges  0x00000000      0xde0
 *(.debug_aranges)
 .debug_aranges
                0x00000000       0x20 .\CortexM3\ARM_GCC_541\Debug\main.o
 .debug_aranges
                0x00000020       0x58 .\CortexM3\ARM_GCC_541\Debug\cyfitter_cfg.o
 .debug_aranges
                0x00000078       0x18 .\CortexM3\ARM_GCC_541\Debug\cymetadata.o
 .debug_aranges
                0x00000090       0x48 .\CortexM3\ARM_GCC_541\Debug\Cm3Start.o
 .debug_aranges
                0x000000d8       0x48 .\CortexM3\ARM_GCC_541\Debug\Design01.a(PGA_1.o)
 .debug_aranges
                0x00000120       0x58 .\CortexM3\ARM_GCC_541\Debug\Design01.a(Threshold_1.o)
 .debug_aranges
                0x00000178       0x58 .\CortexM3\ARM_GCC_541\Debug\Design01.a(Trigger_1.o)
 .debug_aranges
                0x000001d0       0x70 .\CortexM3\ARM_GCC_541\Debug\Design01.a(Comp_1.o)
 .debug_aranges
                0x00000240       0x70 .\CortexM3\ARM_GCC_541\Debug\Design01.a(Comp_2.o)
 .debug_aranges
                0x000002b0       0x70 .\CortexM3\ARM_GCC_541\Debug\Design01.a(Clock_1.o)
 .debug_aranges
                0x00000320       0xa8 .\CortexM3\ARM_GCC_541\Debug\Design01.a(PWM_1.o)
 .debug_aranges
                0x000003c8       0x70 .\CortexM3\ARM_GCC_541\Debug\Design01.a(Clock_2.o)
 .debug_aranges
                0x00000438       0x80 .\CortexM3\ARM_GCC_541\Debug\Design01.a(isr_1.o)
 .debug_aranges
                0x000004b8       0x58 .\CortexM3\ARM_GCC_541\Debug\Design01.a(VDAC_1.o)
 .debug_aranges
                0x00000510       0x48 .\CortexM3\ARM_GCC_541\Debug\Design01.a(PGA_2.o)
 .debug_aranges
                0x00000558       0x88 .\CortexM3\ARM_GCC_541\Debug\Design01.a(Counter_1.o)
 .debug_aranges
                0x000005e0       0xa0 .\CortexM3\ARM_GCC_541\Debug\Design01.a(UART_1.o)
 .debug_aranges
                0x00000680       0x70 .\CortexM3\ARM_GCC_541\Debug\Design01.a(UART_1_IntClock.o)
 .debug_aranges
                0x000006f0      0x2a0 .\CortexM3\ARM_GCC_541\Debug\Design01.a(CyLib.o)
 .debug_aranges
                0x00000990       0x98 .\CortexM3\ARM_GCC_541\Debug\Design01.a(cyPm.o)
 .debug_aranges
                0x00000a28       0xa8 .\CortexM3\ARM_GCC_541\Debug\Design01.a(ADC_1.o)
 .debug_aranges
                0x00000ad0       0x20 .\CortexM3\ARM_GCC_541\Debug\Design01.a(ADC_1_INT.o)
 .debug_aranges
                0x00000af0       0xa8 .\CortexM3\ARM_GCC_541\Debug\Design01.a(ADC_2.o)
 .debug_aranges
                0x00000b98       0x20 .\CortexM3\ARM_GCC_541\Debug\Design01.a(ADC_2_INT.o)
 .debug_aranges
                0x00000bb8       0x80 .\CortexM3\ARM_GCC_541\Debug\Design01.a(ADC_1_theACLK.o)
 .debug_aranges
                0x00000c38       0x80 .\CortexM3\ARM_GCC_541\Debug\Design01.a(ADC_2_theACLK.o)
 .debug_aranges
                0x00000cb8       0x20 .\CortexM3\ARM_GCC_541\Debug\Design01.a(CyBootAsmGnu.o)
 .debug_aranges
                0x00000cd8       0x88 .\CortexM3\ARM_GCC_541\Debug\Design01.a(CyFlash.o)
 .debug_aranges
                0x00000d60       0x80 .\CortexM3\ARM_GCC_541\Debug\Design01.a(CySpc.o)

.debug_pubnames
 *(.debug_pubnames)

.debug_info     0x00000000     0x6f0e
 *(.debug_info .gnu.linkonce.wi.*)
 .debug_info    0x00000000      0x49d .\CortexM3\ARM_GCC_541\Debug\main.o
 .debug_info    0x0000049d      0x550 .\CortexM3\ARM_GCC_541\Debug\cyfitter_cfg.o
 .debug_info    0x000009ed      0x135 .\CortexM3\ARM_GCC_541\Debug\cymetadata.o
 .debug_info    0x00000b22      0x3bb .\CortexM3\ARM_GCC_541\Debug\Cm3Start.o
 .debug_info    0x00000edd      0x1d3 .\CortexM3\ARM_GCC_541\Debug\Design01.a(PGA_1.o)
 .debug_info    0x000010b0      0x1df .\CortexM3\ARM_GCC_541\Debug\Design01.a(Threshold_1.o)
 .debug_info    0x0000128f      0x1df .\CortexM3\ARM_GCC_541\Debug\Design01.a(Trigger_1.o)
 .debug_info    0x0000146e      0x2c8 .\CortexM3\ARM_GCC_541\Debug\Design01.a(Comp_1.o)
 .debug_info    0x00001736      0x2c8 .\CortexM3\ARM_GCC_541\Debug\Design01.a(Comp_2.o)
 .debug_info    0x000019fe      0x283 .\CortexM3\ARM_GCC_541\Debug\Design01.a(Clock_1.o)
 .debug_info    0x00001c81      0x3a4 .\CortexM3\ARM_GCC_541\Debug\Design01.a(PWM_1.o)
 .debug_info    0x00002025      0x283 .\CortexM3\ARM_GCC_541\Debug\Design01.a(Clock_2.o)
 .debug_info    0x000022a8      0x2e8 .\CortexM3\ARM_GCC_541\Debug\Design01.a(isr_1.o)
 .debug_info    0x00002590      0x1df .\CortexM3\ARM_GCC_541\Debug\Design01.a(VDAC_1.o)
 .debug_info    0x0000276f      0x1d3 .\CortexM3\ARM_GCC_541\Debug\Design01.a(PGA_2.o)
 .debug_info    0x00002942      0x2f1 .\CortexM3\ARM_GCC_541\Debug\Design01.a(Counter_1.o)
 .debug_info    0x00002c33      0x45c .\CortexM3\ARM_GCC_541\Debug\Design01.a(UART_1.o)
 .debug_info    0x0000308f      0x283 .\CortexM3\ARM_GCC_541\Debug\Design01.a(UART_1_IntClock.o)
 .debug_info    0x00003312     0x1374 .\CortexM3\ARM_GCC_541\Debug\Design01.a(CyLib.o)
 .debug_info    0x00004686      0xa2a .\CortexM3\ARM_GCC_541\Debug\Design01.a(cyPm.o)
 .debug_info    0x000050b0      0x5d0 .\CortexM3\ARM_GCC_541\Debug\Design01.a(ADC_1.o)
 .debug_info    0x00005680       0x92 .\CortexM3\ARM_GCC_541\Debug\Design01.a(ADC_1_INT.o)
 .debug_info    0x00005712      0x5c0 .\CortexM3\ARM_GCC_541\Debug\Design01.a(ADC_2.o)
 .debug_info    0x00005cd2       0x92 .\CortexM3\ARM_GCC_541\Debug\Design01.a(ADC_2_INT.o)
 .debug_info    0x00005d64      0x2c4 .\CortexM3\ARM_GCC_541\Debug\Design01.a(ADC_1_theACLK.o)
 .debug_info    0x00006028      0x2c4 .\CortexM3\ARM_GCC_541\Debug\Design01.a(ADC_2_theACLK.o)
 .debug_info    0x000062ec       0x85 .\CortexM3\ARM_GCC_541\Debug\Design01.a(CyBootAsmGnu.o)
 .debug_info    0x00006371      0x64d .\CortexM3\ARM_GCC_541\Debug\Design01.a(CyFlash.o)
 .debug_info    0x000069be      0x550 .\CortexM3\ARM_GCC_541\Debug\Design01.a(CySpc.o)

.debug_abbrev   0x00000000     0x2353
 *(.debug_abbrev)
 .debug_abbrev  0x00000000      0x100 .\CortexM3\ARM_GCC_541\Debug\main.o
 .debug_abbrev  0x00000100      0x1fe .\CortexM3\ARM_GCC_541\Debug\cyfitter_cfg.o
 .debug_abbrev  0x000002fe       0x66 .\CortexM3\ARM_GCC_541\Debug\cymetadata.o
 .debug_abbrev  0x00000364      0x1e8 .\CortexM3\ARM_GCC_541\Debug\Cm3Start.o
 .debug_abbrev  0x0000054c       0xf6 .\CortexM3\ARM_GCC_541\Debug\Design01.a(PGA_1.o)
 .debug_abbrev  0x00000642       0xf7 .\CortexM3\ARM_GCC_541\Debug\Design01.a(Threshold_1.o)
 .debug_abbrev  0x00000739       0xf7 .\CortexM3\ARM_GCC_541\Debug\Design01.a(Trigger_1.o)
 .debug_abbrev  0x00000830      0x16e .\CortexM3\ARM_GCC_541\Debug\Design01.a(Comp_1.o)
 .debug_abbrev  0x0000099e      0x16e .\CortexM3\ARM_GCC_541\Debug\Design01.a(Comp_2.o)
 .debug_abbrev  0x00000b0c      0x139 .\CortexM3\ARM_GCC_541\Debug\Design01.a(Clock_1.o)
 .debug_abbrev  0x00000c45      0x133 .\CortexM3\ARM_GCC_541\Debug\Design01.a(PWM_1.o)
 .debug_abbrev  0x00000d78      0x139 .\CortexM3\ARM_GCC_541\Debug\Design01.a(Clock_2.o)
 .debug_abbrev  0x00000eb1      0x184 .\CortexM3\ARM_GCC_541\Debug\Design01.a(isr_1.o)
 .debug_abbrev  0x00001035       0xf7 .\CortexM3\ARM_GCC_541\Debug\Design01.a(VDAC_1.o)
 .debug_abbrev  0x0000112c       0xf6 .\CortexM3\ARM_GCC_541\Debug\Design01.a(PGA_2.o)
 .debug_abbrev  0x00001222      0x117 .\CortexM3\ARM_GCC_541\Debug\Design01.a(Counter_1.o)
 .debug_abbrev  0x00001339      0x175 .\CortexM3\ARM_GCC_541\Debug\Design01.a(UART_1.o)
 .debug_abbrev  0x000014ae      0x139 .\CortexM3\ARM_GCC_541\Debug\Design01.a(UART_1_IntClock.o)
 .debug_abbrev  0x000015e7      0x254 .\CortexM3\ARM_GCC_541\Debug\Design01.a(CyLib.o)
 .debug_abbrev  0x0000183b      0x1ab .\CortexM3\ARM_GCC_541\Debug\Design01.a(cyPm.o)
 .debug_abbrev  0x000019e6      0x1ac .\CortexM3\ARM_GCC_541\Debug\Design01.a(ADC_1.o)
 .debug_abbrev  0x00001b92       0x42 .\CortexM3\ARM_GCC_541\Debug\Design01.a(ADC_1_INT.o)
 .debug_abbrev  0x00001bd4      0x1ac .\CortexM3\ARM_GCC_541\Debug\Design01.a(ADC_2.o)
 .debug_abbrev  0x00001d80       0x42 .\CortexM3\ARM_GCC_541\Debug\Design01.a(ADC_2_INT.o)
 .debug_abbrev  0x00001dc2      0x121 .\CortexM3\ARM_GCC_541\Debug\Design01.a(ADC_1_theACLK.o)
 .debug_abbrev  0x00001ee3      0x121 .\CortexM3\ARM_GCC_541\Debug\Design01.a(ADC_2_theACLK.o)
 .debug_abbrev  0x00002004       0x14 .\CortexM3\ARM_GCC_541\Debug\Design01.a(CyBootAsmGnu.o)
 .debug_abbrev  0x00002018      0x1a7 .\CortexM3\ARM_GCC_541\Debug\Design01.a(CyFlash.o)
 .debug_abbrev  0x000021bf      0x194 .\CortexM3\ARM_GCC_541\Debug\Design01.a(CySpc.o)

.debug_line     0x00000000     0x3288
 *(.debug_line)
 .debug_line    0x00000000      0x2d4 .\CortexM3\ARM_GCC_541\Debug\main.o
 .debug_line    0x000002d4      0x221 .\CortexM3\ARM_GCC_541\Debug\cyfitter_cfg.o
 .debug_line    0x000004f5      0x141 .\CortexM3\ARM_GCC_541\Debug\cymetadata.o
 .debug_line    0x00000636      0x234 .\CortexM3\ARM_GCC_541\Debug\Cm3Start.o
 .debug_line    0x0000086a       0xcc .\CortexM3\ARM_GCC_541\Debug\Design01.a(PGA_1.o)
 .debug_line    0x00000936       0xe8 .\CortexM3\ARM_GCC_541\Debug\Design01.a(Threshold_1.o)
 .debug_line    0x00000a1e       0xe6 .\CortexM3\ARM_GCC_541\Debug\Design01.a(Trigger_1.o)
 .debug_line    0x00000b04      0x165 .\CortexM3\ARM_GCC_541\Debug\Design01.a(Comp_1.o)
 .debug_line    0x00000c69      0x165 .\CortexM3\ARM_GCC_541\Debug\Design01.a(Comp_2.o)
 .debug_line    0x00000dce      0x176 .\CortexM3\ARM_GCC_541\Debug\Design01.a(Clock_1.o)
 .debug_line    0x00000f44      0x1ac .\CortexM3\ARM_GCC_541\Debug\Design01.a(PWM_1.o)
 .debug_line    0x000010f0      0x176 .\CortexM3\ARM_GCC_541\Debug\Design01.a(Clock_2.o)
 .debug_line    0x00001266      0x133 .\CortexM3\ARM_GCC_541\Debug\Design01.a(isr_1.o)
 .debug_line    0x00001399       0xe3 .\CortexM3\ARM_GCC_541\Debug\Design01.a(VDAC_1.o)
 .debug_line    0x0000147c       0xcc .\CortexM3\ARM_GCC_541\Debug\Design01.a(PGA_2.o)
 .debug_line    0x00001548      0x15d .\CortexM3\ARM_GCC_541\Debug\Design01.a(Counter_1.o)
 .debug_line    0x000016a5      0x1f4 .\CortexM3\ARM_GCC_541\Debug\Design01.a(UART_1.o)
 .debug_line    0x00001899      0x17e .\CortexM3\ARM_GCC_541\Debug\Design01.a(UART_1_IntClock.o)
 .debug_line    0x00001a17      0x816 .\CortexM3\ARM_GCC_541\Debug\Design01.a(CyLib.o)
 .debug_line    0x0000222d      0x367 .\CortexM3\ARM_GCC_541\Debug\Design01.a(cyPm.o)
 .debug_line    0x00002594      0x21a .\CortexM3\ARM_GCC_541\Debug\Design01.a(ADC_1.o)
 .debug_line    0x000027ae       0x52 .\CortexM3\ARM_GCC_541\Debug\Design01.a(ADC_1_INT.o)
 .debug_line    0x00002800      0x218 .\CortexM3\ARM_GCC_541\Debug\Design01.a(ADC_2.o)
 .debug_line    0x00002a18       0x52 .\CortexM3\ARM_GCC_541\Debug\Design01.a(ADC_2_INT.o)
 .debug_line    0x00002a6a      0x19f .\CortexM3\ARM_GCC_541\Debug\Design01.a(ADC_1_theACLK.o)
 .debug_line    0x00002c09      0x19f .\CortexM3\ARM_GCC_541\Debug\Design01.a(ADC_2_theACLK.o)
 .debug_line    0x00002da8       0x66 .\CortexM3\ARM_GCC_541\Debug\Design01.a(CyBootAsmGnu.o)
 .debug_line    0x00002e0e      0x21a .\CortexM3\ARM_GCC_541\Debug\Design01.a(CyFlash.o)
 .debug_line    0x00003028      0x260 .\CortexM3\ARM_GCC_541\Debug\Design01.a(CySpc.o)

.debug_frame    0x00000000     0x2530
 *(.debug_frame)
 .debug_frame   0x00000000       0x2c .\CortexM3\ARM_GCC_541\Debug\main.o
 .debug_frame   0x0000002c       0xfc .\CortexM3\ARM_GCC_541\Debug\cyfitter_cfg.o
 .debug_frame   0x00000128       0xb8 .\CortexM3\ARM_GCC_541\Debug\Cm3Start.o
 .debug_frame   0x000001e0       0x9c .\CortexM3\ARM_GCC_541\Debug\Design01.a(PGA_1.o)
 .debug_frame   0x0000027c       0xb4 .\CortexM3\ARM_GCC_541\Debug\Design01.a(Threshold_1.o)
 .debug_frame   0x00000330       0xb4 .\CortexM3\ARM_GCC_541\Debug\Design01.a(Trigger_1.o)
 .debug_frame   0x000003e4      0x108 .\CortexM3\ARM_GCC_541\Debug\Design01.a(Comp_1.o)
 .debug_frame   0x000004ec      0x108 .\CortexM3\ARM_GCC_541\Debug\Design01.a(Comp_2.o)
 .debug_frame   0x000005f4       0xe0 .\CortexM3\ARM_GCC_541\Debug\Design01.a(Clock_1.o)
 .debug_frame   0x000006d4      0x154 .\CortexM3\ARM_GCC_541\Debug\Design01.a(PWM_1.o)
 .debug_frame   0x00000828       0xe0 .\CortexM3\ARM_GCC_541\Debug\Design01.a(Clock_2.o)
 .debug_frame   0x00000908      0x104 .\CortexM3\ARM_GCC_541\Debug\Design01.a(isr_1.o)
 .debug_frame   0x00000a0c       0xb4 .\CortexM3\ARM_GCC_541\Debug\Design01.a(VDAC_1.o)
 .debug_frame   0x00000ac0       0x9c .\CortexM3\ARM_GCC_541\Debug\Design01.a(PGA_2.o)
 .debug_frame   0x00000b5c      0x114 .\CortexM3\ARM_GCC_541\Debug\Design01.a(Counter_1.o)
 .debug_frame   0x00000c70      0x198 .\CortexM3\ARM_GCC_541\Debug\Design01.a(UART_1.o)
 .debug_frame   0x00000e08       0xe0 .\CortexM3\ARM_GCC_541\Debug\Design01.a(UART_1_IntClock.o)
 .debug_frame   0x00000ee8      0x738 .\CortexM3\ARM_GCC_541\Debug\Design01.a(CyLib.o)
 .debug_frame   0x00001620      0x1f8 .\CortexM3\ARM_GCC_541\Debug\Design01.a(cyPm.o)
 .debug_frame   0x00001818      0x1b0 .\CortexM3\ARM_GCC_541\Debug\Design01.a(ADC_1.o)
 .debug_frame   0x000019c8       0x20 .\CortexM3\ARM_GCC_541\Debug\Design01.a(ADC_1_INT.o)
 .debug_frame   0x000019e8      0x1b4 .\CortexM3\ARM_GCC_541\Debug\Design01.a(ADC_2.o)
 .debug_frame   0x00001b9c       0x20 .\CortexM3\ARM_GCC_541\Debug\Design01.a(ADC_2_INT.o)
 .debug_frame   0x00001bbc      0x100 .\CortexM3\ARM_GCC_541\Debug\Design01.a(ADC_1_theACLK.o)
 .debug_frame   0x00001cbc      0x100 .\CortexM3\ARM_GCC_541\Debug\Design01.a(ADC_2_theACLK.o)
 .debug_frame   0x00001dbc      0x194 .\CortexM3\ARM_GCC_541\Debug\Design01.a(CyFlash.o)
 .debug_frame   0x00001f50      0x180 .\CortexM3\ARM_GCC_541\Debug\Design01.a(CySpc.o)
 .debug_frame   0x000020d0       0x44 c:/program files (x86)/cypress/psoc creator/4.2/psoc creator/import/gnu/arm/5.4.1/bin/../lib/gcc/arm-none-eabi/5.4.1/armv7-m\libgcc.a(_aeabi_ldivmod.o)
 .debug_frame   0x00002114       0x38 c:/program files (x86)/cypress/psoc creator/4.2/psoc creator/import/gnu/arm/5.4.1/bin/../lib/gcc/arm-none-eabi/5.4.1/armv7-m\libgcc.a(_udivmoddi4.o)
 .debug_frame   0x0000214c       0x20 c:/program files (x86)/cypress/psoc creator/4.2/psoc creator/import/gnu/arm/5.4.1/bin/../lib/gcc/arm-none-eabi/5.4.1/../../../../arm-none-eabi/lib/armv7-m\libg_nano.a(lib_a-errno.o)
 .debug_frame   0x0000216c       0x28 c:/program files (x86)/cypress/psoc creator/4.2/psoc creator/import/gnu/arm/5.4.1/bin/../lib/gcc/arm-none-eabi/5.4.1/../../../../arm-none-eabi/lib/armv7-m\libg_nano.a(lib_a-exit.o)
 .debug_frame   0x00002194       0x2c c:/program files (x86)/cypress/psoc creator/4.2/psoc creator/import/gnu/arm/5.4.1/bin/../lib/gcc/arm-none-eabi/5.4.1/../../../../arm-none-eabi/lib/armv7-m\libg_nano.a(lib_a-init.o)
 .debug_frame   0x000021c0       0x28 c:/program files (x86)/cypress/psoc creator/4.2/psoc creator/import/gnu/arm/5.4.1/bin/../lib/gcc/arm-none-eabi/5.4.1/../../../../arm-none-eabi/lib/armv7-m\libg_nano.a(lib_a-memcpy-stub.o)
 .debug_frame   0x000021e8       0x20 c:/program files (x86)/cypress/psoc creator/4.2/psoc creator/import/gnu/arm/5.4.1/bin/../lib/gcc/arm-none-eabi/5.4.1/../../../../arm-none-eabi/lib/armv7-m\libg_nano.a(lib_a-memset.o)
 .debug_frame   0x00002208       0x70 c:/program files (x86)/cypress/psoc creator/4.2/psoc creator/import/gnu/arm/5.4.1/bin/../lib/gcc/arm-none-eabi/5.4.1/../../../../arm-none-eabi/lib/armv7-m\libg_nano.a(lib_a-sprintf.o)
 .debug_frame   0x00002278       0x90 c:/program files (x86)/cypress/psoc creator/4.2/psoc creator/import/gnu/arm/5.4.1/bin/../lib/gcc/arm-none-eabi/5.4.1/../../../../arm-none-eabi/lib/armv7-m\libg_nano.a(lib_a-nano-svfprintf.o)
 .debug_frame   0x00002308       0x60 c:/program files (x86)/cypress/psoc creator/4.2/psoc creator/import/gnu/arm/5.4.1/bin/../lib/gcc/arm-none-eabi/5.4.1/../../../../arm-none-eabi/lib/armv7-m\libg_nano.a(lib_a-nano-vfprintf_i.o)
 .debug_frame   0x00002368       0x28 c:/program files (x86)/cypress/psoc creator/4.2/psoc creator/import/gnu/arm/5.4.1/bin/../lib/gcc/arm-none-eabi/5.4.1/../../../../arm-none-eabi/lib/armv7-m\libg_nano.a(lib_a-memchr-stub.o)
 .debug_frame   0x00002390       0x28 c:/program files (x86)/cypress/psoc creator/4.2/psoc creator/import/gnu/arm/5.4.1/bin/../lib/gcc/arm-none-eabi/5.4.1/../../../../arm-none-eabi/lib/armv7-m\libg_nano.a(lib_a-memmove.o)
 .debug_frame   0x000023b8       0x38 c:/program files (x86)/cypress/psoc creator/4.2/psoc creator/import/gnu/arm/5.4.1/bin/../lib/gcc/arm-none-eabi/5.4.1/../../../../arm-none-eabi/lib/armv7-m\libg_nano.a(lib_a-nano-freer.o)
 .debug_frame   0x000023f0       0x2c c:/program files (x86)/cypress/psoc creator/4.2/psoc creator/import/gnu/arm/5.4.1/bin/../lib/gcc/arm-none-eabi/5.4.1/../../../../arm-none-eabi/lib/armv7-m\libg_nano.a(lib_a-nano-mallocr.o)
 .debug_frame   0x0000241c       0x3c c:/program files (x86)/cypress/psoc creator/4.2/psoc creator/import/gnu/arm/5.4.1/bin/../lib/gcc/arm-none-eabi/5.4.1/../../../../arm-none-eabi/lib/armv7-m\libg_nano.a(lib_a-nano-reallocr.o)
 .debug_frame   0x00002458       0x2c c:/program files (x86)/cypress/psoc creator/4.2/psoc creator/import/gnu/arm/5.4.1/bin/../lib/gcc/arm-none-eabi/5.4.1/../../../../arm-none-eabi/lib/armv7-m\libg_nano.a(lib_a-sbrkr.o)
 .debug_frame   0x00002484       0x30 c:/program files (x86)/cypress/psoc creator/4.2/psoc creator/import/gnu/arm/5.4.1/bin/../lib/gcc/arm-none-eabi/5.4.1/../../../../arm-none-eabi/lib/armv7-m\libg_nano.a(lib_a-mlock.o)
 .debug_frame   0x000024b4       0x20 c:/program files (x86)/cypress/psoc creator/4.2/psoc creator/import/gnu/arm/5.4.1/bin/../lib/gcc/arm-none-eabi/5.4.1/../../../../arm-none-eabi/lib/armv7-m\libg_nano.a(lib_a-nano-msizer.o)
 .debug_frame   0x000024d4       0x5c c:/program files (x86)/cypress/psoc creator/4.2/psoc creator/import/gnu/arm/5.4.1/bin/../lib/gcc/arm-none-eabi/5.4.1/../../../../arm-none-eabi/lib/armv7-m\libg_nano.a(lib_a-reent.o)

.debug_str      0x00000000     0x29c3
 *(.debug_str)
 .debug_str     0x00000000      0x37e .\CortexM3\ARM_GCC_541\Debug\main.o
                                0x3c6 (size before relaxing)
 .debug_str     0x0000037e      0x183 .\CortexM3\ARM_GCC_541\Debug\cyfitter_cfg.o
                                0x30e (size before relaxing)
 .debug_str     0x00000501       0x7f .\CortexM3\ARM_GCC_541\Debug\cymetadata.o
                                0x1d9 (size before relaxing)
 .debug_str     0x00000580      0x144 .\CortexM3\ARM_GCC_541\Debug\Cm3Start.o
                                0x2ff (size before relaxing)
 .debug_str     0x000006c4       0x9d .\CortexM3\ARM_GCC_541\Debug\Design01.a(PGA_1.o)
                                0x224 (size before relaxing)
 .debug_str     0x00000761       0xd2 .\CortexM3\ARM_GCC_541\Debug\Design01.a(Threshold_1.o)
                                0x250 (size before relaxing)
 .debug_str     0x00000833       0xaf .\CortexM3\ARM_GCC_541\Debug\Design01.a(Trigger_1.o)
                                0x23c (size before relaxing)
 .debug_str     0x000008e2      0x121 .\CortexM3\ARM_GCC_541\Debug\Design01.a(Comp_1.o)
                                0x2cd (size before relaxing)
 .debug_str     0x00000a03       0xe1 .\CortexM3\ARM_GCC_541\Debug\Design01.a(Comp_2.o)
                                0x2cd (size before relaxing)
 .debug_str     0x00000ae4      0x15a .\CortexM3\ARM_GCC_541\Debug\Design01.a(Clock_1.o)
                                0x2e3 (size before relaxing)
 .debug_str     0x00000c3e      0x1cf .\CortexM3\ARM_GCC_541\Debug\Design01.a(PWM_1.o)
                                0x37c (size before relaxing)
 .debug_str     0x00000e0d      0x109 .\CortexM3\ARM_GCC_541\Debug\Design01.a(Clock_2.o)
                                0x2e3 (size before relaxing)
 .debug_str     0x00000f16       0xf2 .\CortexM3\ARM_GCC_541\Debug\Design01.a(isr_1.o)
                                0x2a0 (size before relaxing)
 .debug_str     0x00001008       0x94 .\CortexM3\ARM_GCC_541\Debug\Design01.a(VDAC_1.o)
                                0x21e (size before relaxing)
 .debug_str     0x0000109c       0x8c .\CortexM3\ARM_GCC_541\Debug\Design01.a(PGA_2.o)
                                0x224 (size before relaxing)
 .debug_str     0x00001128      0x128 .\CortexM3\ARM_GCC_541\Debug\Design01.a(Counter_1.o)
                                0x34f (size before relaxing)
 .debug_str     0x00001250      0x1e3 .\CortexM3\ARM_GCC_541\Debug\Design01.a(UART_1.o)
                                0x3bd (size before relaxing)
 .debug_str     0x00001433      0x14c .\CortexM3\ARM_GCC_541\Debug\Design01.a(UART_1_IntClock.o)
                                0x343 (size before relaxing)
 .debug_str     0x0000157f      0x7e3 .\CortexM3\ARM_GCC_541\Debug\Design01.a(CyLib.o)
                                0xa3c (size before relaxing)
 .debug_str     0x00001d62      0x365 .\CortexM3\ARM_GCC_541\Debug\Design01.a(cyPm.o)
                                0x728 (size before relaxing)
 .debug_str     0x000020c7      0x1c2 .\CortexM3\ARM_GCC_541\Debug\Design01.a(ADC_1.o)
                                0x458 (size before relaxing)
 .debug_str     0x00002289       0x2d .\CortexM3\ARM_GCC_541\Debug\Design01.a(ADC_1_INT.o)
                                0x188 (size before relaxing)
 .debug_str     0x000022b6      0x179 .\CortexM3\ARM_GCC_541\Debug\Design01.a(ADC_2.o)
                                0x44e (size before relaxing)
 .debug_str     0x0000242f       0x2d .\CortexM3\ARM_GCC_541\Debug\Design01.a(ADC_2_INT.o)
                                0x188 (size before relaxing)
 .debug_str     0x0000245c      0x188 .\CortexM3\ARM_GCC_541\Debug\Design01.a(ADC_1_theACLK.o)
                                0x372 (size before relaxing)
 .debug_str     0x000025e4      0x17f .\CortexM3\ARM_GCC_541\Debug\Design01.a(ADC_2_theACLK.o)
                                0x372 (size before relaxing)
 .debug_str     0x00002763      0x1b4 .\CortexM3\ARM_GCC_541\Debug\Design01.a(CyFlash.o)
                                0x3b5 (size before relaxing)
 .debug_str     0x00002917       0xac .\CortexM3\ARM_GCC_541\Debug\Design01.a(CySpc.o)
                                0x32d (size before relaxing)

.debug_loc      0x00000000     0x2bf9
 *(.debug_loc)
 .debug_loc     0x00000000      0x216 .\CortexM3\ARM_GCC_541\Debug\cyfitter_cfg.o
 .debug_loc     0x00000216      0x144 .\CortexM3\ARM_GCC_541\Debug\Cm3Start.o
 .debug_loc     0x0000035a       0x60 .\CortexM3\ARM_GCC_541\Debug\Design01.a(PGA_1.o)
 .debug_loc     0x000003ba       0x79 .\CortexM3\ARM_GCC_541\Debug\Design01.a(Threshold_1.o)
 .debug_loc     0x00000433       0x79 .\CortexM3\ARM_GCC_541\Debug\Design01.a(Trigger_1.o)
 .debug_loc     0x000004ac       0xed .\CortexM3\ARM_GCC_541\Debug\Design01.a(Comp_1.o)
 .debug_loc     0x00000599       0xed .\CortexM3\ARM_GCC_541\Debug\Design01.a(Comp_2.o)
 .debug_loc     0x00000686      0x12c .\CortexM3\ARM_GCC_541\Debug\Design01.a(Clock_1.o)
 .debug_loc     0x000007b2       0x26 .\CortexM3\ARM_GCC_541\Debug\Design01.a(PWM_1.o)
 .debug_loc     0x000007d8      0x128 .\CortexM3\ARM_GCC_541\Debug\Design01.a(Clock_2.o)
 .debug_loc     0x00000900       0x56 .\CortexM3\ARM_GCC_541\Debug\Design01.a(isr_1.o)
 .debug_loc     0x00000956       0x79 .\CortexM3\ARM_GCC_541\Debug\Design01.a(VDAC_1.o)
 .debug_loc     0x000009cf       0x60 .\CortexM3\ARM_GCC_541\Debug\Design01.a(PGA_2.o)
 .debug_loc     0x00000a2f       0x13 .\CortexM3\ARM_GCC_541\Debug\Design01.a(Counter_1.o)
 .debug_loc     0x00000a42      0x1f7 .\CortexM3\ARM_GCC_541\Debug\Design01.a(UART_1.o)
 .debug_loc     0x00000c39      0x128 .\CortexM3\ARM_GCC_541\Debug\Design01.a(UART_1_IntClock.o)
 .debug_loc     0x00000d61      0xa11 .\CortexM3\ARM_GCC_541\Debug\Design01.a(CyLib.o)
 .debug_loc     0x00001772      0x1e4 .\CortexM3\ARM_GCC_541\Debug\Design01.a(cyPm.o)
 .debug_loc     0x00001956      0x2c1 .\CortexM3\ARM_GCC_541\Debug\Design01.a(ADC_1.o)
 .debug_loc     0x00001c17      0x295 .\CortexM3\ARM_GCC_541\Debug\Design01.a(ADC_2.o)
 .debug_loc     0x00001eac      0x149 .\CortexM3\ARM_GCC_541\Debug\Design01.a(ADC_1_theACLK.o)
 .debug_loc     0x00001ff5      0x14d .\CortexM3\ARM_GCC_541\Debug\Design01.a(ADC_2_theACLK.o)
 .debug_loc     0x00002142      0x3b2 .\CortexM3\ARM_GCC_541\Debug\Design01.a(CyFlash.o)
 .debug_loc     0x000024f4      0x705 .\CortexM3\ARM_GCC_541\Debug\Design01.a(CySpc.o)

.debug_macinfo
 *(.debug_macinfo)

.debug_ranges   0x00000000      0xbf8
 *(.debug_ranges)
 .debug_ranges  0x00000000       0x10 .\CortexM3\ARM_GCC_541\Debug\main.o
 .debug_ranges  0x00000010       0x48 .\CortexM3\ARM_GCC_541\Debug\cyfitter_cfg.o
 .debug_ranges  0x00000058       0x38 .\CortexM3\ARM_GCC_541\Debug\Cm3Start.o
 .debug_ranges  0x00000090       0x38 .\CortexM3\ARM_GCC_541\Debug\Design01.a(PGA_1.o)
 .debug_ranges  0x000000c8       0x48 .\CortexM3\ARM_GCC_541\Debug\Design01.a(Threshold_1.o)
 .debug_ranges  0x00000110       0x48 .\CortexM3\ARM_GCC_541\Debug\Design01.a(Trigger_1.o)
 .debug_ranges  0x00000158       0x60 .\CortexM3\ARM_GCC_541\Debug\Design01.a(Comp_1.o)
 .debug_ranges  0x000001b8       0x60 .\CortexM3\ARM_GCC_541\Debug\Design01.a(Comp_2.o)
 .debug_ranges  0x00000218       0x60 .\CortexM3\ARM_GCC_541\Debug\Design01.a(Clock_1.o)
 .debug_ranges  0x00000278       0x98 .\CortexM3\ARM_GCC_541\Debug\Design01.a(PWM_1.o)
 .debug_ranges  0x00000310       0x60 .\CortexM3\ARM_GCC_541\Debug\Design01.a(Clock_2.o)
 .debug_ranges  0x00000370       0x70 .\CortexM3\ARM_GCC_541\Debug\Design01.a(isr_1.o)
 .debug_ranges  0x000003e0       0x48 .\CortexM3\ARM_GCC_541\Debug\Design01.a(VDAC_1.o)
 .debug_ranges  0x00000428       0x38 .\CortexM3\ARM_GCC_541\Debug\Design01.a(PGA_2.o)
 .debug_ranges  0x00000460       0x78 .\CortexM3\ARM_GCC_541\Debug\Design01.a(Counter_1.o)
 .debug_ranges  0x000004d8       0x90 .\CortexM3\ARM_GCC_541\Debug\Design01.a(UART_1.o)
 .debug_ranges  0x00000568       0x60 .\CortexM3\ARM_GCC_541\Debug\Design01.a(UART_1_IntClock.o)
 .debug_ranges  0x000005c8      0x290 .\CortexM3\ARM_GCC_541\Debug\Design01.a(CyLib.o)
 .debug_ranges  0x00000858       0x88 .\CortexM3\ARM_GCC_541\Debug\Design01.a(cyPm.o)
 .debug_ranges  0x000008e0       0x98 .\CortexM3\ARM_GCC_541\Debug\Design01.a(ADC_1.o)
 .debug_ranges  0x00000978       0x10 .\CortexM3\ARM_GCC_541\Debug\Design01.a(ADC_1_INT.o)
 .debug_ranges  0x00000988       0x98 .\CortexM3\ARM_GCC_541\Debug\Design01.a(ADC_2.o)
 .debug_ranges  0x00000a20       0x10 .\CortexM3\ARM_GCC_541\Debug\Design01.a(ADC_2_INT.o)
 .debug_ranges  0x00000a30       0x70 .\CortexM3\ARM_GCC_541\Debug\Design01.a(ADC_1_theACLK.o)
 .debug_ranges  0x00000aa0       0x70 .\CortexM3\ARM_GCC_541\Debug\Design01.a(ADC_2_theACLK.o)
 .debug_ranges  0x00000b10       0x78 .\CortexM3\ARM_GCC_541\Debug\Design01.a(CyFlash.o)
 .debug_ranges  0x00000b88       0x70 .\CortexM3\ARM_GCC_541\Debug\Design01.a(CySpc.o)

.comment        0x00000000       0x6e
 .comment       0x00000000       0x6e .\CortexM3\ARM_GCC_541\Debug\main.o
                                 0x6f (size before relaxing)
 .comment       0x0000006e       0x6f .\CortexM3\ARM_GCC_541\Debug\cyfitter_cfg.o
 .comment       0x0000006e       0x6f .\CortexM3\ARM_GCC_541\Debug\cymetadata.o
 .comment       0x0000006e       0x6f .\CortexM3\ARM_GCC_541\Debug\Cm3Start.o
 .comment       0x0000006e       0x6f .\CortexM3\ARM_GCC_541\Debug\Design01.a(PGA_1.o)
 .comment       0x0000006e       0x6f .\CortexM3\ARM_GCC_541\Debug\Design01.a(Threshold_1.o)
 .comment       0x0000006e       0x6f .\CortexM3\ARM_GCC_541\Debug\Design01.a(Trigger_1.o)
 .comment       0x0000006e       0x6f .\CortexM3\ARM_GCC_541\Debug\Design01.a(Comp_1.o)
 .comment       0x0000006e       0x6f .\CortexM3\ARM_GCC_541\Debug\Design01.a(Comp_2.o)
 .comment       0x0000006e       0x6f .\CortexM3\ARM_GCC_541\Debug\Design01.a(Clock_1.o)
 .comment       0x0000006e       0x6f .\CortexM3\ARM_GCC_541\Debug\Design01.a(PWM_1.o)
 .comment       0x0000006e       0x6f .\CortexM3\ARM_GCC_541\Debug\Design01.a(Clock_2.o)
 .comment       0x0000006e       0x6f .\CortexM3\ARM_GCC_541\Debug\Design01.a(isr_1.o)
 .comment       0x0000006e       0x6f .\CortexM3\ARM_GCC_541\Debug\Design01.a(VDAC_1.o)
 .comment       0x0000006e       0x6f .\CortexM3\ARM_GCC_541\Debug\Design01.a(PGA_2.o)
 .comment       0x0000006e       0x6f .\CortexM3\ARM_GCC_541\Debug\Design01.a(Counter_1.o)
 .comment       0x0000006e       0x6f .\CortexM3\ARM_GCC_541\Debug\Design01.a(UART_1.o)
 .comment       0x0000006e       0x6f .\CortexM3\ARM_GCC_541\Debug\Design01.a(UART_1_IntClock.o)
 .comment       0x0000006e       0x6f .\CortexM3\ARM_GCC_541\Debug\Design01.a(CyLib.o)
 .comment       0x0000006e       0x6f .\CortexM3\ARM_GCC_541\Debug\Design01.a(cyPm.o)
 .comment       0x0000006e       0x6f .\CortexM3\ARM_GCC_541\Debug\Design01.a(ADC_1.o)
 .comment       0x0000006e       0x6f .\CortexM3\ARM_GCC_541\Debug\Design01.a(ADC_1_INT.o)
 .comment       0x0000006e       0x6f .\CortexM3\ARM_GCC_541\Debug\Design01.a(ADC_2.o)
 .comment       0x0000006e       0x6f .\CortexM3\ARM_GCC_541\Debug\Design01.a(ADC_2_INT.o)
 .comment       0x0000006e       0x6f .\CortexM3\ARM_GCC_541\Debug\Design01.a(ADC_1_theACLK.o)
 .comment       0x0000006e       0x6f .\CortexM3\ARM_GCC_541\Debug\Design01.a(ADC_2_theACLK.o)
 .comment       0x0000006e       0x6f .\CortexM3\ARM_GCC_541\Debug\Design01.a(CyFlash.o)
 .comment       0x0000006e       0x6f .\CortexM3\ARM_GCC_541\Debug\Design01.a(CySpc.o)

.debug_weaknames
 *(.debug_weaknames)

.debug_funcnames
 *(.debug_funcnames)

.debug_typenames
 *(.debug_typenames)

.debug_varnames
 *(.debug_varnames)

.note.gnu.arm.ident
 *(.note.gnu.arm.ident)

.ARM.attributes
                0x00000000       0x29
 *(.ARM.attributes)
 .ARM.attributes
                0x00000000       0x1d c:/program files (x86)/cypress/psoc creator/4.2/psoc creator/import/gnu/arm/5.4.1/bin/../lib/gcc/arm-none-eabi/5.4.1/armv7-m/crti.o
 .ARM.attributes
                0x0000001d       0x2d c:/program files (x86)/cypress/psoc creator/4.2/psoc creator/import/gnu/arm/5.4.1/bin/../lib/gcc/arm-none-eabi/5.4.1/armv7-m/crtbegin.o
 .ARM.attributes
                0x0000004a       0x1b c:/program files (x86)/cypress/psoc creator/4.2/psoc creator/import/gnu/arm/5.4.1/bin/../lib/gcc/arm-none-eabi/5.4.1/../../../../arm-none-eabi/lib/armv7-m/crt0.o
 .ARM.attributes
                0x00000065       0x33 .\CortexM3\ARM_GCC_541\Debug\main.o
 .ARM.attributes
                0x00000098       0x33 .\CortexM3\ARM_GCC_541\Debug\cyfitter_cfg.o
 .ARM.attributes
                0x000000cb       0x33 .\CortexM3\ARM_GCC_541\Debug\cymetadata.o
 .ARM.attributes
                0x000000fe       0x33 .\CortexM3\ARM_GCC_541\Debug\Cm3Start.o
 .ARM.attributes
                0x00000131       0x33 .\CortexM3\ARM_GCC_541\Debug\Design01.a(PGA_1.o)
 .ARM.attributes
                0x00000164       0x33 .\CortexM3\ARM_GCC_541\Debug\Design01.a(Threshold_1.o)
 .ARM.attributes
                0x00000197       0x33 .\CortexM3\ARM_GCC_541\Debug\Design01.a(Trigger_1.o)
 .ARM.attributes
                0x000001ca       0x33 .\CortexM3\ARM_GCC_541\Debug\Design01.a(Comp_1.o)
 .ARM.attributes
                0x000001fd       0x33 .\CortexM3\ARM_GCC_541\Debug\Design01.a(Comp_2.o)
 .ARM.attributes
                0x00000230       0x33 .\CortexM3\ARM_GCC_541\Debug\Design01.a(Clock_1.o)
 .ARM.attributes
                0x00000263       0x33 .\CortexM3\ARM_GCC_541\Debug\Design01.a(PWM_1.o)
 .ARM.attributes
                0x00000296       0x33 .\CortexM3\ARM_GCC_541\Debug\Design01.a(Clock_2.o)
 .ARM.attributes
                0x000002c9       0x33 .\CortexM3\ARM_GCC_541\Debug\Design01.a(isr_1.o)
 .ARM.attributes
                0x000002fc       0x33 .\CortexM3\ARM_GCC_541\Debug\Design01.a(VDAC_1.o)
 .ARM.attributes
                0x0000032f       0x33 .\CortexM3\ARM_GCC_541\Debug\Design01.a(PGA_2.o)
 .ARM.attributes
                0x00000362       0x33 .\CortexM3\ARM_GCC_541\Debug\Design01.a(Counter_1.o)
 .ARM.attributes
                0x00000395       0x33 .\CortexM3\ARM_GCC_541\Debug\Design01.a(UART_1.o)
 .ARM.attributes
                0x000003c8       0x33 .\CortexM3\ARM_GCC_541\Debug\Design01.a(UART_1_IntClock.o)
 .ARM.attributes
                0x000003fb       0x33 .\CortexM3\ARM_GCC_541\Debug\Design01.a(CyLib.o)
 .ARM.attributes
                0x0000042e       0x33 .\CortexM3\ARM_GCC_541\Debug\Design01.a(cyPm.o)
 .ARM.attributes
                0x00000461       0x33 .\CortexM3\ARM_GCC_541\Debug\Design01.a(ADC_1.o)
 .ARM.attributes
                0x00000494       0x33 .\CortexM3\ARM_GCC_541\Debug\Design01.a(ADC_1_INT.o)
 .ARM.attributes
                0x000004c7       0x33 .\CortexM3\ARM_GCC_541\Debug\Design01.a(ADC_2.o)
 .ARM.attributes
                0x000004fa       0x33 .\CortexM3\ARM_GCC_541\Debug\Design01.a(ADC_2_INT.o)
 .ARM.attributes
                0x0000052d       0x33 .\CortexM3\ARM_GCC_541\Debug\Design01.a(ADC_1_theACLK.o)
 .ARM.attributes
                0x00000560       0x33 .\CortexM3\ARM_GCC_541\Debug\Design01.a(ADC_2_theACLK.o)
 .ARM.attributes
                0x00000593       0x21 .\CortexM3\ARM_GCC_541\Debug\Design01.a(CyBootAsmGnu.o)
 .ARM.attributes
                0x000005b4       0x33 .\CortexM3\ARM_GCC_541\Debug\Design01.a(CyFlash.o)
 .ARM.attributes
                0x000005e7       0x33 .\CortexM3\ARM_GCC_541\Debug\Design01.a(CySpc.o)
 .ARM.attributes
                0x0000061a       0x1d c:/program files (x86)/cypress/psoc creator/4.2/psoc creator/import/gnu/arm/5.4.1/bin/../lib/gcc/arm-none-eabi/5.4.1/armv7-m\libgcc.a(_arm_addsubsf3.o)
 .ARM.attributes
                0x00000637       0x1d c:/program files (x86)/cypress/psoc creator/4.2/psoc creator/import/gnu/arm/5.4.1/bin/../lib/gcc/arm-none-eabi/5.4.1/armv7-m\libgcc.a(_arm_muldivsf3.o)
 .ARM.attributes
                0x00000654       0x1d c:/program files (x86)/cypress/psoc creator/4.2/psoc creator/import/gnu/arm/5.4.1/bin/../lib/gcc/arm-none-eabi/5.4.1/armv7-m\libgcc.a(_aeabi_ldivmod.o)
 .ARM.attributes
                0x00000671       0x2d c:/program files (x86)/cypress/psoc creator/4.2/psoc creator/import/gnu/arm/5.4.1/bin/../lib/gcc/arm-none-eabi/5.4.1/armv7-m\libgcc.a(_udivmoddi4.o)
 .ARM.attributes
                0x0000069e       0x1d c:/program files (x86)/cypress/psoc creator/4.2/psoc creator/import/gnu/arm/5.4.1/bin/../lib/gcc/arm-none-eabi/5.4.1/armv7-m\libgcc.a(_dvmd_tls.o)
 .ARM.attributes
                0x000006bb       0x2d c:/program files (x86)/cypress/psoc creator/4.2/psoc creator/import/gnu/arm/5.4.1/bin/../lib/gcc/arm-none-eabi/5.4.1/../../../../arm-none-eabi/lib/armv7-m\libg_nano.a(lib_a-errno.o)
 .ARM.attributes
                0x000006e8       0x2d c:/program files (x86)/cypress/psoc creator/4.2/psoc creator/import/gnu/arm/5.4.1/bin/../lib/gcc/arm-none-eabi/5.4.1/../../../../arm-none-eabi/lib/armv7-m\libg_nano.a(lib_a-exit.o)
 .ARM.attributes
                0x00000715       0x2d c:/program files (x86)/cypress/psoc creator/4.2/psoc creator/import/gnu/arm/5.4.1/bin/../lib/gcc/arm-none-eabi/5.4.1/../../../../arm-none-eabi/lib/armv7-m\libg_nano.a(lib_a-impure.o)
 .ARM.attributes
                0x00000742       0x2d c:/program files (x86)/cypress/psoc creator/4.2/psoc creator/import/gnu/arm/5.4.1/bin/../lib/gcc/arm-none-eabi/5.4.1/../../../../arm-none-eabi/lib/armv7-m\libg_nano.a(lib_a-init.o)
 .ARM.attributes
                0x0000076f       0x2d c:/program files (x86)/cypress/psoc creator/4.2/psoc creator/import/gnu/arm/5.4.1/bin/../lib/gcc/arm-none-eabi/5.4.1/../../../../arm-none-eabi/lib/armv7-m\libg_nano.a(lib_a-memcpy-stub.o)
 .ARM.attributes
                0x0000079c       0x2d c:/program files (x86)/cypress/psoc creator/4.2/psoc creator/import/gnu/arm/5.4.1/bin/../lib/gcc/arm-none-eabi/5.4.1/../../../../arm-none-eabi/lib/armv7-m\libg_nano.a(lib_a-memset.o)
 .ARM.attributes
                0x000007c9       0x2d c:/program files (x86)/cypress/psoc creator/4.2/psoc creator/import/gnu/arm/5.4.1/bin/../lib/gcc/arm-none-eabi/5.4.1/../../../../arm-none-eabi/lib/armv7-m\libg_nano.a(lib_a-sprintf.o)
 .ARM.attributes
                0x000007f6       0x2d c:/program files (x86)/cypress/psoc creator/4.2/psoc creator/import/gnu/arm/5.4.1/bin/../lib/gcc/arm-none-eabi/5.4.1/../../../../arm-none-eabi/lib/armv7-m\libg_nano.a(lib_a-nano-svfprintf.o)
 .ARM.attributes
                0x00000823       0x2d c:/program files (x86)/cypress/psoc creator/4.2/psoc creator/import/gnu/arm/5.4.1/bin/../lib/gcc/arm-none-eabi/5.4.1/../../../../arm-none-eabi/lib/armv7-m\libg_nano.a(lib_a-nano-vfprintf_i.o)
 .ARM.attributes
                0x00000850       0x2d c:/program files (x86)/cypress/psoc creator/4.2/psoc creator/import/gnu/arm/5.4.1/bin/../lib/gcc/arm-none-eabi/5.4.1/../../../../arm-none-eabi/lib/armv7-m\libg_nano.a(lib_a-memchr-stub.o)
 .ARM.attributes
                0x0000087d       0x2d c:/program files (x86)/cypress/psoc creator/4.2/psoc creator/import/gnu/arm/5.4.1/bin/../lib/gcc/arm-none-eabi/5.4.1/../../../../arm-none-eabi/lib/armv7-m\libg_nano.a(lib_a-memmove.o)
 .ARM.attributes
                0x000008aa       0x2d c:/program files (x86)/cypress/psoc creator/4.2/psoc creator/import/gnu/arm/5.4.1/bin/../lib/gcc/arm-none-eabi/5.4.1/../../../../arm-none-eabi/lib/armv7-m\libg_nano.a(lib_a-nano-freer.o)
 .ARM.attributes
                0x000008d7       0x2d c:/program files (x86)/cypress/psoc creator/4.2/psoc creator/import/gnu/arm/5.4.1/bin/../lib/gcc/arm-none-eabi/5.4.1/../../../../arm-none-eabi/lib/armv7-m\libg_nano.a(lib_a-nano-mallocr.o)
 .ARM.attributes
                0x00000904       0x2d c:/program files (x86)/cypress/psoc creator/4.2/psoc creator/import/gnu/arm/5.4.1/bin/../lib/gcc/arm-none-eabi/5.4.1/../../../../arm-none-eabi/lib/armv7-m\libg_nano.a(lib_a-nano-reallocr.o)
 .ARM.attributes
                0x00000931       0x2d c:/program files (x86)/cypress/psoc creator/4.2/psoc creator/import/gnu/arm/5.4.1/bin/../lib/gcc/arm-none-eabi/5.4.1/../../../../arm-none-eabi/lib/armv7-m\libg_nano.a(lib_a-sbrkr.o)
 .ARM.attributes
                0x0000095e       0x2d c:/program files (x86)/cypress/psoc creator/4.2/psoc creator/import/gnu/arm/5.4.1/bin/../lib/gcc/arm-none-eabi/5.4.1/../../../../arm-none-eabi/lib/armv7-m\libg_nano.a(lib_a-mlock.o)
 .ARM.attributes
                0x0000098b       0x2d c:/program files (x86)/cypress/psoc creator/4.2/psoc creator/import/gnu/arm/5.4.1/bin/../lib/gcc/arm-none-eabi/5.4.1/../../../../arm-none-eabi/lib/armv7-m\libg_nano.a(lib_a-nano-msizer.o)
 .ARM.attributes
                0x000009b8       0x2d c:/program files (x86)/cypress/psoc creator/4.2/psoc creator/import/gnu/arm/5.4.1/bin/../lib/gcc/arm-none-eabi/5.4.1/../../../../arm-none-eabi/lib/armv7-m\libg_nano.a(lib_a-reent.o)
 .ARM.attributes
                0x000009e5       0x2d c:/program files (x86)/cypress/psoc creator/4.2/psoc creator/import/gnu/arm/5.4.1/bin/../lib/gcc/arm-none-eabi/5.4.1/armv7-m/crtend.o
 .ARM.attributes
                0x00000a12       0x1d c:/program files (x86)/cypress/psoc creator/4.2/psoc creator/import/gnu/arm/5.4.1/bin/../lib/gcc/arm-none-eabi/5.4.1/armv7-m/crtn.o

/DISCARD/
 *(.note.GNU-stack)
OUTPUT(U:\Documents\PSoC Creator\Wetterstation\Design01.cydsn\CortexM3\ARM_GCC_541\Debug\Design01.elf elf32-littlearm)
