ARM GAS  C:\Users\ujjjh\AppData\Local\Temp\cckY7D3M.s 			page 1


   1              		.syntax unified
   2              		.cpu cortex-m3
   3              		.fpu softvfp
   4              		.eabi_attribute 20, 1
   5              		.eabi_attribute 21, 1
   6              		.eabi_attribute 23, 3
   7              		.eabi_attribute 24, 1
   8              		.eabi_attribute 25, 1
   9              		.eabi_attribute 26, 1
  10              		.eabi_attribute 30, 1
  11              		.eabi_attribute 34, 1
  12              		.eabi_attribute 18, 4
  13              		.thumb
  14              		.syntax unified
  15              		.file	"isr_1.c"
  16              		.text
  17              	.Ltext0:
  18              		.cfi_sections	.debug_frame
  19              		.section	.text.isr_1_Interrupt,"ax",%progbits
  20              		.align	2
  21              		.global	isr_1_Interrupt
  22              		.thumb
  23              		.thumb_func
  24              		.type	isr_1_Interrupt, %function
  25              	isr_1_Interrupt:
  26              	.LFB3:
  27              		.file 1 "Generated_Source\\PSoC5\\isr_1.c"
   1:Generated_Source\PSoC5/isr_1.c **** /*******************************************************************************
   2:Generated_Source\PSoC5/isr_1.c **** * File Name: isr_1.c  
   3:Generated_Source\PSoC5/isr_1.c **** * Version 1.70
   4:Generated_Source\PSoC5/isr_1.c **** *
   5:Generated_Source\PSoC5/isr_1.c **** *  Description:
   6:Generated_Source\PSoC5/isr_1.c **** *   API for controlling the state of an interrupt.
   7:Generated_Source\PSoC5/isr_1.c **** *
   8:Generated_Source\PSoC5/isr_1.c **** *
   9:Generated_Source\PSoC5/isr_1.c **** *  Note:
  10:Generated_Source\PSoC5/isr_1.c **** *
  11:Generated_Source\PSoC5/isr_1.c **** ********************************************************************************
  12:Generated_Source\PSoC5/isr_1.c **** * Copyright 2008-2015, Cypress Semiconductor Corporation.  All rights reserved.
  13:Generated_Source\PSoC5/isr_1.c **** * You may use this file only in accordance with the license, terms, conditions, 
  14:Generated_Source\PSoC5/isr_1.c **** * disclaimers, and limitations in the end user license agreement accompanying 
  15:Generated_Source\PSoC5/isr_1.c **** * the software package with which this file was provided.
  16:Generated_Source\PSoC5/isr_1.c **** *******************************************************************************/
  17:Generated_Source\PSoC5/isr_1.c **** 
  18:Generated_Source\PSoC5/isr_1.c **** 
  19:Generated_Source\PSoC5/isr_1.c **** #include <cydevice_trm.h>
  20:Generated_Source\PSoC5/isr_1.c **** #include <CyLib.h>
  21:Generated_Source\PSoC5/isr_1.c **** #include <isr_1.h>
  22:Generated_Source\PSoC5/isr_1.c **** #include "cyapicallbacks.h"
  23:Generated_Source\PSoC5/isr_1.c **** 
  24:Generated_Source\PSoC5/isr_1.c **** #if !defined(isr_1__REMOVED) /* Check for removal by optimization */
  25:Generated_Source\PSoC5/isr_1.c **** 
  26:Generated_Source\PSoC5/isr_1.c **** /*******************************************************************************
  27:Generated_Source\PSoC5/isr_1.c **** *  Place your includes, defines and code here 
  28:Generated_Source\PSoC5/isr_1.c **** ********************************************************************************/
  29:Generated_Source\PSoC5/isr_1.c **** /* `#START isr_1_intc` */
  30:Generated_Source\PSoC5/isr_1.c ****     volatile int intr;
ARM GAS  C:\Users\ujjjh\AppData\Local\Temp\cckY7D3M.s 			page 2


  31:Generated_Source\PSoC5/isr_1.c **** /* `#END` */
  32:Generated_Source\PSoC5/isr_1.c **** 
  33:Generated_Source\PSoC5/isr_1.c **** #ifndef CYINT_IRQ_BASE
  34:Generated_Source\PSoC5/isr_1.c **** #define CYINT_IRQ_BASE      16
  35:Generated_Source\PSoC5/isr_1.c **** #endif /* CYINT_IRQ_BASE */
  36:Generated_Source\PSoC5/isr_1.c **** #ifndef CYINT_VECT_TABLE
  37:Generated_Source\PSoC5/isr_1.c **** #define CYINT_VECT_TABLE    ((cyisraddress **) CYREG_NVIC_VECT_OFFSET)
  38:Generated_Source\PSoC5/isr_1.c **** #endif /* CYINT_VECT_TABLE */
  39:Generated_Source\PSoC5/isr_1.c **** 
  40:Generated_Source\PSoC5/isr_1.c **** /* Declared in startup, used to set unused interrupts to. */
  41:Generated_Source\PSoC5/isr_1.c **** CY_ISR_PROTO(IntDefaultHandler);
  42:Generated_Source\PSoC5/isr_1.c **** 
  43:Generated_Source\PSoC5/isr_1.c **** 
  44:Generated_Source\PSoC5/isr_1.c **** /*******************************************************************************
  45:Generated_Source\PSoC5/isr_1.c **** * Function Name: isr_1_Start
  46:Generated_Source\PSoC5/isr_1.c **** ********************************************************************************
  47:Generated_Source\PSoC5/isr_1.c **** *
  48:Generated_Source\PSoC5/isr_1.c **** * Summary:
  49:Generated_Source\PSoC5/isr_1.c **** *  Set up the interrupt and enable it. This function disables the interrupt, 
  50:Generated_Source\PSoC5/isr_1.c **** *  sets the default interrupt vector, sets the priority from the value in the
  51:Generated_Source\PSoC5/isr_1.c **** *  Design Wide Resources Interrupt Editor, then enables the interrupt to the 
  52:Generated_Source\PSoC5/isr_1.c **** *  interrupt controller.
  53:Generated_Source\PSoC5/isr_1.c **** *
  54:Generated_Source\PSoC5/isr_1.c **** * Parameters:  
  55:Generated_Source\PSoC5/isr_1.c **** *   None
  56:Generated_Source\PSoC5/isr_1.c **** *
  57:Generated_Source\PSoC5/isr_1.c **** * Return:
  58:Generated_Source\PSoC5/isr_1.c **** *   None
  59:Generated_Source\PSoC5/isr_1.c **** *
  60:Generated_Source\PSoC5/isr_1.c **** *******************************************************************************/
  61:Generated_Source\PSoC5/isr_1.c **** void isr_1_Start(void)
  62:Generated_Source\PSoC5/isr_1.c **** {
  63:Generated_Source\PSoC5/isr_1.c ****     /* For all we know the interrupt is active. */
  64:Generated_Source\PSoC5/isr_1.c ****     isr_1_Disable();
  65:Generated_Source\PSoC5/isr_1.c **** 
  66:Generated_Source\PSoC5/isr_1.c ****     /* Set the ISR to point to the isr_1 Interrupt. */
  67:Generated_Source\PSoC5/isr_1.c ****     isr_1_SetVector(&isr_1_Interrupt);
  68:Generated_Source\PSoC5/isr_1.c **** 
  69:Generated_Source\PSoC5/isr_1.c ****     /* Set the priority. */
  70:Generated_Source\PSoC5/isr_1.c ****     isr_1_SetPriority((uint8)isr_1_INTC_PRIOR_NUMBER);
  71:Generated_Source\PSoC5/isr_1.c **** 
  72:Generated_Source\PSoC5/isr_1.c ****     /* Enable it. */
  73:Generated_Source\PSoC5/isr_1.c ****     isr_1_Enable();
  74:Generated_Source\PSoC5/isr_1.c **** }
  75:Generated_Source\PSoC5/isr_1.c **** 
  76:Generated_Source\PSoC5/isr_1.c **** 
  77:Generated_Source\PSoC5/isr_1.c **** /*******************************************************************************
  78:Generated_Source\PSoC5/isr_1.c **** * Function Name: isr_1_StartEx
  79:Generated_Source\PSoC5/isr_1.c **** ********************************************************************************
  80:Generated_Source\PSoC5/isr_1.c **** *
  81:Generated_Source\PSoC5/isr_1.c **** * Summary:
  82:Generated_Source\PSoC5/isr_1.c **** *  Sets up the interrupt and enables it. This function disables the interrupt,
  83:Generated_Source\PSoC5/isr_1.c **** *  sets the interrupt vector based on the address passed in, sets the priority 
  84:Generated_Source\PSoC5/isr_1.c **** *  from the value in the Design Wide Resources Interrupt Editor, then enables 
  85:Generated_Source\PSoC5/isr_1.c **** *  the interrupt to the interrupt controller.
  86:Generated_Source\PSoC5/isr_1.c **** *  
  87:Generated_Source\PSoC5/isr_1.c **** *  When defining ISR functions, the CY_ISR and CY_ISR_PROTO macros should be 
ARM GAS  C:\Users\ujjjh\AppData\Local\Temp\cckY7D3M.s 			page 3


  88:Generated_Source\PSoC5/isr_1.c **** *  used to provide consistent definition across compilers:
  89:Generated_Source\PSoC5/isr_1.c **** *  
  90:Generated_Source\PSoC5/isr_1.c **** *  Function definition example:
  91:Generated_Source\PSoC5/isr_1.c **** *   CY_ISR(MyISR)
  92:Generated_Source\PSoC5/isr_1.c **** *   {
  93:Generated_Source\PSoC5/isr_1.c **** *   }
  94:Generated_Source\PSoC5/isr_1.c **** *   Function prototype example:
  95:Generated_Source\PSoC5/isr_1.c **** *   CY_ISR_PROTO(MyISR);
  96:Generated_Source\PSoC5/isr_1.c **** *
  97:Generated_Source\PSoC5/isr_1.c **** * Parameters:  
  98:Generated_Source\PSoC5/isr_1.c **** *   address: Address of the ISR to set in the interrupt vector table.
  99:Generated_Source\PSoC5/isr_1.c **** *
 100:Generated_Source\PSoC5/isr_1.c **** * Return:
 101:Generated_Source\PSoC5/isr_1.c **** *   None
 102:Generated_Source\PSoC5/isr_1.c **** *
 103:Generated_Source\PSoC5/isr_1.c **** *******************************************************************************/
 104:Generated_Source\PSoC5/isr_1.c **** void isr_1_StartEx(cyisraddress address)
 105:Generated_Source\PSoC5/isr_1.c **** {
 106:Generated_Source\PSoC5/isr_1.c ****     /* For all we know the interrupt is active. */
 107:Generated_Source\PSoC5/isr_1.c ****     isr_1_Disable();
 108:Generated_Source\PSoC5/isr_1.c **** 
 109:Generated_Source\PSoC5/isr_1.c ****     /* Set the ISR to point to the isr_1 Interrupt. */
 110:Generated_Source\PSoC5/isr_1.c ****     isr_1_SetVector(address);
 111:Generated_Source\PSoC5/isr_1.c **** 
 112:Generated_Source\PSoC5/isr_1.c ****     /* Set the priority. */
 113:Generated_Source\PSoC5/isr_1.c ****     isr_1_SetPriority((uint8)isr_1_INTC_PRIOR_NUMBER);
 114:Generated_Source\PSoC5/isr_1.c **** 
 115:Generated_Source\PSoC5/isr_1.c ****     /* Enable it. */
 116:Generated_Source\PSoC5/isr_1.c ****     isr_1_Enable();
 117:Generated_Source\PSoC5/isr_1.c **** }
 118:Generated_Source\PSoC5/isr_1.c **** 
 119:Generated_Source\PSoC5/isr_1.c **** 
 120:Generated_Source\PSoC5/isr_1.c **** /*******************************************************************************
 121:Generated_Source\PSoC5/isr_1.c **** * Function Name: isr_1_Stop
 122:Generated_Source\PSoC5/isr_1.c **** ********************************************************************************
 123:Generated_Source\PSoC5/isr_1.c **** *
 124:Generated_Source\PSoC5/isr_1.c **** * Summary:
 125:Generated_Source\PSoC5/isr_1.c **** *   Disables and removes the interrupt.
 126:Generated_Source\PSoC5/isr_1.c **** *
 127:Generated_Source\PSoC5/isr_1.c **** * Parameters:  
 128:Generated_Source\PSoC5/isr_1.c **** *   None
 129:Generated_Source\PSoC5/isr_1.c **** *
 130:Generated_Source\PSoC5/isr_1.c **** * Return:
 131:Generated_Source\PSoC5/isr_1.c **** *   None
 132:Generated_Source\PSoC5/isr_1.c **** *
 133:Generated_Source\PSoC5/isr_1.c **** *******************************************************************************/
 134:Generated_Source\PSoC5/isr_1.c **** void isr_1_Stop(void)
 135:Generated_Source\PSoC5/isr_1.c **** {
 136:Generated_Source\PSoC5/isr_1.c ****     /* Disable this interrupt. */
 137:Generated_Source\PSoC5/isr_1.c ****     isr_1_Disable();
 138:Generated_Source\PSoC5/isr_1.c **** 
 139:Generated_Source\PSoC5/isr_1.c ****     /* Set the ISR to point to the passive one. */
 140:Generated_Source\PSoC5/isr_1.c ****     isr_1_SetVector(&IntDefaultHandler);
 141:Generated_Source\PSoC5/isr_1.c **** }
 142:Generated_Source\PSoC5/isr_1.c **** 
 143:Generated_Source\PSoC5/isr_1.c **** 
 144:Generated_Source\PSoC5/isr_1.c **** /*******************************************************************************
ARM GAS  C:\Users\ujjjh\AppData\Local\Temp\cckY7D3M.s 			page 4


 145:Generated_Source\PSoC5/isr_1.c **** * Function Name: isr_1_Interrupt
 146:Generated_Source\PSoC5/isr_1.c **** ********************************************************************************
 147:Generated_Source\PSoC5/isr_1.c **** *
 148:Generated_Source\PSoC5/isr_1.c **** * Summary:
 149:Generated_Source\PSoC5/isr_1.c **** *   The default Interrupt Service Routine for isr_1.
 150:Generated_Source\PSoC5/isr_1.c **** *
 151:Generated_Source\PSoC5/isr_1.c **** *   Add custom code between the coments to keep the next version of this file
 152:Generated_Source\PSoC5/isr_1.c **** *   from over writting your code.
 153:Generated_Source\PSoC5/isr_1.c **** *
 154:Generated_Source\PSoC5/isr_1.c **** * Parameters:  
 155:Generated_Source\PSoC5/isr_1.c **** *
 156:Generated_Source\PSoC5/isr_1.c **** * Return:
 157:Generated_Source\PSoC5/isr_1.c **** *   None
 158:Generated_Source\PSoC5/isr_1.c **** *
 159:Generated_Source\PSoC5/isr_1.c **** *******************************************************************************/
 160:Generated_Source\PSoC5/isr_1.c **** CY_ISR(isr_1_Interrupt)
 161:Generated_Source\PSoC5/isr_1.c **** {
  28              		.loc 1 161 0
  29              		.cfi_startproc
  30              		@ args = 0, pretend = 0, frame = 0
  31              		@ frame_needed = 0, uses_anonymous_args = 0
  32              		@ link register save eliminated.
 162:Generated_Source\PSoC5/isr_1.c ****     #ifdef isr_1_INTERRUPT_INTERRUPT_CALLBACK
 163:Generated_Source\PSoC5/isr_1.c ****         isr_1_Interrupt_InterruptCallback();
 164:Generated_Source\PSoC5/isr_1.c ****     #endif /* isr_1_INTERRUPT_INTERRUPT_CALLBACK */ 
 165:Generated_Source\PSoC5/isr_1.c **** 
 166:Generated_Source\PSoC5/isr_1.c ****     /*  Place your Interrupt code here. */
 167:Generated_Source\PSoC5/isr_1.c ****     /* `#START isr_1_Interrupt` */
 168:Generated_Source\PSoC5/isr_1.c ****         intr=1;
  33              		.loc 1 168 0
  34 0000 0122     		movs	r2, #1
  35 0002 014B     		ldr	r3, .L2
  36 0004 1A60     		str	r2, [r3]
  37 0006 7047     		bx	lr
  38              	.L3:
  39              		.align	2
  40              	.L2:
  41 0008 00000000 		.word	intr
  42              		.cfi_endproc
  43              	.LFE3:
  44              		.size	isr_1_Interrupt, .-isr_1_Interrupt
  45              		.section	.text.isr_1_SetVector,"ax",%progbits
  46              		.align	2
  47              		.global	isr_1_SetVector
  48              		.thumb
  49              		.thumb_func
  50              		.type	isr_1_SetVector, %function
  51              	isr_1_SetVector:
  52              	.LFB4:
 169:Generated_Source\PSoC5/isr_1.c ****     /* `#END` */
 170:Generated_Source\PSoC5/isr_1.c **** }
 171:Generated_Source\PSoC5/isr_1.c **** 
 172:Generated_Source\PSoC5/isr_1.c **** 
 173:Generated_Source\PSoC5/isr_1.c **** /*******************************************************************************
 174:Generated_Source\PSoC5/isr_1.c **** * Function Name: isr_1_SetVector
 175:Generated_Source\PSoC5/isr_1.c **** ********************************************************************************
 176:Generated_Source\PSoC5/isr_1.c **** *
ARM GAS  C:\Users\ujjjh\AppData\Local\Temp\cckY7D3M.s 			page 5


 177:Generated_Source\PSoC5/isr_1.c **** * Summary:
 178:Generated_Source\PSoC5/isr_1.c **** *   Change the ISR vector for the Interrupt. Note calling isr_1_Start
 179:Generated_Source\PSoC5/isr_1.c **** *   will override any effect this method would have had. To set the vector 
 180:Generated_Source\PSoC5/isr_1.c **** *   before the component has been started use isr_1_StartEx instead.
 181:Generated_Source\PSoC5/isr_1.c **** * 
 182:Generated_Source\PSoC5/isr_1.c **** *   When defining ISR functions, the CY_ISR and CY_ISR_PROTO macros should be 
 183:Generated_Source\PSoC5/isr_1.c **** *   used to provide consistent definition across compilers:
 184:Generated_Source\PSoC5/isr_1.c **** *
 185:Generated_Source\PSoC5/isr_1.c **** *   Function definition example:
 186:Generated_Source\PSoC5/isr_1.c **** *   CY_ISR(MyISR)
 187:Generated_Source\PSoC5/isr_1.c **** *   {
 188:Generated_Source\PSoC5/isr_1.c **** *   }
 189:Generated_Source\PSoC5/isr_1.c **** *
 190:Generated_Source\PSoC5/isr_1.c **** *   Function prototype example:
 191:Generated_Source\PSoC5/isr_1.c **** *     CY_ISR_PROTO(MyISR);
 192:Generated_Source\PSoC5/isr_1.c **** *
 193:Generated_Source\PSoC5/isr_1.c **** * Parameters:
 194:Generated_Source\PSoC5/isr_1.c **** *   address: Address of the ISR to set in the interrupt vector table.
 195:Generated_Source\PSoC5/isr_1.c **** *
 196:Generated_Source\PSoC5/isr_1.c **** * Return:
 197:Generated_Source\PSoC5/isr_1.c **** *   None
 198:Generated_Source\PSoC5/isr_1.c **** *
 199:Generated_Source\PSoC5/isr_1.c **** *******************************************************************************/
 200:Generated_Source\PSoC5/isr_1.c **** void isr_1_SetVector(cyisraddress address)
 201:Generated_Source\PSoC5/isr_1.c **** {
  53              		.loc 1 201 0
  54              		.cfi_startproc
  55              		@ args = 0, pretend = 0, frame = 0
  56              		@ frame_needed = 0, uses_anonymous_args = 0
  57              		@ link register save eliminated.
  58              	.LVL0:
 202:Generated_Source\PSoC5/isr_1.c ****     cyisraddress * ramVectorTable;
 203:Generated_Source\PSoC5/isr_1.c **** 
 204:Generated_Source\PSoC5/isr_1.c ****     ramVectorTable = (cyisraddress *) *CYINT_VECT_TABLE;
  59              		.loc 1 204 0
  60 0000 014B     		ldr	r3, .L5
  61 0002 1B68     		ldr	r3, [r3]
  62              	.LVL1:
 205:Generated_Source\PSoC5/isr_1.c **** 
 206:Generated_Source\PSoC5/isr_1.c ****     ramVectorTable[CYINT_IRQ_BASE + (uint32)isr_1__INTC_NUMBER] = address;
  63              		.loc 1 206 0
  64 0004 9864     		str	r0, [r3, #72]
  65 0006 7047     		bx	lr
  66              	.L6:
  67              		.align	2
  68              	.L5:
  69 0008 08ED00E0 		.word	-536810232
  70              		.cfi_endproc
  71              	.LFE4:
  72              		.size	isr_1_SetVector, .-isr_1_SetVector
  73              		.section	.text.isr_1_GetVector,"ax",%progbits
  74              		.align	2
  75              		.global	isr_1_GetVector
  76              		.thumb
  77              		.thumb_func
  78              		.type	isr_1_GetVector, %function
  79              	isr_1_GetVector:
ARM GAS  C:\Users\ujjjh\AppData\Local\Temp\cckY7D3M.s 			page 6


  80              	.LFB5:
 207:Generated_Source\PSoC5/isr_1.c **** }
 208:Generated_Source\PSoC5/isr_1.c **** 
 209:Generated_Source\PSoC5/isr_1.c **** 
 210:Generated_Source\PSoC5/isr_1.c **** /*******************************************************************************
 211:Generated_Source\PSoC5/isr_1.c **** * Function Name: isr_1_GetVector
 212:Generated_Source\PSoC5/isr_1.c **** ********************************************************************************
 213:Generated_Source\PSoC5/isr_1.c **** *
 214:Generated_Source\PSoC5/isr_1.c **** * Summary:
 215:Generated_Source\PSoC5/isr_1.c **** *   Gets the "address" of the current ISR vector for the Interrupt.
 216:Generated_Source\PSoC5/isr_1.c **** *
 217:Generated_Source\PSoC5/isr_1.c **** * Parameters:
 218:Generated_Source\PSoC5/isr_1.c **** *   None
 219:Generated_Source\PSoC5/isr_1.c **** *
 220:Generated_Source\PSoC5/isr_1.c **** * Return:
 221:Generated_Source\PSoC5/isr_1.c **** *   Address of the ISR in the interrupt vector table.
 222:Generated_Source\PSoC5/isr_1.c **** *
 223:Generated_Source\PSoC5/isr_1.c **** *******************************************************************************/
 224:Generated_Source\PSoC5/isr_1.c **** cyisraddress isr_1_GetVector(void)
 225:Generated_Source\PSoC5/isr_1.c **** {
  81              		.loc 1 225 0
  82              		.cfi_startproc
  83              		@ args = 0, pretend = 0, frame = 0
  84              		@ frame_needed = 0, uses_anonymous_args = 0
  85              		@ link register save eliminated.
 226:Generated_Source\PSoC5/isr_1.c ****     cyisraddress * ramVectorTable;
 227:Generated_Source\PSoC5/isr_1.c **** 
 228:Generated_Source\PSoC5/isr_1.c ****     ramVectorTable = (cyisraddress *) *CYINT_VECT_TABLE;
  86              		.loc 1 228 0
  87 0000 014B     		ldr	r3, .L8
  88 0002 1B68     		ldr	r3, [r3]
  89              	.LVL2:
 229:Generated_Source\PSoC5/isr_1.c **** 
 230:Generated_Source\PSoC5/isr_1.c ****     return ramVectorTable[CYINT_IRQ_BASE + (uint32)isr_1__INTC_NUMBER];
 231:Generated_Source\PSoC5/isr_1.c **** }
  90              		.loc 1 231 0
  91 0004 986C     		ldr	r0, [r3, #72]
  92 0006 7047     		bx	lr
  93              	.L9:
  94              		.align	2
  95              	.L8:
  96 0008 08ED00E0 		.word	-536810232
  97              		.cfi_endproc
  98              	.LFE5:
  99              		.size	isr_1_GetVector, .-isr_1_GetVector
 100              		.section	.text.isr_1_SetPriority,"ax",%progbits
 101              		.align	2
 102              		.global	isr_1_SetPriority
 103              		.thumb
 104              		.thumb_func
 105              		.type	isr_1_SetPriority, %function
 106              	isr_1_SetPriority:
 107              	.LFB6:
 232:Generated_Source\PSoC5/isr_1.c **** 
 233:Generated_Source\PSoC5/isr_1.c **** 
 234:Generated_Source\PSoC5/isr_1.c **** /*******************************************************************************
 235:Generated_Source\PSoC5/isr_1.c **** * Function Name: isr_1_SetPriority
ARM GAS  C:\Users\ujjjh\AppData\Local\Temp\cckY7D3M.s 			page 7


 236:Generated_Source\PSoC5/isr_1.c **** ********************************************************************************
 237:Generated_Source\PSoC5/isr_1.c **** *
 238:Generated_Source\PSoC5/isr_1.c **** * Summary:
 239:Generated_Source\PSoC5/isr_1.c **** *   Sets the Priority of the Interrupt. 
 240:Generated_Source\PSoC5/isr_1.c **** *
 241:Generated_Source\PSoC5/isr_1.c **** *   Note calling isr_1_Start or isr_1_StartEx will 
 242:Generated_Source\PSoC5/isr_1.c **** *   override any effect this API would have had. This API should only be called
 243:Generated_Source\PSoC5/isr_1.c **** *   after isr_1_Start or isr_1_StartEx has been called. 
 244:Generated_Source\PSoC5/isr_1.c **** *   To set the initial priority for the component, use the Design-Wide Resources
 245:Generated_Source\PSoC5/isr_1.c **** *   Interrupt Editor.
 246:Generated_Source\PSoC5/isr_1.c **** *
 247:Generated_Source\PSoC5/isr_1.c **** *   Note This API has no effect on Non-maskable interrupt NMI).
 248:Generated_Source\PSoC5/isr_1.c **** *
 249:Generated_Source\PSoC5/isr_1.c **** * Parameters:
 250:Generated_Source\PSoC5/isr_1.c **** *   priority: Priority of the interrupt, 0 being the highest priority
 251:Generated_Source\PSoC5/isr_1.c **** *             PSoC 3 and PSoC 5LP: Priority is from 0 to 7.
 252:Generated_Source\PSoC5/isr_1.c **** *             PSoC 4: Priority is from 0 to 3.
 253:Generated_Source\PSoC5/isr_1.c **** *
 254:Generated_Source\PSoC5/isr_1.c **** * Return:
 255:Generated_Source\PSoC5/isr_1.c **** *   None
 256:Generated_Source\PSoC5/isr_1.c **** *
 257:Generated_Source\PSoC5/isr_1.c **** *******************************************************************************/
 258:Generated_Source\PSoC5/isr_1.c **** void isr_1_SetPriority(uint8 priority)
 259:Generated_Source\PSoC5/isr_1.c **** {
 108              		.loc 1 259 0
 109              		.cfi_startproc
 110              		@ args = 0, pretend = 0, frame = 0
 111              		@ frame_needed = 0, uses_anonymous_args = 0
 112              		@ link register save eliminated.
 113              	.LVL3:
 260:Generated_Source\PSoC5/isr_1.c ****     *isr_1_INTC_PRIOR = priority << 5;
 114              		.loc 1 260 0
 115 0000 4001     		lsls	r0, r0, #5
 116              	.LVL4:
 117 0002 C0B2     		uxtb	r0, r0
 118 0004 014B     		ldr	r3, .L11
 119 0006 1870     		strb	r0, [r3]
 120 0008 7047     		bx	lr
 121              	.L12:
 122 000a 00BF     		.align	2
 123              	.L11:
 124 000c 02E400E0 		.word	-536812542
 125              		.cfi_endproc
 126              	.LFE6:
 127              		.size	isr_1_SetPriority, .-isr_1_SetPriority
 128              		.section	.text.isr_1_GetPriority,"ax",%progbits
 129              		.align	2
 130              		.global	isr_1_GetPriority
 131              		.thumb
 132              		.thumb_func
 133              		.type	isr_1_GetPriority, %function
 134              	isr_1_GetPriority:
 135              	.LFB7:
 261:Generated_Source\PSoC5/isr_1.c **** }
 262:Generated_Source\PSoC5/isr_1.c **** 
 263:Generated_Source\PSoC5/isr_1.c **** 
 264:Generated_Source\PSoC5/isr_1.c **** /*******************************************************************************
ARM GAS  C:\Users\ujjjh\AppData\Local\Temp\cckY7D3M.s 			page 8


 265:Generated_Source\PSoC5/isr_1.c **** * Function Name: isr_1_GetPriority
 266:Generated_Source\PSoC5/isr_1.c **** ********************************************************************************
 267:Generated_Source\PSoC5/isr_1.c **** *
 268:Generated_Source\PSoC5/isr_1.c **** * Summary:
 269:Generated_Source\PSoC5/isr_1.c **** *   Gets the Priority of the Interrupt.
 270:Generated_Source\PSoC5/isr_1.c **** *
 271:Generated_Source\PSoC5/isr_1.c **** * Parameters:
 272:Generated_Source\PSoC5/isr_1.c **** *   None
 273:Generated_Source\PSoC5/isr_1.c **** *
 274:Generated_Source\PSoC5/isr_1.c **** * Return:
 275:Generated_Source\PSoC5/isr_1.c **** *   Priority of the interrupt, 0 being the highest priority
 276:Generated_Source\PSoC5/isr_1.c **** *    PSoC 3 and PSoC 5LP: Priority is from 0 to 7.
 277:Generated_Source\PSoC5/isr_1.c **** *    PSoC 4: Priority is from 0 to 3.
 278:Generated_Source\PSoC5/isr_1.c **** *
 279:Generated_Source\PSoC5/isr_1.c **** *******************************************************************************/
 280:Generated_Source\PSoC5/isr_1.c **** uint8 isr_1_GetPriority(void)
 281:Generated_Source\PSoC5/isr_1.c **** {
 136              		.loc 1 281 0
 137              		.cfi_startproc
 138              		@ args = 0, pretend = 0, frame = 0
 139              		@ frame_needed = 0, uses_anonymous_args = 0
 140              		@ link register save eliminated.
 282:Generated_Source\PSoC5/isr_1.c ****     uint8 priority;
 283:Generated_Source\PSoC5/isr_1.c **** 
 284:Generated_Source\PSoC5/isr_1.c **** 
 285:Generated_Source\PSoC5/isr_1.c ****     priority = *isr_1_INTC_PRIOR >> 5;
 141              		.loc 1 285 0
 142 0000 014B     		ldr	r3, .L14
 143 0002 1878     		ldrb	r0, [r3]	@ zero_extendqisi2
 144              	.LVL5:
 286:Generated_Source\PSoC5/isr_1.c **** 
 287:Generated_Source\PSoC5/isr_1.c ****     return priority;
 288:Generated_Source\PSoC5/isr_1.c **** }
 145              		.loc 1 288 0
 146 0004 4009     		lsrs	r0, r0, #5
 147              	.LVL6:
 148 0006 7047     		bx	lr
 149              	.L15:
 150              		.align	2
 151              	.L14:
 152 0008 02E400E0 		.word	-536812542
 153              		.cfi_endproc
 154              	.LFE7:
 155              		.size	isr_1_GetPriority, .-isr_1_GetPriority
 156              		.section	.text.isr_1_Enable,"ax",%progbits
 157              		.align	2
 158              		.global	isr_1_Enable
 159              		.thumb
 160              		.thumb_func
 161              		.type	isr_1_Enable, %function
 162              	isr_1_Enable:
 163              	.LFB8:
 289:Generated_Source\PSoC5/isr_1.c **** 
 290:Generated_Source\PSoC5/isr_1.c **** 
 291:Generated_Source\PSoC5/isr_1.c **** /*******************************************************************************
 292:Generated_Source\PSoC5/isr_1.c **** * Function Name: isr_1_Enable
 293:Generated_Source\PSoC5/isr_1.c **** ********************************************************************************
ARM GAS  C:\Users\ujjjh\AppData\Local\Temp\cckY7D3M.s 			page 9


 294:Generated_Source\PSoC5/isr_1.c **** *
 295:Generated_Source\PSoC5/isr_1.c **** * Summary:
 296:Generated_Source\PSoC5/isr_1.c **** *   Enables the interrupt to the interrupt controller. Do not call this function
 297:Generated_Source\PSoC5/isr_1.c **** *   unless ISR_Start() has been called or the functionality of the ISR_Start() 
 298:Generated_Source\PSoC5/isr_1.c **** *   function, which sets the vector and the priority, has been called.
 299:Generated_Source\PSoC5/isr_1.c **** *
 300:Generated_Source\PSoC5/isr_1.c **** * Parameters:
 301:Generated_Source\PSoC5/isr_1.c **** *   None
 302:Generated_Source\PSoC5/isr_1.c **** *
 303:Generated_Source\PSoC5/isr_1.c **** * Return:
 304:Generated_Source\PSoC5/isr_1.c **** *   None
 305:Generated_Source\PSoC5/isr_1.c **** *
 306:Generated_Source\PSoC5/isr_1.c **** *******************************************************************************/
 307:Generated_Source\PSoC5/isr_1.c **** void isr_1_Enable(void)
 308:Generated_Source\PSoC5/isr_1.c **** {
 164              		.loc 1 308 0
 165              		.cfi_startproc
 166              		@ args = 0, pretend = 0, frame = 0
 167              		@ frame_needed = 0, uses_anonymous_args = 0
 168              		@ link register save eliminated.
 309:Generated_Source\PSoC5/isr_1.c ****     /* Enable the general interrupt. */
 310:Generated_Source\PSoC5/isr_1.c ****     *isr_1_INTC_SET_EN = isr_1__INTC_MASK;
 169              		.loc 1 310 0
 170 0000 0422     		movs	r2, #4
 171 0002 014B     		ldr	r3, .L17
 172 0004 1A60     		str	r2, [r3]
 173 0006 7047     		bx	lr
 174              	.L18:
 175              		.align	2
 176              	.L17:
 177 0008 00E100E0 		.word	-536813312
 178              		.cfi_endproc
 179              	.LFE8:
 180              		.size	isr_1_Enable, .-isr_1_Enable
 181              		.section	.text.isr_1_GetState,"ax",%progbits
 182              		.align	2
 183              		.global	isr_1_GetState
 184              		.thumb
 185              		.thumb_func
 186              		.type	isr_1_GetState, %function
 187              	isr_1_GetState:
 188              	.LFB9:
 311:Generated_Source\PSoC5/isr_1.c **** }
 312:Generated_Source\PSoC5/isr_1.c **** 
 313:Generated_Source\PSoC5/isr_1.c **** 
 314:Generated_Source\PSoC5/isr_1.c **** /*******************************************************************************
 315:Generated_Source\PSoC5/isr_1.c **** * Function Name: isr_1_GetState
 316:Generated_Source\PSoC5/isr_1.c **** ********************************************************************************
 317:Generated_Source\PSoC5/isr_1.c **** *
 318:Generated_Source\PSoC5/isr_1.c **** * Summary:
 319:Generated_Source\PSoC5/isr_1.c **** *   Gets the state (enabled, disabled) of the Interrupt.
 320:Generated_Source\PSoC5/isr_1.c **** *
 321:Generated_Source\PSoC5/isr_1.c **** * Parameters:
 322:Generated_Source\PSoC5/isr_1.c **** *   None
 323:Generated_Source\PSoC5/isr_1.c **** *
 324:Generated_Source\PSoC5/isr_1.c **** * Return:
 325:Generated_Source\PSoC5/isr_1.c **** *   1 if enabled, 0 if disabled.
ARM GAS  C:\Users\ujjjh\AppData\Local\Temp\cckY7D3M.s 			page 10


 326:Generated_Source\PSoC5/isr_1.c **** *
 327:Generated_Source\PSoC5/isr_1.c **** *******************************************************************************/
 328:Generated_Source\PSoC5/isr_1.c **** uint8 isr_1_GetState(void)
 329:Generated_Source\PSoC5/isr_1.c **** {
 189              		.loc 1 329 0
 190              		.cfi_startproc
 191              		@ args = 0, pretend = 0, frame = 0
 192              		@ frame_needed = 0, uses_anonymous_args = 0
 193              		@ link register save eliminated.
 330:Generated_Source\PSoC5/isr_1.c ****     /* Get the state of the general interrupt. */
 331:Generated_Source\PSoC5/isr_1.c ****     return ((*isr_1_INTC_SET_EN & (uint32)isr_1__INTC_MASK) != 0u) ? 1u:0u;
 194              		.loc 1 331 0
 195 0000 044B     		ldr	r3, .L22
 196 0002 1B68     		ldr	r3, [r3]
 197 0004 13F0040F 		tst	r3, #4
 198 0008 01D0     		beq	.L21
 199 000a 0120     		movs	r0, #1
 200 000c 7047     		bx	lr
 201              	.L21:
 202 000e 0020     		movs	r0, #0
 332:Generated_Source\PSoC5/isr_1.c **** }
 203              		.loc 1 332 0
 204 0010 7047     		bx	lr
 205              	.L23:
 206 0012 00BF     		.align	2
 207              	.L22:
 208 0014 00E100E0 		.word	-536813312
 209              		.cfi_endproc
 210              	.LFE9:
 211              		.size	isr_1_GetState, .-isr_1_GetState
 212              		.section	.text.isr_1_Disable,"ax",%progbits
 213              		.align	2
 214              		.global	isr_1_Disable
 215              		.thumb
 216              		.thumb_func
 217              		.type	isr_1_Disable, %function
 218              	isr_1_Disable:
 219              	.LFB10:
 333:Generated_Source\PSoC5/isr_1.c **** 
 334:Generated_Source\PSoC5/isr_1.c **** 
 335:Generated_Source\PSoC5/isr_1.c **** /*******************************************************************************
 336:Generated_Source\PSoC5/isr_1.c **** * Function Name: isr_1_Disable
 337:Generated_Source\PSoC5/isr_1.c **** ********************************************************************************
 338:Generated_Source\PSoC5/isr_1.c **** *
 339:Generated_Source\PSoC5/isr_1.c **** * Summary:
 340:Generated_Source\PSoC5/isr_1.c **** *   Disables the Interrupt in the interrupt controller.
 341:Generated_Source\PSoC5/isr_1.c **** *
 342:Generated_Source\PSoC5/isr_1.c **** * Parameters:
 343:Generated_Source\PSoC5/isr_1.c **** *   None
 344:Generated_Source\PSoC5/isr_1.c **** *
 345:Generated_Source\PSoC5/isr_1.c **** * Return:
 346:Generated_Source\PSoC5/isr_1.c **** *   None
 347:Generated_Source\PSoC5/isr_1.c **** *
 348:Generated_Source\PSoC5/isr_1.c **** *******************************************************************************/
 349:Generated_Source\PSoC5/isr_1.c **** void isr_1_Disable(void)
 350:Generated_Source\PSoC5/isr_1.c **** {
 220              		.loc 1 350 0
ARM GAS  C:\Users\ujjjh\AppData\Local\Temp\cckY7D3M.s 			page 11


 221              		.cfi_startproc
 222              		@ args = 0, pretend = 0, frame = 0
 223              		@ frame_needed = 0, uses_anonymous_args = 0
 224              		@ link register save eliminated.
 351:Generated_Source\PSoC5/isr_1.c ****     /* Disable the general interrupt. */
 352:Generated_Source\PSoC5/isr_1.c ****     *isr_1_INTC_CLR_EN = isr_1__INTC_MASK;
 225              		.loc 1 352 0
 226 0000 0422     		movs	r2, #4
 227 0002 014B     		ldr	r3, .L25
 228 0004 1A60     		str	r2, [r3]
 229 0006 7047     		bx	lr
 230              	.L26:
 231              		.align	2
 232              	.L25:
 233 0008 80E100E0 		.word	-536813184
 234              		.cfi_endproc
 235              	.LFE10:
 236              		.size	isr_1_Disable, .-isr_1_Disable
 237              		.section	.text.isr_1_Start,"ax",%progbits
 238              		.align	2
 239              		.global	isr_1_Start
 240              		.thumb
 241              		.thumb_func
 242              		.type	isr_1_Start, %function
 243              	isr_1_Start:
 244              	.LFB0:
  62:Generated_Source\PSoC5/isr_1.c ****     /* For all we know the interrupt is active. */
 245              		.loc 1 62 0
 246              		.cfi_startproc
 247              		@ args = 0, pretend = 0, frame = 0
 248              		@ frame_needed = 0, uses_anonymous_args = 0
 249 0000 08B5     		push	{r3, lr}
 250              		.cfi_def_cfa_offset 8
 251              		.cfi_offset 3, -8
 252              		.cfi_offset 14, -4
  64:Generated_Source\PSoC5/isr_1.c **** 
 253              		.loc 1 64 0
 254 0002 FFF7FEFF 		bl	isr_1_Disable
 255              	.LVL7:
  67:Generated_Source\PSoC5/isr_1.c **** 
 256              		.loc 1 67 0
 257 0006 0448     		ldr	r0, .L29
 258 0008 FFF7FEFF 		bl	isr_1_SetVector
 259              	.LVL8:
  70:Generated_Source\PSoC5/isr_1.c **** 
 260              		.loc 1 70 0
 261 000c 0720     		movs	r0, #7
 262 000e FFF7FEFF 		bl	isr_1_SetPriority
 263              	.LVL9:
  73:Generated_Source\PSoC5/isr_1.c **** }
 264              		.loc 1 73 0
 265 0012 FFF7FEFF 		bl	isr_1_Enable
 266              	.LVL10:
 267 0016 08BD     		pop	{r3, pc}
 268              	.L30:
 269              		.align	2
 270              	.L29:
ARM GAS  C:\Users\ujjjh\AppData\Local\Temp\cckY7D3M.s 			page 12


 271 0018 00000000 		.word	isr_1_Interrupt
 272              		.cfi_endproc
 273              	.LFE0:
 274              		.size	isr_1_Start, .-isr_1_Start
 275              		.section	.text.isr_1_StartEx,"ax",%progbits
 276              		.align	2
 277              		.global	isr_1_StartEx
 278              		.thumb
 279              		.thumb_func
 280              		.type	isr_1_StartEx, %function
 281              	isr_1_StartEx:
 282              	.LFB1:
 105:Generated_Source\PSoC5/isr_1.c ****     /* For all we know the interrupt is active. */
 283              		.loc 1 105 0
 284              		.cfi_startproc
 285              		@ args = 0, pretend = 0, frame = 0
 286              		@ frame_needed = 0, uses_anonymous_args = 0
 287              	.LVL11:
 288 0000 10B5     		push	{r4, lr}
 289              		.cfi_def_cfa_offset 8
 290              		.cfi_offset 4, -8
 291              		.cfi_offset 14, -4
 292 0002 0446     		mov	r4, r0
 107:Generated_Source\PSoC5/isr_1.c **** 
 293              		.loc 1 107 0
 294 0004 FFF7FEFF 		bl	isr_1_Disable
 295              	.LVL12:
 110:Generated_Source\PSoC5/isr_1.c **** 
 296              		.loc 1 110 0
 297 0008 2046     		mov	r0, r4
 298 000a FFF7FEFF 		bl	isr_1_SetVector
 299              	.LVL13:
 113:Generated_Source\PSoC5/isr_1.c **** 
 300              		.loc 1 113 0
 301 000e 0720     		movs	r0, #7
 302 0010 FFF7FEFF 		bl	isr_1_SetPriority
 303              	.LVL14:
 116:Generated_Source\PSoC5/isr_1.c **** }
 304              		.loc 1 116 0
 305 0014 FFF7FEFF 		bl	isr_1_Enable
 306              	.LVL15:
 307 0018 10BD     		pop	{r4, pc}
 308              		.cfi_endproc
 309              	.LFE1:
 310              		.size	isr_1_StartEx, .-isr_1_StartEx
 311 001a 00BF     		.section	.text.isr_1_Stop,"ax",%progbits
 312              		.align	2
 313              		.global	isr_1_Stop
 314              		.thumb
 315              		.thumb_func
 316              		.type	isr_1_Stop, %function
 317              	isr_1_Stop:
 318              	.LFB2:
 135:Generated_Source\PSoC5/isr_1.c ****     /* Disable this interrupt. */
 319              		.loc 1 135 0
 320              		.cfi_startproc
 321              		@ args = 0, pretend = 0, frame = 0
ARM GAS  C:\Users\ujjjh\AppData\Local\Temp\cckY7D3M.s 			page 13


 322              		@ frame_needed = 0, uses_anonymous_args = 0
 323 0000 08B5     		push	{r3, lr}
 324              		.cfi_def_cfa_offset 8
 325              		.cfi_offset 3, -8
 326              		.cfi_offset 14, -4
 137:Generated_Source\PSoC5/isr_1.c **** 
 327              		.loc 1 137 0
 328 0002 FFF7FEFF 		bl	isr_1_Disable
 329              	.LVL16:
 140:Generated_Source\PSoC5/isr_1.c **** }
 330              		.loc 1 140 0
 331 0006 0248     		ldr	r0, .L35
 332 0008 FFF7FEFF 		bl	isr_1_SetVector
 333              	.LVL17:
 334 000c 08BD     		pop	{r3, pc}
 335              	.L36:
 336 000e 00BF     		.align	2
 337              	.L35:
 338 0010 00000000 		.word	IntDefaultHandler
 339              		.cfi_endproc
 340              	.LFE2:
 341              		.size	isr_1_Stop, .-isr_1_Stop
 342              		.section	.text.isr_1_SetPending,"ax",%progbits
 343              		.align	2
 344              		.global	isr_1_SetPending
 345              		.thumb
 346              		.thumb_func
 347              		.type	isr_1_SetPending, %function
 348              	isr_1_SetPending:
 349              	.LFB11:
 353:Generated_Source\PSoC5/isr_1.c **** }
 354:Generated_Source\PSoC5/isr_1.c **** 
 355:Generated_Source\PSoC5/isr_1.c **** 
 356:Generated_Source\PSoC5/isr_1.c **** /*******************************************************************************
 357:Generated_Source\PSoC5/isr_1.c **** * Function Name: isr_1_SetPending
 358:Generated_Source\PSoC5/isr_1.c **** ********************************************************************************
 359:Generated_Source\PSoC5/isr_1.c **** *
 360:Generated_Source\PSoC5/isr_1.c **** * Summary:
 361:Generated_Source\PSoC5/isr_1.c **** *   Causes the Interrupt to enter the pending state, a software method of
 362:Generated_Source\PSoC5/isr_1.c **** *   generating the interrupt.
 363:Generated_Source\PSoC5/isr_1.c **** *
 364:Generated_Source\PSoC5/isr_1.c **** * Parameters:
 365:Generated_Source\PSoC5/isr_1.c **** *   None
 366:Generated_Source\PSoC5/isr_1.c **** *
 367:Generated_Source\PSoC5/isr_1.c **** * Return:
 368:Generated_Source\PSoC5/isr_1.c **** *   None
 369:Generated_Source\PSoC5/isr_1.c **** *
 370:Generated_Source\PSoC5/isr_1.c **** * Side Effects:
 371:Generated_Source\PSoC5/isr_1.c **** *   If interrupts are enabled and the interrupt is set up properly, the ISR is
 372:Generated_Source\PSoC5/isr_1.c **** *   entered (depending on the priority of this interrupt and other pending 
 373:Generated_Source\PSoC5/isr_1.c **** *   interrupts).
 374:Generated_Source\PSoC5/isr_1.c **** *
 375:Generated_Source\PSoC5/isr_1.c **** *******************************************************************************/
 376:Generated_Source\PSoC5/isr_1.c **** void isr_1_SetPending(void)
 377:Generated_Source\PSoC5/isr_1.c **** {
 350              		.loc 1 377 0
 351              		.cfi_startproc
ARM GAS  C:\Users\ujjjh\AppData\Local\Temp\cckY7D3M.s 			page 14


 352              		@ args = 0, pretend = 0, frame = 0
 353              		@ frame_needed = 0, uses_anonymous_args = 0
 354              		@ link register save eliminated.
 378:Generated_Source\PSoC5/isr_1.c ****     *isr_1_INTC_SET_PD = isr_1__INTC_MASK;
 355              		.loc 1 378 0
 356 0000 0422     		movs	r2, #4
 357 0002 014B     		ldr	r3, .L38
 358 0004 1A60     		str	r2, [r3]
 359 0006 7047     		bx	lr
 360              	.L39:
 361              		.align	2
 362              	.L38:
 363 0008 00E200E0 		.word	-536813056
 364              		.cfi_endproc
 365              	.LFE11:
 366              		.size	isr_1_SetPending, .-isr_1_SetPending
 367              		.section	.text.isr_1_ClearPending,"ax",%progbits
 368              		.align	2
 369              		.global	isr_1_ClearPending
 370              		.thumb
 371              		.thumb_func
 372              		.type	isr_1_ClearPending, %function
 373              	isr_1_ClearPending:
 374              	.LFB12:
 379:Generated_Source\PSoC5/isr_1.c **** }
 380:Generated_Source\PSoC5/isr_1.c **** 
 381:Generated_Source\PSoC5/isr_1.c **** 
 382:Generated_Source\PSoC5/isr_1.c **** /*******************************************************************************
 383:Generated_Source\PSoC5/isr_1.c **** * Function Name: isr_1_ClearPending
 384:Generated_Source\PSoC5/isr_1.c **** ********************************************************************************
 385:Generated_Source\PSoC5/isr_1.c **** *
 386:Generated_Source\PSoC5/isr_1.c **** * Summary:
 387:Generated_Source\PSoC5/isr_1.c **** *   Clears a pending interrupt in the interrupt controller.
 388:Generated_Source\PSoC5/isr_1.c **** *
 389:Generated_Source\PSoC5/isr_1.c **** *   Note Some interrupt sources are clear-on-read and require the block 
 390:Generated_Source\PSoC5/isr_1.c **** *   interrupt/status register to be read/cleared with the appropriate block API 
 391:Generated_Source\PSoC5/isr_1.c **** *   (GPIO, UART, and so on). Otherwise the ISR will continue to remain in 
 392:Generated_Source\PSoC5/isr_1.c **** *   pending state even though the interrupt itself is cleared using this API.
 393:Generated_Source\PSoC5/isr_1.c **** *
 394:Generated_Source\PSoC5/isr_1.c **** * Parameters:
 395:Generated_Source\PSoC5/isr_1.c **** *   None
 396:Generated_Source\PSoC5/isr_1.c **** *
 397:Generated_Source\PSoC5/isr_1.c **** * Return:
 398:Generated_Source\PSoC5/isr_1.c **** *   None
 399:Generated_Source\PSoC5/isr_1.c **** *
 400:Generated_Source\PSoC5/isr_1.c **** *******************************************************************************/
 401:Generated_Source\PSoC5/isr_1.c **** void isr_1_ClearPending(void)
 402:Generated_Source\PSoC5/isr_1.c **** {
 375              		.loc 1 402 0
 376              		.cfi_startproc
 377              		@ args = 0, pretend = 0, frame = 0
 378              		@ frame_needed = 0, uses_anonymous_args = 0
 379              		@ link register save eliminated.
 403:Generated_Source\PSoC5/isr_1.c ****     *isr_1_INTC_CLR_PD = isr_1__INTC_MASK;
 380              		.loc 1 403 0
 381 0000 0422     		movs	r2, #4
 382 0002 014B     		ldr	r3, .L41
ARM GAS  C:\Users\ujjjh\AppData\Local\Temp\cckY7D3M.s 			page 15


 383 0004 1A60     		str	r2, [r3]
 384 0006 7047     		bx	lr
 385              	.L42:
 386              		.align	2
 387              	.L41:
 388 0008 80E200E0 		.word	-536812928
 389              		.cfi_endproc
 390              	.LFE12:
 391              		.size	isr_1_ClearPending, .-isr_1_ClearPending
 392              		.comm	intr,4,4
 393              		.text
 394              	.Letext0:
 395              		.file 2 "Generated_Source\\PSoC5/cytypes.h"
 396              		.section	.debug_info,"",%progbits
 397              	.Ldebug_info0:
 398 0000 E4020000 		.4byte	0x2e4
 399 0004 0400     		.2byte	0x4
 400 0006 00000000 		.4byte	.Ldebug_abbrev0
 401 000a 04       		.byte	0x4
 402 000b 01       		.uleb128 0x1
 403 000c 97000000 		.4byte	.LASF34
 404 0010 0C       		.byte	0xc
 405 0011 64010000 		.4byte	.LASF35
 406 0015 05020000 		.4byte	.LASF36
 407 0019 00000000 		.4byte	.Ldebug_ranges0+0
 408 001d 00000000 		.4byte	0
 409 0021 00000000 		.4byte	.Ldebug_line0
 410 0025 02       		.uleb128 0x2
 411 0026 04       		.byte	0x4
 412 0027 05       		.byte	0x5
 413 0028 696E7400 		.ascii	"int\000"
 414 002c 03       		.uleb128 0x3
 415 002d 04       		.byte	0x4
 416 002e 07       		.byte	0x7
 417 002f 8A010000 		.4byte	.LASF0
 418 0033 03       		.uleb128 0x3
 419 0034 08       		.byte	0x8
 420 0035 05       		.byte	0x5
 421 0036 CC010000 		.4byte	.LASF1
 422 003a 03       		.uleb128 0x3
 423 003b 08       		.byte	0x8
 424 003c 04       		.byte	0x4
 425 003d 65020000 		.4byte	.LASF2
 426 0041 03       		.uleb128 0x3
 427 0042 01       		.byte	0x1
 428 0043 06       		.byte	0x6
 429 0044 71020000 		.4byte	.LASF3
 430 0048 03       		.uleb128 0x3
 431 0049 01       		.byte	0x1
 432 004a 08       		.byte	0x8
 433 004b 89000000 		.4byte	.LASF4
 434 004f 03       		.uleb128 0x3
 435 0050 02       		.byte	0x2
 436 0051 05       		.byte	0x5
 437 0052 FB010000 		.4byte	.LASF5
 438 0056 03       		.uleb128 0x3
 439 0057 02       		.byte	0x2
ARM GAS  C:\Users\ujjjh\AppData\Local\Temp\cckY7D3M.s 			page 16


 440 0058 07       		.byte	0x7
 441 0059 5E000000 		.4byte	.LASF6
 442 005d 03       		.uleb128 0x3
 443 005e 04       		.byte	0x4
 444 005f 05       		.byte	0x5
 445 0060 5C020000 		.4byte	.LASF7
 446 0064 03       		.uleb128 0x3
 447 0065 04       		.byte	0x4
 448 0066 07       		.byte	0x7
 449 0067 2A010000 		.4byte	.LASF8
 450 006b 03       		.uleb128 0x3
 451 006c 08       		.byte	0x8
 452 006d 07       		.byte	0x7
 453 006e 9F010000 		.4byte	.LASF9
 454 0072 03       		.uleb128 0x3
 455 0073 04       		.byte	0x4
 456 0074 07       		.byte	0x7
 457 0075 C3010000 		.4byte	.LASF10
 458 0079 03       		.uleb128 0x3
 459 007a 01       		.byte	0x1
 460 007b 08       		.byte	0x8
 461 007c E7010000 		.4byte	.LASF11
 462 0080 04       		.uleb128 0x4
 463 0081 04       		.byte	0x4
 464 0082 86000000 		.4byte	0x86
 465 0086 05       		.uleb128 0x5
 466 0087 06       		.uleb128 0x6
 467 0088 3C010000 		.4byte	.LASF12
 468 008c 02       		.byte	0x2
 469 008d E401     		.2byte	0x1e4
 470 008f 48000000 		.4byte	0x48
 471 0093 06       		.uleb128 0x6
 472 0094 83010000 		.4byte	.LASF13
 473 0098 02       		.byte	0x2
 474 0099 E601     		.2byte	0x1e6
 475 009b 64000000 		.4byte	0x64
 476 009f 03       		.uleb128 0x3
 477 00a0 04       		.byte	0x4
 478 00a1 04       		.byte	0x4
 479 00a2 83000000 		.4byte	.LASF14
 480 00a6 03       		.uleb128 0x3
 481 00a7 08       		.byte	0x8
 482 00a8 04       		.byte	0x4
 483 00a9 4B010000 		.4byte	.LASF15
 484 00ad 06       		.uleb128 0x6
 485 00ae 25010000 		.4byte	.LASF16
 486 00b2 02       		.byte	0x2
 487 00b3 8E02     		.2byte	0x28e
 488 00b5 B9000000 		.4byte	0xb9
 489 00b9 07       		.uleb128 0x7
 490 00ba 87000000 		.4byte	0x87
 491 00be 06       		.uleb128 0x6
 492 00bf 13000000 		.4byte	.LASF17
 493 00c3 02       		.byte	0x2
 494 00c4 9002     		.2byte	0x290
 495 00c6 CA000000 		.4byte	0xca
 496 00ca 07       		.uleb128 0x7
ARM GAS  C:\Users\ujjjh\AppData\Local\Temp\cckY7D3M.s 			page 17


 497 00cb 93000000 		.4byte	0x93
 498 00cf 06       		.uleb128 0x6
 499 00d0 B6010000 		.4byte	.LASF18
 500 00d4 02       		.byte	0x2
 501 00d5 A002     		.2byte	0x2a0
 502 00d7 80000000 		.4byte	0x80
 503 00db 08       		.uleb128 0x8
 504 00dc 4C020000 		.4byte	.LASF26
 505 00e0 01       		.byte	0x1
 506 00e1 A0       		.byte	0xa0
 507 00e2 00000000 		.4byte	.LFB3
 508 00e6 0C000000 		.4byte	.LFE3-.LFB3
 509 00ea 01       		.uleb128 0x1
 510 00eb 9C       		.byte	0x9c
 511 00ec 09       		.uleb128 0x9
 512 00ed 90020000 		.4byte	.LASF20
 513 00f1 01       		.byte	0x1
 514 00f2 C8       		.byte	0xc8
 515 00f3 00000000 		.4byte	.LFB4
 516 00f7 0C000000 		.4byte	.LFE4-.LFB4
 517 00fb 01       		.uleb128 0x1
 518 00fc 9C       		.byte	0x9c
 519 00fd 1C010000 		.4byte	0x11c
 520 0101 0A       		.uleb128 0xa
 521 0102 97010000 		.4byte	.LASF22
 522 0106 01       		.byte	0x1
 523 0107 C8       		.byte	0xc8
 524 0108 CF000000 		.4byte	0xcf
 525 010c 01       		.uleb128 0x1
 526 010d 50       		.byte	0x50
 527 010e 0B       		.uleb128 0xb
 528 010f EC010000 		.4byte	.LASF19
 529 0113 01       		.byte	0x1
 530 0114 CA       		.byte	0xca
 531 0115 1C010000 		.4byte	0x11c
 532 0119 01       		.uleb128 0x1
 533 011a 53       		.byte	0x53
 534 011b 00       		.byte	0
 535 011c 04       		.uleb128 0x4
 536 011d 04       		.byte	0x4
 537 011e CF000000 		.4byte	0xcf
 538 0122 0C       		.uleb128 0xc
 539 0123 3C020000 		.4byte	.LASF24
 540 0127 01       		.byte	0x1
 541 0128 E0       		.byte	0xe0
 542 0129 CF000000 		.4byte	0xcf
 543 012d 00000000 		.4byte	.LFB5
 544 0131 0C000000 		.4byte	.LFE5-.LFB5
 545 0135 01       		.uleb128 0x1
 546 0136 9C       		.byte	0x9c
 547 0137 49010000 		.4byte	0x149
 548 013b 0B       		.uleb128 0xb
 549 013c EC010000 		.4byte	.LASF19
 550 0140 01       		.byte	0x1
 551 0141 E2       		.byte	0xe2
 552 0142 1C010000 		.4byte	0x11c
 553 0146 01       		.uleb128 0x1
ARM GAS  C:\Users\ujjjh\AppData\Local\Temp\cckY7D3M.s 			page 18


 554 0147 53       		.byte	0x53
 555 0148 00       		.byte	0
 556 0149 0D       		.uleb128 0xd
 557 014a 52010000 		.4byte	.LASF21
 558 014e 01       		.byte	0x1
 559 014f 0201     		.2byte	0x102
 560 0151 00000000 		.4byte	.LFB6
 561 0155 10000000 		.4byte	.LFE6-.LFB6
 562 0159 01       		.uleb128 0x1
 563 015a 9C       		.byte	0x9c
 564 015b 70010000 		.4byte	0x170
 565 015f 0E       		.uleb128 0xe
 566 0160 42010000 		.4byte	.LASF23
 567 0164 01       		.byte	0x1
 568 0165 0201     		.2byte	0x102
 569 0167 87000000 		.4byte	0x87
 570 016b 00000000 		.4byte	.LLST0
 571 016f 00       		.byte	0
 572 0170 0F       		.uleb128 0xf
 573 0171 71000000 		.4byte	.LASF25
 574 0175 01       		.byte	0x1
 575 0176 1801     		.2byte	0x118
 576 0178 87000000 		.4byte	0x87
 577 017c 00000000 		.4byte	.LFB7
 578 0180 0C000000 		.4byte	.LFE7-.LFB7
 579 0184 01       		.uleb128 0x1
 580 0185 9C       		.byte	0x9c
 581 0186 9B010000 		.4byte	0x19b
 582 018a 10       		.uleb128 0x10
 583 018b 42010000 		.4byte	.LASF23
 584 018f 01       		.byte	0x1
 585 0190 1A01     		.2byte	0x11a
 586 0192 87000000 		.4byte	0x87
 587 0196 21000000 		.4byte	.LLST1
 588 019a 00       		.byte	0
 589 019b 11       		.uleb128 0x11
 590 019c DA010000 		.4byte	.LASF27
 591 01a0 01       		.byte	0x1
 592 01a1 3301     		.2byte	0x133
 593 01a3 00000000 		.4byte	.LFB8
 594 01a7 0C000000 		.4byte	.LFE8-.LFB8
 595 01ab 01       		.uleb128 0x1
 596 01ac 9C       		.byte	0x9c
 597 01ad 12       		.uleb128 0x12
 598 01ae 2A000000 		.4byte	.LASF37
 599 01b2 01       		.byte	0x1
 600 01b3 4801     		.2byte	0x148
 601 01b5 87000000 		.4byte	0x87
 602 01b9 00000000 		.4byte	.LFB9
 603 01bd 18000000 		.4byte	.LFE9-.LFB9
 604 01c1 01       		.uleb128 0x1
 605 01c2 9C       		.byte	0x9c
 606 01c3 11       		.uleb128 0x11
 607 01c4 39000000 		.4byte	.LASF28
 608 01c8 01       		.byte	0x1
 609 01c9 5D01     		.2byte	0x15d
 610 01cb 00000000 		.4byte	.LFB10
ARM GAS  C:\Users\ujjjh\AppData\Local\Temp\cckY7D3M.s 			page 19


 611 01cf 0C000000 		.4byte	.LFE10-.LFB10
 612 01d3 01       		.uleb128 0x1
 613 01d4 9C       		.byte	0x9c
 614 01d5 09       		.uleb128 0x9
 615 01d6 52000000 		.4byte	.LASF29
 616 01da 01       		.byte	0x1
 617 01db 3D       		.byte	0x3d
 618 01dc 00000000 		.4byte	.LFB0
 619 01e0 1C000000 		.4byte	.LFE0-.LFB0
 620 01e4 01       		.uleb128 0x1
 621 01e5 9C       		.byte	0x9c
 622 01e6 27020000 		.4byte	0x227
 623 01ea 13       		.uleb128 0x13
 624 01eb 06000000 		.4byte	.LVL7
 625 01ef C3010000 		.4byte	0x1c3
 626 01f3 14       		.uleb128 0x14
 627 01f4 0C000000 		.4byte	.LVL8
 628 01f8 EC000000 		.4byte	0xec
 629 01fc 0A020000 		.4byte	0x20a
 630 0200 15       		.uleb128 0x15
 631 0201 01       		.uleb128 0x1
 632 0202 50       		.byte	0x50
 633 0203 05       		.uleb128 0x5
 634 0204 03       		.byte	0x3
 635 0205 00000000 		.4byte	isr_1_Interrupt
 636 0209 00       		.byte	0
 637 020a 14       		.uleb128 0x14
 638 020b 12000000 		.4byte	.LVL9
 639 020f 49010000 		.4byte	0x149
 640 0213 1D020000 		.4byte	0x21d
 641 0217 15       		.uleb128 0x15
 642 0218 01       		.uleb128 0x1
 643 0219 50       		.byte	0x50
 644 021a 01       		.uleb128 0x1
 645 021b 37       		.byte	0x37
 646 021c 00       		.byte	0
 647 021d 13       		.uleb128 0x13
 648 021e 16000000 		.4byte	.LVL10
 649 0222 9B010000 		.4byte	0x19b
 650 0226 00       		.byte	0
 651 0227 09       		.uleb128 0x9
 652 0228 7D020000 		.4byte	.LASF30
 653 022c 01       		.byte	0x1
 654 022d 68       		.byte	0x68
 655 022e 00000000 		.4byte	.LFB1
 656 0232 1A000000 		.4byte	.LFE1-.LFB1
 657 0236 01       		.uleb128 0x1
 658 0237 9C       		.byte	0x9c
 659 0238 85020000 		.4byte	0x285
 660 023c 16       		.uleb128 0x16
 661 023d 97010000 		.4byte	.LASF22
 662 0241 01       		.byte	0x1
 663 0242 68       		.byte	0x68
 664 0243 CF000000 		.4byte	0xcf
 665 0247 38000000 		.4byte	.LLST2
 666 024b 13       		.uleb128 0x13
 667 024c 08000000 		.4byte	.LVL12
ARM GAS  C:\Users\ujjjh\AppData\Local\Temp\cckY7D3M.s 			page 20


 668 0250 C3010000 		.4byte	0x1c3
 669 0254 14       		.uleb128 0x14
 670 0255 0E000000 		.4byte	.LVL13
 671 0259 EC000000 		.4byte	0xec
 672 025d 68020000 		.4byte	0x268
 673 0261 15       		.uleb128 0x15
 674 0262 01       		.uleb128 0x1
 675 0263 50       		.byte	0x50
 676 0264 02       		.uleb128 0x2
 677 0265 74       		.byte	0x74
 678 0266 00       		.sleb128 0
 679 0267 00       		.byte	0
 680 0268 14       		.uleb128 0x14
 681 0269 14000000 		.4byte	.LVL14
 682 026d 49010000 		.4byte	0x149
 683 0271 7B020000 		.4byte	0x27b
 684 0275 15       		.uleb128 0x15
 685 0276 01       		.uleb128 0x1
 686 0277 50       		.byte	0x50
 687 0278 01       		.uleb128 0x1
 688 0279 37       		.byte	0x37
 689 027a 00       		.byte	0
 690 027b 13       		.uleb128 0x13
 691 027c 18000000 		.4byte	.LVL15
 692 0280 9B010000 		.4byte	0x19b
 693 0284 00       		.byte	0
 694 0285 09       		.uleb128 0x9
 695 0286 47000000 		.4byte	.LASF31
 696 028a 01       		.byte	0x1
 697 028b 86       		.byte	0x86
 698 028c 00000000 		.4byte	.LFB2
 699 0290 14000000 		.4byte	.LFE2-.LFB2
 700 0294 01       		.uleb128 0x1
 701 0295 9C       		.byte	0x9c
 702 0296 AD020000 		.4byte	0x2ad
 703 029a 13       		.uleb128 0x13
 704 029b 06000000 		.4byte	.LVL16
 705 029f C3010000 		.4byte	0x1c3
 706 02a3 13       		.uleb128 0x13
 707 02a4 0C000000 		.4byte	.LVL17
 708 02a8 EC000000 		.4byte	0xec
 709 02ac 00       		.byte	0
 710 02ad 11       		.uleb128 0x11
 711 02ae 19000000 		.4byte	.LASF32
 712 02b2 01       		.byte	0x1
 713 02b3 7801     		.2byte	0x178
 714 02b5 00000000 		.4byte	.LFB11
 715 02b9 0C000000 		.4byte	.LFE11-.LFB11
 716 02bd 01       		.uleb128 0x1
 717 02be 9C       		.byte	0x9c
 718 02bf 11       		.uleb128 0x11
 719 02c0 00000000 		.4byte	.LASF33
 720 02c4 01       		.byte	0x1
 721 02c5 9101     		.2byte	0x191
 722 02c7 00000000 		.4byte	.LFB12
 723 02cb 0C000000 		.4byte	.LFE12-.LFB12
 724 02cf 01       		.uleb128 0x1
ARM GAS  C:\Users\ujjjh\AppData\Local\Temp\cckY7D3M.s 			page 21


 725 02d0 9C       		.byte	0x9c
 726 02d1 17       		.uleb128 0x17
 727 02d2 8B020000 		.4byte	.LASF38
 728 02d6 01       		.byte	0x1
 729 02d7 1E       		.byte	0x1e
 730 02d8 E2020000 		.4byte	0x2e2
 731 02dc 05       		.uleb128 0x5
 732 02dd 03       		.byte	0x3
 733 02de 00000000 		.4byte	intr
 734 02e2 07       		.uleb128 0x7
 735 02e3 25000000 		.4byte	0x25
 736 02e7 00       		.byte	0
 737              		.section	.debug_abbrev,"",%progbits
 738              	.Ldebug_abbrev0:
 739 0000 01       		.uleb128 0x1
 740 0001 11       		.uleb128 0x11
 741 0002 01       		.byte	0x1
 742 0003 25       		.uleb128 0x25
 743 0004 0E       		.uleb128 0xe
 744 0005 13       		.uleb128 0x13
 745 0006 0B       		.uleb128 0xb
 746 0007 03       		.uleb128 0x3
 747 0008 0E       		.uleb128 0xe
 748 0009 1B       		.uleb128 0x1b
 749 000a 0E       		.uleb128 0xe
 750 000b 55       		.uleb128 0x55
 751 000c 17       		.uleb128 0x17
 752 000d 11       		.uleb128 0x11
 753 000e 01       		.uleb128 0x1
 754 000f 10       		.uleb128 0x10
 755 0010 17       		.uleb128 0x17
 756 0011 00       		.byte	0
 757 0012 00       		.byte	0
 758 0013 02       		.uleb128 0x2
 759 0014 24       		.uleb128 0x24
 760 0015 00       		.byte	0
 761 0016 0B       		.uleb128 0xb
 762 0017 0B       		.uleb128 0xb
 763 0018 3E       		.uleb128 0x3e
 764 0019 0B       		.uleb128 0xb
 765 001a 03       		.uleb128 0x3
 766 001b 08       		.uleb128 0x8
 767 001c 00       		.byte	0
 768 001d 00       		.byte	0
 769 001e 03       		.uleb128 0x3
 770 001f 24       		.uleb128 0x24
 771 0020 00       		.byte	0
 772 0021 0B       		.uleb128 0xb
 773 0022 0B       		.uleb128 0xb
 774 0023 3E       		.uleb128 0x3e
 775 0024 0B       		.uleb128 0xb
 776 0025 03       		.uleb128 0x3
 777 0026 0E       		.uleb128 0xe
 778 0027 00       		.byte	0
 779 0028 00       		.byte	0
 780 0029 04       		.uleb128 0x4
 781 002a 0F       		.uleb128 0xf
ARM GAS  C:\Users\ujjjh\AppData\Local\Temp\cckY7D3M.s 			page 22


 782 002b 00       		.byte	0
 783 002c 0B       		.uleb128 0xb
 784 002d 0B       		.uleb128 0xb
 785 002e 49       		.uleb128 0x49
 786 002f 13       		.uleb128 0x13
 787 0030 00       		.byte	0
 788 0031 00       		.byte	0
 789 0032 05       		.uleb128 0x5
 790 0033 15       		.uleb128 0x15
 791 0034 00       		.byte	0
 792 0035 27       		.uleb128 0x27
 793 0036 19       		.uleb128 0x19
 794 0037 00       		.byte	0
 795 0038 00       		.byte	0
 796 0039 06       		.uleb128 0x6
 797 003a 16       		.uleb128 0x16
 798 003b 00       		.byte	0
 799 003c 03       		.uleb128 0x3
 800 003d 0E       		.uleb128 0xe
 801 003e 3A       		.uleb128 0x3a
 802 003f 0B       		.uleb128 0xb
 803 0040 3B       		.uleb128 0x3b
 804 0041 05       		.uleb128 0x5
 805 0042 49       		.uleb128 0x49
 806 0043 13       		.uleb128 0x13
 807 0044 00       		.byte	0
 808 0045 00       		.byte	0
 809 0046 07       		.uleb128 0x7
 810 0047 35       		.uleb128 0x35
 811 0048 00       		.byte	0
 812 0049 49       		.uleb128 0x49
 813 004a 13       		.uleb128 0x13
 814 004b 00       		.byte	0
 815 004c 00       		.byte	0
 816 004d 08       		.uleb128 0x8
 817 004e 2E       		.uleb128 0x2e
 818 004f 00       		.byte	0
 819 0050 3F       		.uleb128 0x3f
 820 0051 19       		.uleb128 0x19
 821 0052 03       		.uleb128 0x3
 822 0053 0E       		.uleb128 0xe
 823 0054 3A       		.uleb128 0x3a
 824 0055 0B       		.uleb128 0xb
 825 0056 3B       		.uleb128 0x3b
 826 0057 0B       		.uleb128 0xb
 827 0058 27       		.uleb128 0x27
 828 0059 19       		.uleb128 0x19
 829 005a 11       		.uleb128 0x11
 830 005b 01       		.uleb128 0x1
 831 005c 12       		.uleb128 0x12
 832 005d 06       		.uleb128 0x6
 833 005e 40       		.uleb128 0x40
 834 005f 18       		.uleb128 0x18
 835 0060 9742     		.uleb128 0x2117
 836 0062 19       		.uleb128 0x19
 837 0063 00       		.byte	0
 838 0064 00       		.byte	0
ARM GAS  C:\Users\ujjjh\AppData\Local\Temp\cckY7D3M.s 			page 23


 839 0065 09       		.uleb128 0x9
 840 0066 2E       		.uleb128 0x2e
 841 0067 01       		.byte	0x1
 842 0068 3F       		.uleb128 0x3f
 843 0069 19       		.uleb128 0x19
 844 006a 03       		.uleb128 0x3
 845 006b 0E       		.uleb128 0xe
 846 006c 3A       		.uleb128 0x3a
 847 006d 0B       		.uleb128 0xb
 848 006e 3B       		.uleb128 0x3b
 849 006f 0B       		.uleb128 0xb
 850 0070 27       		.uleb128 0x27
 851 0071 19       		.uleb128 0x19
 852 0072 11       		.uleb128 0x11
 853 0073 01       		.uleb128 0x1
 854 0074 12       		.uleb128 0x12
 855 0075 06       		.uleb128 0x6
 856 0076 40       		.uleb128 0x40
 857 0077 18       		.uleb128 0x18
 858 0078 9742     		.uleb128 0x2117
 859 007a 19       		.uleb128 0x19
 860 007b 01       		.uleb128 0x1
 861 007c 13       		.uleb128 0x13
 862 007d 00       		.byte	0
 863 007e 00       		.byte	0
 864 007f 0A       		.uleb128 0xa
 865 0080 05       		.uleb128 0x5
 866 0081 00       		.byte	0
 867 0082 03       		.uleb128 0x3
 868 0083 0E       		.uleb128 0xe
 869 0084 3A       		.uleb128 0x3a
 870 0085 0B       		.uleb128 0xb
 871 0086 3B       		.uleb128 0x3b
 872 0087 0B       		.uleb128 0xb
 873 0088 49       		.uleb128 0x49
 874 0089 13       		.uleb128 0x13
 875 008a 02       		.uleb128 0x2
 876 008b 18       		.uleb128 0x18
 877 008c 00       		.byte	0
 878 008d 00       		.byte	0
 879 008e 0B       		.uleb128 0xb
 880 008f 34       		.uleb128 0x34
 881 0090 00       		.byte	0
 882 0091 03       		.uleb128 0x3
 883 0092 0E       		.uleb128 0xe
 884 0093 3A       		.uleb128 0x3a
 885 0094 0B       		.uleb128 0xb
 886 0095 3B       		.uleb128 0x3b
 887 0096 0B       		.uleb128 0xb
 888 0097 49       		.uleb128 0x49
 889 0098 13       		.uleb128 0x13
 890 0099 02       		.uleb128 0x2
 891 009a 18       		.uleb128 0x18
 892 009b 00       		.byte	0
 893 009c 00       		.byte	0
 894 009d 0C       		.uleb128 0xc
 895 009e 2E       		.uleb128 0x2e
ARM GAS  C:\Users\ujjjh\AppData\Local\Temp\cckY7D3M.s 			page 24


 896 009f 01       		.byte	0x1
 897 00a0 3F       		.uleb128 0x3f
 898 00a1 19       		.uleb128 0x19
 899 00a2 03       		.uleb128 0x3
 900 00a3 0E       		.uleb128 0xe
 901 00a4 3A       		.uleb128 0x3a
 902 00a5 0B       		.uleb128 0xb
 903 00a6 3B       		.uleb128 0x3b
 904 00a7 0B       		.uleb128 0xb
 905 00a8 27       		.uleb128 0x27
 906 00a9 19       		.uleb128 0x19
 907 00aa 49       		.uleb128 0x49
 908 00ab 13       		.uleb128 0x13
 909 00ac 11       		.uleb128 0x11
 910 00ad 01       		.uleb128 0x1
 911 00ae 12       		.uleb128 0x12
 912 00af 06       		.uleb128 0x6
 913 00b0 40       		.uleb128 0x40
 914 00b1 18       		.uleb128 0x18
 915 00b2 9742     		.uleb128 0x2117
 916 00b4 19       		.uleb128 0x19
 917 00b5 01       		.uleb128 0x1
 918 00b6 13       		.uleb128 0x13
 919 00b7 00       		.byte	0
 920 00b8 00       		.byte	0
 921 00b9 0D       		.uleb128 0xd
 922 00ba 2E       		.uleb128 0x2e
 923 00bb 01       		.byte	0x1
 924 00bc 3F       		.uleb128 0x3f
 925 00bd 19       		.uleb128 0x19
 926 00be 03       		.uleb128 0x3
 927 00bf 0E       		.uleb128 0xe
 928 00c0 3A       		.uleb128 0x3a
 929 00c1 0B       		.uleb128 0xb
 930 00c2 3B       		.uleb128 0x3b
 931 00c3 05       		.uleb128 0x5
 932 00c4 27       		.uleb128 0x27
 933 00c5 19       		.uleb128 0x19
 934 00c6 11       		.uleb128 0x11
 935 00c7 01       		.uleb128 0x1
 936 00c8 12       		.uleb128 0x12
 937 00c9 06       		.uleb128 0x6
 938 00ca 40       		.uleb128 0x40
 939 00cb 18       		.uleb128 0x18
 940 00cc 9742     		.uleb128 0x2117
 941 00ce 19       		.uleb128 0x19
 942 00cf 01       		.uleb128 0x1
 943 00d0 13       		.uleb128 0x13
 944 00d1 00       		.byte	0
 945 00d2 00       		.byte	0
 946 00d3 0E       		.uleb128 0xe
 947 00d4 05       		.uleb128 0x5
 948 00d5 00       		.byte	0
 949 00d6 03       		.uleb128 0x3
 950 00d7 0E       		.uleb128 0xe
 951 00d8 3A       		.uleb128 0x3a
 952 00d9 0B       		.uleb128 0xb
ARM GAS  C:\Users\ujjjh\AppData\Local\Temp\cckY7D3M.s 			page 25


 953 00da 3B       		.uleb128 0x3b
 954 00db 05       		.uleb128 0x5
 955 00dc 49       		.uleb128 0x49
 956 00dd 13       		.uleb128 0x13
 957 00de 02       		.uleb128 0x2
 958 00df 17       		.uleb128 0x17
 959 00e0 00       		.byte	0
 960 00e1 00       		.byte	0
 961 00e2 0F       		.uleb128 0xf
 962 00e3 2E       		.uleb128 0x2e
 963 00e4 01       		.byte	0x1
 964 00e5 3F       		.uleb128 0x3f
 965 00e6 19       		.uleb128 0x19
 966 00e7 03       		.uleb128 0x3
 967 00e8 0E       		.uleb128 0xe
 968 00e9 3A       		.uleb128 0x3a
 969 00ea 0B       		.uleb128 0xb
 970 00eb 3B       		.uleb128 0x3b
 971 00ec 05       		.uleb128 0x5
 972 00ed 27       		.uleb128 0x27
 973 00ee 19       		.uleb128 0x19
 974 00ef 49       		.uleb128 0x49
 975 00f0 13       		.uleb128 0x13
 976 00f1 11       		.uleb128 0x11
 977 00f2 01       		.uleb128 0x1
 978 00f3 12       		.uleb128 0x12
 979 00f4 06       		.uleb128 0x6
 980 00f5 40       		.uleb128 0x40
 981 00f6 18       		.uleb128 0x18
 982 00f7 9742     		.uleb128 0x2117
 983 00f9 19       		.uleb128 0x19
 984 00fa 01       		.uleb128 0x1
 985 00fb 13       		.uleb128 0x13
 986 00fc 00       		.byte	0
 987 00fd 00       		.byte	0
 988 00fe 10       		.uleb128 0x10
 989 00ff 34       		.uleb128 0x34
 990 0100 00       		.byte	0
 991 0101 03       		.uleb128 0x3
 992 0102 0E       		.uleb128 0xe
 993 0103 3A       		.uleb128 0x3a
 994 0104 0B       		.uleb128 0xb
 995 0105 3B       		.uleb128 0x3b
 996 0106 05       		.uleb128 0x5
 997 0107 49       		.uleb128 0x49
 998 0108 13       		.uleb128 0x13
 999 0109 02       		.uleb128 0x2
 1000 010a 17       		.uleb128 0x17
 1001 010b 00       		.byte	0
 1002 010c 00       		.byte	0
 1003 010d 11       		.uleb128 0x11
 1004 010e 2E       		.uleb128 0x2e
 1005 010f 00       		.byte	0
 1006 0110 3F       		.uleb128 0x3f
 1007 0111 19       		.uleb128 0x19
 1008 0112 03       		.uleb128 0x3
 1009 0113 0E       		.uleb128 0xe
ARM GAS  C:\Users\ujjjh\AppData\Local\Temp\cckY7D3M.s 			page 26


 1010 0114 3A       		.uleb128 0x3a
 1011 0115 0B       		.uleb128 0xb
 1012 0116 3B       		.uleb128 0x3b
 1013 0117 05       		.uleb128 0x5
 1014 0118 27       		.uleb128 0x27
 1015 0119 19       		.uleb128 0x19
 1016 011a 11       		.uleb128 0x11
 1017 011b 01       		.uleb128 0x1
 1018 011c 12       		.uleb128 0x12
 1019 011d 06       		.uleb128 0x6
 1020 011e 40       		.uleb128 0x40
 1021 011f 18       		.uleb128 0x18
 1022 0120 9742     		.uleb128 0x2117
 1023 0122 19       		.uleb128 0x19
 1024 0123 00       		.byte	0
 1025 0124 00       		.byte	0
 1026 0125 12       		.uleb128 0x12
 1027 0126 2E       		.uleb128 0x2e
 1028 0127 00       		.byte	0
 1029 0128 3F       		.uleb128 0x3f
 1030 0129 19       		.uleb128 0x19
 1031 012a 03       		.uleb128 0x3
 1032 012b 0E       		.uleb128 0xe
 1033 012c 3A       		.uleb128 0x3a
 1034 012d 0B       		.uleb128 0xb
 1035 012e 3B       		.uleb128 0x3b
 1036 012f 05       		.uleb128 0x5
 1037 0130 27       		.uleb128 0x27
 1038 0131 19       		.uleb128 0x19
 1039 0132 49       		.uleb128 0x49
 1040 0133 13       		.uleb128 0x13
 1041 0134 11       		.uleb128 0x11
 1042 0135 01       		.uleb128 0x1
 1043 0136 12       		.uleb128 0x12
 1044 0137 06       		.uleb128 0x6
 1045 0138 40       		.uleb128 0x40
 1046 0139 18       		.uleb128 0x18
 1047 013a 9742     		.uleb128 0x2117
 1048 013c 19       		.uleb128 0x19
 1049 013d 00       		.byte	0
 1050 013e 00       		.byte	0
 1051 013f 13       		.uleb128 0x13
 1052 0140 898201   		.uleb128 0x4109
 1053 0143 00       		.byte	0
 1054 0144 11       		.uleb128 0x11
 1055 0145 01       		.uleb128 0x1
 1056 0146 31       		.uleb128 0x31
 1057 0147 13       		.uleb128 0x13
 1058 0148 00       		.byte	0
 1059 0149 00       		.byte	0
 1060 014a 14       		.uleb128 0x14
 1061 014b 898201   		.uleb128 0x4109
 1062 014e 01       		.byte	0x1
 1063 014f 11       		.uleb128 0x11
 1064 0150 01       		.uleb128 0x1
 1065 0151 31       		.uleb128 0x31
 1066 0152 13       		.uleb128 0x13
ARM GAS  C:\Users\ujjjh\AppData\Local\Temp\cckY7D3M.s 			page 27


 1067 0153 01       		.uleb128 0x1
 1068 0154 13       		.uleb128 0x13
 1069 0155 00       		.byte	0
 1070 0156 00       		.byte	0
 1071 0157 15       		.uleb128 0x15
 1072 0158 8A8201   		.uleb128 0x410a
 1073 015b 00       		.byte	0
 1074 015c 02       		.uleb128 0x2
 1075 015d 18       		.uleb128 0x18
 1076 015e 9142     		.uleb128 0x2111
 1077 0160 18       		.uleb128 0x18
 1078 0161 00       		.byte	0
 1079 0162 00       		.byte	0
 1080 0163 16       		.uleb128 0x16
 1081 0164 05       		.uleb128 0x5
 1082 0165 00       		.byte	0
 1083 0166 03       		.uleb128 0x3
 1084 0167 0E       		.uleb128 0xe
 1085 0168 3A       		.uleb128 0x3a
 1086 0169 0B       		.uleb128 0xb
 1087 016a 3B       		.uleb128 0x3b
 1088 016b 0B       		.uleb128 0xb
 1089 016c 49       		.uleb128 0x49
 1090 016d 13       		.uleb128 0x13
 1091 016e 02       		.uleb128 0x2
 1092 016f 17       		.uleb128 0x17
 1093 0170 00       		.byte	0
 1094 0171 00       		.byte	0
 1095 0172 17       		.uleb128 0x17
 1096 0173 34       		.uleb128 0x34
 1097 0174 00       		.byte	0
 1098 0175 03       		.uleb128 0x3
 1099 0176 0E       		.uleb128 0xe
 1100 0177 3A       		.uleb128 0x3a
 1101 0178 0B       		.uleb128 0xb
 1102 0179 3B       		.uleb128 0x3b
 1103 017a 0B       		.uleb128 0xb
 1104 017b 49       		.uleb128 0x49
 1105 017c 13       		.uleb128 0x13
 1106 017d 3F       		.uleb128 0x3f
 1107 017e 19       		.uleb128 0x19
 1108 017f 02       		.uleb128 0x2
 1109 0180 18       		.uleb128 0x18
 1110 0181 00       		.byte	0
 1111 0182 00       		.byte	0
 1112 0183 00       		.byte	0
 1113              		.section	.debug_loc,"",%progbits
 1114              	.Ldebug_loc0:
 1115              	.LLST0:
 1116 0000 00000000 		.4byte	.LVL3
 1117 0004 02000000 		.4byte	.LVL4
 1118 0008 0100     		.2byte	0x1
 1119 000a 50       		.byte	0x50
 1120 000b 02000000 		.4byte	.LVL4
 1121 000f 10000000 		.4byte	.LFE6
 1122 0013 0400     		.2byte	0x4
 1123 0015 F3       		.byte	0xf3
ARM GAS  C:\Users\ujjjh\AppData\Local\Temp\cckY7D3M.s 			page 28


 1124 0016 01       		.uleb128 0x1
 1125 0017 50       		.byte	0x50
 1126 0018 9F       		.byte	0x9f
 1127 0019 00000000 		.4byte	0
 1128 001d 00000000 		.4byte	0
 1129              	.LLST1:
 1130 0021 04000000 		.4byte	.LVL5
 1131 0025 06000000 		.4byte	.LVL6
 1132 0029 0500     		.2byte	0x5
 1133 002b 70       		.byte	0x70
 1134 002c 00       		.sleb128 0
 1135 002d 35       		.byte	0x35
 1136 002e 25       		.byte	0x25
 1137 002f 9F       		.byte	0x9f
 1138 0030 00000000 		.4byte	0
 1139 0034 00000000 		.4byte	0
 1140              	.LLST2:
 1141 0038 00000000 		.4byte	.LVL11
 1142 003c 07000000 		.4byte	.LVL12-1
 1143 0040 0100     		.2byte	0x1
 1144 0042 50       		.byte	0x50
 1145 0043 07000000 		.4byte	.LVL12-1
 1146 0047 1A000000 		.4byte	.LFE1
 1147 004b 0100     		.2byte	0x1
 1148 004d 54       		.byte	0x54
 1149 004e 00000000 		.4byte	0
 1150 0052 00000000 		.4byte	0
 1151              		.section	.debug_aranges,"",%progbits
 1152 0000 7C000000 		.4byte	0x7c
 1153 0004 0200     		.2byte	0x2
 1154 0006 00000000 		.4byte	.Ldebug_info0
 1155 000a 04       		.byte	0x4
 1156 000b 00       		.byte	0
 1157 000c 0000     		.2byte	0
 1158 000e 0000     		.2byte	0
 1159 0010 00000000 		.4byte	.LFB3
 1160 0014 0C000000 		.4byte	.LFE3-.LFB3
 1161 0018 00000000 		.4byte	.LFB4
 1162 001c 0C000000 		.4byte	.LFE4-.LFB4
 1163 0020 00000000 		.4byte	.LFB5
 1164 0024 0C000000 		.4byte	.LFE5-.LFB5
 1165 0028 00000000 		.4byte	.LFB6
 1166 002c 10000000 		.4byte	.LFE6-.LFB6
 1167 0030 00000000 		.4byte	.LFB7
 1168 0034 0C000000 		.4byte	.LFE7-.LFB7
 1169 0038 00000000 		.4byte	.LFB8
 1170 003c 0C000000 		.4byte	.LFE8-.LFB8
 1171 0040 00000000 		.4byte	.LFB9
 1172 0044 18000000 		.4byte	.LFE9-.LFB9
 1173 0048 00000000 		.4byte	.LFB10
 1174 004c 0C000000 		.4byte	.LFE10-.LFB10
 1175 0050 00000000 		.4byte	.LFB0
 1176 0054 1C000000 		.4byte	.LFE0-.LFB0
 1177 0058 00000000 		.4byte	.LFB1
 1178 005c 1A000000 		.4byte	.LFE1-.LFB1
 1179 0060 00000000 		.4byte	.LFB2
 1180 0064 14000000 		.4byte	.LFE2-.LFB2
ARM GAS  C:\Users\ujjjh\AppData\Local\Temp\cckY7D3M.s 			page 29


 1181 0068 00000000 		.4byte	.LFB11
 1182 006c 0C000000 		.4byte	.LFE11-.LFB11
 1183 0070 00000000 		.4byte	.LFB12
 1184 0074 0C000000 		.4byte	.LFE12-.LFB12
 1185 0078 00000000 		.4byte	0
 1186 007c 00000000 		.4byte	0
 1187              		.section	.debug_ranges,"",%progbits
 1188              	.Ldebug_ranges0:
 1189 0000 00000000 		.4byte	.LFB3
 1190 0004 0C000000 		.4byte	.LFE3
 1191 0008 00000000 		.4byte	.LFB4
 1192 000c 0C000000 		.4byte	.LFE4
 1193 0010 00000000 		.4byte	.LFB5
 1194 0014 0C000000 		.4byte	.LFE5
 1195 0018 00000000 		.4byte	.LFB6
 1196 001c 10000000 		.4byte	.LFE6
 1197 0020 00000000 		.4byte	.LFB7
 1198 0024 0C000000 		.4byte	.LFE7
 1199 0028 00000000 		.4byte	.LFB8
 1200 002c 0C000000 		.4byte	.LFE8
 1201 0030 00000000 		.4byte	.LFB9
 1202 0034 18000000 		.4byte	.LFE9
 1203 0038 00000000 		.4byte	.LFB10
 1204 003c 0C000000 		.4byte	.LFE10
 1205 0040 00000000 		.4byte	.LFB0
 1206 0044 1C000000 		.4byte	.LFE0
 1207 0048 00000000 		.4byte	.LFB1
 1208 004c 1A000000 		.4byte	.LFE1
 1209 0050 00000000 		.4byte	.LFB2
 1210 0054 14000000 		.4byte	.LFE2
 1211 0058 00000000 		.4byte	.LFB11
 1212 005c 0C000000 		.4byte	.LFE11
 1213 0060 00000000 		.4byte	.LFB12
 1214 0064 0C000000 		.4byte	.LFE12
 1215 0068 00000000 		.4byte	0
 1216 006c 00000000 		.4byte	0
 1217              		.section	.debug_line,"",%progbits
 1218              	.Ldebug_line0:
 1219 0000 2F010000 		.section	.debug_str,"MS",%progbits,1
 1219      02004200 
 1219      00000201 
 1219      FB0E0D00 
 1219      01010101 
 1220              	.LASF33:
 1221 0000 6973725F 		.ascii	"isr_1_ClearPending\000"
 1221      315F436C 
 1221      65617250 
 1221      656E6469 
 1221      6E6700
 1222              	.LASF17:
 1223 0013 72656733 		.ascii	"reg32\000"
 1223      3200
 1224              	.LASF32:
 1225 0019 6973725F 		.ascii	"isr_1_SetPending\000"
 1225      315F5365 
 1225      7450656E 
 1225      64696E67 
ARM GAS  C:\Users\ujjjh\AppData\Local\Temp\cckY7D3M.s 			page 30


 1225      00
 1226              	.LASF37:
 1227 002a 6973725F 		.ascii	"isr_1_GetState\000"
 1227      315F4765 
 1227      74537461 
 1227      746500
 1228              	.LASF28:
 1229 0039 6973725F 		.ascii	"isr_1_Disable\000"
 1229      315F4469 
 1229      7361626C 
 1229      6500
 1230              	.LASF31:
 1231 0047 6973725F 		.ascii	"isr_1_Stop\000"
 1231      315F5374 
 1231      6F7000
 1232              	.LASF29:
 1233 0052 6973725F 		.ascii	"isr_1_Start\000"
 1233      315F5374 
 1233      61727400 
 1234              	.LASF6:
 1235 005e 73686F72 		.ascii	"short unsigned int\000"
 1235      7420756E 
 1235      7369676E 
 1235      65642069 
 1235      6E7400
 1236              	.LASF25:
 1237 0071 6973725F 		.ascii	"isr_1_GetPriority\000"
 1237      315F4765 
 1237      74507269 
 1237      6F726974 
 1237      7900
 1238              	.LASF14:
 1239 0083 666C6F61 		.ascii	"float\000"
 1239      7400
 1240              	.LASF4:
 1241 0089 756E7369 		.ascii	"unsigned char\000"
 1241      676E6564 
 1241      20636861 
 1241      7200
 1242              	.LASF34:
 1243 0097 474E5520 		.ascii	"GNU C11 5.4.1 20160609 (release) [ARM/embedded-5-br"
 1243      43313120 
 1243      352E342E 
 1243      31203230 
 1243      31363036 
 1244 00ca 616E6368 		.ascii	"anch revision 237715] -mcpu=cortex-m3 -mthumb -g -O"
 1244      20726576 
 1244      6973696F 
 1244      6E203233 
 1244      37373135 
 1245 00fd 67202D66 		.ascii	"g -ffunction-sections -ffat-lto-objects\000"
 1245      66756E63 
 1245      74696F6E 
 1245      2D736563 
 1245      74696F6E 
 1246              	.LASF16:
 1247 0125 72656738 		.ascii	"reg8\000"
ARM GAS  C:\Users\ujjjh\AppData\Local\Temp\cckY7D3M.s 			page 31


 1247      00
 1248              	.LASF8:
 1249 012a 6C6F6E67 		.ascii	"long unsigned int\000"
 1249      20756E73 
 1249      69676E65 
 1249      6420696E 
 1249      7400
 1250              	.LASF12:
 1251 013c 75696E74 		.ascii	"uint8\000"
 1251      3800
 1252              	.LASF23:
 1253 0142 7072696F 		.ascii	"priority\000"
 1253      72697479 
 1253      00
 1254              	.LASF15:
 1255 014b 646F7562 		.ascii	"double\000"
 1255      6C6500
 1256              	.LASF21:
 1257 0152 6973725F 		.ascii	"isr_1_SetPriority\000"
 1257      315F5365 
 1257      74507269 
 1257      6F726974 
 1257      7900
 1258              	.LASF35:
 1259 0164 47656E65 		.ascii	"Generated_Source\\PSoC5\\isr_1.c\000"
 1259      72617465 
 1259      645F536F 
 1259      75726365 
 1259      5C50536F 
 1260              	.LASF13:
 1261 0183 75696E74 		.ascii	"uint32\000"
 1261      333200
 1262              	.LASF0:
 1263 018a 756E7369 		.ascii	"unsigned int\000"
 1263      676E6564 
 1263      20696E74 
 1263      00
 1264              	.LASF22:
 1265 0197 61646472 		.ascii	"address\000"
 1265      65737300 
 1266              	.LASF9:
 1267 019f 6C6F6E67 		.ascii	"long long unsigned int\000"
 1267      206C6F6E 
 1267      6720756E 
 1267      7369676E 
 1267      65642069 
 1268              	.LASF18:
 1269 01b6 63796973 		.ascii	"cyisraddress\000"
 1269      72616464 
 1269      72657373 
 1269      00
 1270              	.LASF10:
 1271 01c3 73697A65 		.ascii	"sizetype\000"
 1271      74797065 
 1271      00
 1272              	.LASF1:
 1273 01cc 6C6F6E67 		.ascii	"long long int\000"
ARM GAS  C:\Users\ujjjh\AppData\Local\Temp\cckY7D3M.s 			page 32


 1273      206C6F6E 
 1273      6720696E 
 1273      7400
 1274              	.LASF27:
 1275 01da 6973725F 		.ascii	"isr_1_Enable\000"
 1275      315F456E 
 1275      61626C65 
 1275      00
 1276              	.LASF11:
 1277 01e7 63686172 		.ascii	"char\000"
 1277      00
 1278              	.LASF19:
 1279 01ec 72616D56 		.ascii	"ramVectorTable\000"
 1279      6563746F 
 1279      72546162 
 1279      6C6500
 1280              	.LASF5:
 1281 01fb 73686F72 		.ascii	"short int\000"
 1281      7420696E 
 1281      7400
 1282              	.LASF36:
 1283 0205 553A5C44 		.ascii	"U:\\Documents\\PSoC Creator\\Wetterstation\\Design0"
 1283      6F63756D 
 1283      656E7473 
 1283      5C50536F 
 1283      43204372 
 1284 0234 312E6379 		.ascii	"1.cydsn\000"
 1284      64736E00 
 1285              	.LASF24:
 1286 023c 6973725F 		.ascii	"isr_1_GetVector\000"
 1286      315F4765 
 1286      74566563 
 1286      746F7200 
 1287              	.LASF26:
 1288 024c 6973725F 		.ascii	"isr_1_Interrupt\000"
 1288      315F496E 
 1288      74657272 
 1288      75707400 
 1289              	.LASF7:
 1290 025c 6C6F6E67 		.ascii	"long int\000"
 1290      20696E74 
 1290      00
 1291              	.LASF2:
 1292 0265 6C6F6E67 		.ascii	"long double\000"
 1292      20646F75 
 1292      626C6500 
 1293              	.LASF3:
 1294 0271 7369676E 		.ascii	"signed char\000"
 1294      65642063 
 1294      68617200 
 1295              	.LASF30:
 1296 027d 6973725F 		.ascii	"isr_1_StartEx\000"
 1296      315F5374 
 1296      61727445 
 1296      7800
 1297              	.LASF38:
 1298 028b 696E7472 		.ascii	"intr\000"
ARM GAS  C:\Users\ujjjh\AppData\Local\Temp\cckY7D3M.s 			page 33


 1298      00
 1299              	.LASF20:
 1300 0290 6973725F 		.ascii	"isr_1_SetVector\000"
 1300      315F5365 
 1300      74566563 
 1300      746F7200 
 1301              		.ident	"GCC: (GNU Tools for ARM Embedded Processors) 5.4.1 20160609 (release) [ARM/embedded-5-bran
