Archive member included to satisfy reference by file (symbol)

.\CortexM3\ARM_GCC_541\Debug\Frequenzzaehler.a(Threshold_1.o)
                              .\CortexM3\ARM_GCC_541\Debug\main.o (Threshold_1_Start)
.\CortexM3\ARM_GCC_541\Debug\Frequenzzaehler.a(Trigger_1.o)
                              .\CortexM3\ARM_GCC_541\Debug\main.o (Trigger_1_Start)
.\CortexM3\ARM_GCC_541\Debug\Frequenzzaehler.a(Comp_1.o)
                              .\CortexM3\ARM_GCC_541\Debug\main.o (Comp_1_Start)
.\CortexM3\ARM_GCC_541\Debug\Frequenzzaehler.a(Comp_2.o)
                              .\CortexM3\ARM_GCC_541\Debug\main.o (Comp_2_Start)
.\CortexM3\ARM_GCC_541\Debug\Frequenzzaehler.a(Clock_1.o)
                              .\CortexM3\ARM_GCC_541\Debug\main.o (Clock_1_Start)
.\CortexM3\ARM_GCC_541\Debug\Frequenzzaehler.a(CyLib.o)
                              .\CortexM3\ARM_GCC_541\Debug\Cm3Start.o (CyHalt)
.\CortexM3\ARM_GCC_541\Debug\Frequenzzaehler.a(cyPm.o)
                              .\CortexM3\ARM_GCC_541\Debug\Frequenzzaehler.a(CyLib.o) (CyPmReadStatus)
.\CortexM3\ARM_GCC_541\Debug\Frequenzzaehler.a(Clock_2.o)
                              .\CortexM3\ARM_GCC_541\Debug\main.o (Clock_2_Start)
.\CortexM3\ARM_GCC_541\Debug\Frequenzzaehler.a(PWM_1.o)
                              .\CortexM3\ARM_GCC_541\Debug\main.o (PWM_1_ReadStatusRegister)
.\CortexM3\ARM_GCC_541\Debug\Frequenzzaehler.a(Counter_1.o)
                              .\CortexM3\ARM_GCC_541\Debug\main.o (Counter_1_Stop)
.\CortexM3\ARM_GCC_541\Debug\Frequenzzaehler.a(isr_1.o)
                              .\CortexM3\ARM_GCC_541\Debug\main.o (intr)
.\CortexM3\ARM_GCC_541\Debug\Frequenzzaehler.a(UART_1.o)
                              .\CortexM3\ARM_GCC_541\Debug\main.o (UART_1_Start)
.\CortexM3\ARM_GCC_541\Debug\Frequenzzaehler.a(LCD_1.o)
                              .\CortexM3\ARM_GCC_541\Debug\main.o (LCD_1_WriteControl)
.\CortexM3\ARM_GCC_541\Debug\Frequenzzaehler.a(UART_1_IntClock.o)
                              .\CortexM3\ARM_GCC_541\Debug\Frequenzzaehler.a(UART_1.o) (UART_1_IntClock_Start)
.\CortexM3\ARM_GCC_541\Debug\Frequenzzaehler.a(CyBootAsmGnu.o)
                              .\CortexM3\ARM_GCC_541\Debug\cyfitter_cfg.o (CyDelayCycles)
.\CortexM3\ARM_GCC_541\Debug\Frequenzzaehler.a(CyFlash.o)
                              .\CortexM3\ARM_GCC_541\Debug\Frequenzzaehler.a(cyPm.o) (CyFlash_SetWaitCycles)
.\CortexM3\ARM_GCC_541\Debug\Frequenzzaehler.a(CySpc.o)
                              .\CortexM3\ARM_GCC_541\Debug\Frequenzzaehler.a(CyFlash.o) (CySpcStart)
c:/program files (x86)/cypress/psoc creator/4.2/psoc creator/import/gnu/arm/5.4.1/bin/../lib/gcc/arm-none-eabi/5.4.1/../../../../arm-none-eabi/lib/armv7-m\libg_nano.a(lib_a-errno.o)
                              .\CortexM3\ARM_GCC_541\Debug\Cm3Start.o (__errno)
c:/program files (x86)/cypress/psoc creator/4.2/psoc creator/import/gnu/arm/5.4.1/bin/../lib/gcc/arm-none-eabi/5.4.1/../../../../arm-none-eabi/lib/armv7-m\libg_nano.a(lib_a-exit.o)
                              c:/program files (x86)/cypress/psoc creator/4.2/psoc creator/import/gnu/arm/5.4.1/bin/../lib/gcc/arm-none-eabi/5.4.1/../../../../arm-none-eabi/lib/armv7-m/crt0.o (exit)
c:/program files (x86)/cypress/psoc creator/4.2/psoc creator/import/gnu/arm/5.4.1/bin/../lib/gcc/arm-none-eabi/5.4.1/../../../../arm-none-eabi/lib/armv7-m\libg_nano.a(lib_a-impure.o)
                              c:/program files (x86)/cypress/psoc creator/4.2/psoc creator/import/gnu/arm/5.4.1/bin/../lib/gcc/arm-none-eabi/5.4.1/../../../../arm-none-eabi/lib/armv7-m\libg_nano.a(lib_a-exit.o) (_global_impure_ptr)
c:/program files (x86)/cypress/psoc creator/4.2/psoc creator/import/gnu/arm/5.4.1/bin/../lib/gcc/arm-none-eabi/5.4.1/../../../../arm-none-eabi/lib/armv7-m\libg_nano.a(lib_a-init.o)
                              c:/program files (x86)/cypress/psoc creator/4.2/psoc creator/import/gnu/arm/5.4.1/bin/../lib/gcc/arm-none-eabi/5.4.1/../../../../arm-none-eabi/lib/armv7-m/crt0.o (__libc_init_array)
c:/program files (x86)/cypress/psoc creator/4.2/psoc creator/import/gnu/arm/5.4.1/bin/../lib/gcc/arm-none-eabi/5.4.1/../../../../arm-none-eabi/lib/armv7-m\libg_nano.a(lib_a-memcpy-stub.o)
                              .\CortexM3\ARM_GCC_541\Debug\cyfitter_cfg.o (memcpy)
c:/program files (x86)/cypress/psoc creator/4.2/psoc creator/import/gnu/arm/5.4.1/bin/../lib/gcc/arm-none-eabi/5.4.1/../../../../arm-none-eabi/lib/armv7-m\libg_nano.a(lib_a-memset.o)
                              c:/program files (x86)/cypress/psoc creator/4.2/psoc creator/import/gnu/arm/5.4.1/bin/../lib/gcc/arm-none-eabi/5.4.1/../../../../arm-none-eabi/lib/armv7-m/crt0.o (memset)
c:/program files (x86)/cypress/psoc creator/4.2/psoc creator/import/gnu/arm/5.4.1/bin/../lib/gcc/arm-none-eabi/5.4.1/../../../../arm-none-eabi/lib/armv7-m\libg_nano.a(lib_a-sprintf.o)
                              .\CortexM3\ARM_GCC_541\Debug\main.o (sprintf)
[...]
Memory Configuration

Name             Origin             Length             Attributes
rom              0x00000000         0x00040000         xr
ram              0x1fff8000         0x00010000         xrw
*default*        0x00000000         0xffffffff

Linker script and memory map

LOAD c:/program files (x86)/cypress/psoc creator/4.2/psoc creator/import/gnu/arm/5.4.1/bin/../lib/gcc/arm-none-eabi/5.4.1/armv7-m/crti.o
LOAD c:/program files (x86)/cypress/psoc creator/4.2/psoc creator/import/gnu/arm/5.4.1/bin/../lib/gcc/arm-none-eabi/5.4.1/armv7-m/crtbegin.o
LOAD c:/program files (x86)/cypress/psoc creator/4.2/psoc creator/import/gnu/arm/5.4.1/bin/../lib/gcc/arm-none-eabi/5.4.1/../../../../arm-none-eabi/lib/armv7-m/crt0.o
START GROUP
LOAD .\CortexM3\ARM_GCC_541\Debug\main.o
LOAD .\CortexM3\ARM_GCC_541\Debug\cyfitter_cfg.o
LOAD .\CortexM3\ARM_GCC_541\Debug\cymetadata.o
LOAD .\CortexM3\ARM_GCC_541\Debug\Cm3Start.o
LOAD .\CortexM3\ARM_GCC_541\Debug\Frequenzzaehler.a
LOAD C:\Program Files (x86)\Cypress\PSoC Creator\4.2\PSoC Creator\psoc\content\cycomponentlibrary\CyComponentLibrary.cylib\CortexM3\ARM_GCC_541\Debug\CyComponentLibrary.a
END GROUP
START GROUP
LOAD c:/program files (x86)/cypress/psoc creator/4.2/psoc creator/import/gnu/arm/5.4.1/bin/../lib/gcc/arm-none-eabi/5.4.1/armv7-m\libgcc.a
LOAD c:/program files (x86)/cypress/psoc creator/4.2/psoc creator/import/gnu/arm/5.4.1/bin/../lib/gcc/arm-none-eabi/5.4.1/../../../../arm-none-eabi/lib/armv7-m\libg_nano.a
LOAD c:/program files (x86)/cypress/psoc creator/4.2/psoc creator/import/gnu/arm/5.4.1/bin/../lib/gcc/arm-none-eabi/5.4.1/../../../../arm-none-eabi/lib/armv7-m\libc_nano.a
END GROUP
START GROUP
LOAD c:/program files (x86)/cypress/psoc creator/4.2/psoc creator/import/gnu/arm/5.4.1/bin/../lib/gcc/arm-none-eabi/5.4.1/armv7-m\libgcc.a
LOAD c:/program files (x86)/cypress/psoc creator/4.2/psoc creator/import/gnu/arm/5.4.1/bin/../lib/gcc/arm-none-eabi/5.4.1/../../../../arm-none-eabi/lib/armv7-m\libc_nano.a
END GROUP
LOAD c:/program files (x86)/cypress/psoc creator/4.2/psoc creator/import/gnu/arm/5.4.1/bin/../lib/gcc/arm-none-eabi/5.4.1/armv7-m/crtend.o
LOAD c:/program files (x86)/cypress/psoc creator/4.2/psoc creator/import/gnu/arm/5.4.1/bin/../lib/gcc/arm-none-eabi/5.4.1/armv7-m/crtn.o
START GROUP
LOAD c:/program files (x86)/cypress/psoc creator/4.2/psoc creator/import/gnu/arm/5.4.1/bin/../lib/gcc/arm-none-eabi/5.4.1/armv7-m\libgcc.a
LOAD c:/program files (x86)/cypress/psoc creator/4.2/psoc creator/import/gnu/arm/5.4.1/bin/../lib/gcc/arm-none-eabi/5.4.1/../../../../arm-none-eabi/lib/armv7-m\libc.a
LOAD c:/program files (x86)/cypress/psoc creator/4.2/psoc creator/import/gnu/arm/5.4.1/bin/../lib/gcc/arm-none-eabi/5.4.1/../../../../arm-none-eabi/lib/armv7-m\libnosys.a
END GROUP
                0x00000000                CY_APPL_ORIGIN = 0x0
                0x00000100                CY_FLASH_ROW_SIZE = 0x100
                0x00000020                CY_ECC_ROW_SIZE = 0x20
                0x00000000                CY_EE_IN_BTLDR = 0x0
                0x00000000                CY_APPL_LOADABLE = 0x0
                0x00000800                CY_EE_SIZE = 0x800
                0x00000001                CY_APPL_NUM = 0x1
                0x00000001                CY_APPL_MAX = 0x1
                0x00000040                CY_METADATA_SIZE = 0x40
                0x00000000                CY_APPL_LOADABLE = 0x0
                0x00000000                CY_CHECKSUM_EXCLUDE_SIZE = ALIGN (0x0, CY_FLASH_ROW_SIZE)
                [!provide]                PROVIDE (__cy_heap_start, _end)
                0x00000001                PROVIDE (__cy_region_num, ((__cy_regions_end - __cy_regions) / 0x10))
                0x20008000                PROVIDE (__cy_stack, (ORIGIN (ram) + LENGTH (ram)))
                [!provide]                PROVIDE (__cy_heap_end, (__cy_stack - 0x800))

.cybootloader   0x00000000        0x0
 *(.cybootloader)
                0x00000000                appl1_start = CY_APPL_ORIGIN?CY_APPL_ORIGIN:ALIGN (CY_FLASH_ROW_SIZE)
                0x0001ff00                appl2_start = (appl1_start + ALIGN ((((LENGTH (rom) - appl1_start) - (0x2 * CY_FLASH_ROW_SIZE)) / 0x2), CY_FLASH_ROW_SIZE))
                0x00000000                appl_start = (CY_APPL_NUM == 0x1)?appl1_start:appl2_start
                0x00000000                ecc_offset = ((appl_start / CY_FLASH_ROW_SIZE) * CY_ECC_ROW_SIZE)
                0x00000000                ee_offset = (CY_APPL_LOADABLE && ! (CY_EE_IN_BTLDR))?((CY_EE_SIZE / CY_APPL_MAX) * (CY_APPL_NUM - 0x1)):0x0
                0x00000800                ee_size = (CY_APPL_LOADABLE && ! (CY_EE_IN_BTLDR))?(CY_EE_SIZE / CY_APPL_MAX):CY_EE_SIZE
                [!provide]                PROVIDE (CY_ECC_OFFSET, ecc_offset)

.text           0x00000000     0x1740
 CREATE_OBJECT_SYMBOLS
                0x00000000                PROVIDE (__cy_interrupt_vector, RomVectors)
 *(.romvectors)
 .romvectors    0x00000000       0x10 .\CortexM3\ARM_GCC_541\Debug\Cm3Start.o
                0x00000000                RomVectors
                0x00000001                ASSERT ((. != __cy_interrupt_vector), No interrupt vector)
                0x00000001                ASSERT (CY_APPL_ORIGIN?(SIZEOF (.cybootloader) <= CY_APPL_ORIGIN):0x1, Wrong image location)
                0x00000010                PROVIDE (__cy_reset, Reset)
 *(.text.Reset)
 .text.Reset    0x00000010       0x18 .\CortexM3\ARM_GCC_541\Debug\Cm3Start.o
                0x00000010                Reset
                0x00000001                ASSERT ((. != __cy_reset), No reset code)
 *(.dma_init)
                0x00000001                ASSERT ((((appl_start + .) <= 0x10000) || 0x1), DMA Init must be within the first 64k of flash)
 *(.text .text.* .gnu.linkonce.t.*)
 .text          0x00000028       0x5c c:/program files (x86)/cypress/psoc creator/4.2/psoc creator/import/gnu/arm/5.4.1/bin/../lib/gcc/arm-none-eabi/5.4.1/armv7-m/crtbegin.o
 .text.main     0x00000084       0xa4 .\CortexM3\ARM_GCC_541\Debug\main.o
                0x00000084                main
 .text.CyClockStartupError
                0x00000128        0x4 .\CortexM3\ARM_GCC_541\Debug\cyfitter_cfg.o
 .text.cfg_write_bytes32
                0x0000012c       0x34 .\CortexM3\ARM_GCC_541\Debug\cyfitter_cfg.o
 .text.AnalogSetDefault
                0x00000160       0x60 .\CortexM3\ARM_GCC_541\Debug\cyfitter_cfg.o
 .text.CYMEMZERO
                0x000001c0        0xc .\CortexM3\ARM_GCC_541\Debug\cyfitter_cfg.o
 .text.ClockSetup
                0x000001cc      0x10c .\CortexM3\ARM_GCC_541\Debug\cyfitter_cfg.o
 .text.CYCONFIGCPY
                0x000002d8        0x8 .\CortexM3\ARM_GCC_541\Debug\cyfitter_cfg.o
 .text.cyfitter_cfg
                0x000002e0      0x124 .\CortexM3\ARM_GCC_541\Debug\cyfitter_cfg.o
                0x000002e0                cyfitter_cfg
 .text.IntDefaultHandler
                0x00000404       0x10 .\CortexM3\ARM_GCC_541\Debug\Cm3Start.o
                0x00000404                IntDefaultHandler
 .text._sbrk    0x00000414       0x30 .\CortexM3\ARM_GCC_541\Debug\Cm3Start.o
                0x00000414                _sbrk
 .text.Start_c  0x00000444       0x4c .\CortexM3\ARM_GCC_541\Debug\Cm3Start.o
                0x00000444                Start_c
 .text.initialize_psoc
                0x00000490       0x68 .\CortexM3\ARM_GCC_541\Debug\Cm3Start.o
                0x00000490                initialize_psoc
 .text.Threshold_1_Enable
                0x000004f8       0x1c .\CortexM3\ARM_GCC_541\Debug\Frequenzzaehler.a(Threshold_1.o)
                0x000004f8                Threshold_1_Enable
 .text.Threshold_1_SetSpeed
                0x00000514       0x1c .\CortexM3\ARM_GCC_541\Debug\Frequenzzaehler.a(Threshold_1.o)
                0x00000514                Threshold_1_SetSpeed
 .text.Threshold_1_SetValue
                0x00000530        0xc .\CortexM3\ARM_GCC_541\Debug\Frequenzzaehler.a(Threshold_1.o)
                0x00000530                Threshold_1_SetValue
 .text.Threshold_1_DacTrim
                0x0000053c       0x24 .\CortexM3\ARM_GCC_541\Debug\Frequenzzaehler.a(Threshold_1.o)
                0x0000053c                Threshold_1_DacTrim
 .text.Threshold_1_SetRange
                0x00000560       0x20 .\CortexM3\ARM_GCC_541\Debug\Frequenzzaehler.a(Threshold_1.o)
                0x00000560                Threshold_1_SetRange
 .text.Threshold_1_Init
                0x00000580       0x20 .\CortexM3\ARM_GCC_541\Debug\Frequenzzaehler.a(Threshold_1.o)
                0x00000580                Threshold_1_Init
 .text.Threshold_1_Start
                0x000005a0       0x24 .\CortexM3\ARM_GCC_541\Debug\Frequenzzaehler.a(Threshold_1.o)
                0x000005a0                Threshold_1_Start
 .text.Trigger_1_Enable
                0x000005c4       0x1c .\CortexM3\ARM_GCC_541\Debug\Frequenzzaehler.a(Trigger_1.o)
                0x000005c4                Trigger_1_Enable
 .text.Trigger_1_SetSpeed
                0x000005e0       0x1c .\CortexM3\ARM_GCC_541\Debug\Frequenzzaehler.a(Trigger_1.o)
                0x000005e0                Trigger_1_SetSpeed
 .text.Trigger_1_SetValue
                0x000005fc        0xc .\CortexM3\ARM_GCC_541\Debug\Frequenzzaehler.a(Trigger_1.o)
                0x000005fc                Trigger_1_SetValue
 .text.Trigger_1_DacTrim
                0x00000608       0x24 .\CortexM3\ARM_GCC_541\Debug\Frequenzzaehler.a(Trigger_1.o)
                0x00000608                Trigger_1_DacTrim
 .text.Trigger_1_SetRange
                0x0000062c       0x20 .\CortexM3\ARM_GCC_541\Debug\Frequenzzaehler.a(Trigger_1.o)
                0x0000062c                Trigger_1_SetRange
 .text.Trigger_1_Init
                0x0000064c       0x20 .\CortexM3\ARM_GCC_541\Debug\Frequenzzaehler.a(Trigger_1.o)
                0x0000064c                Trigger_1_Init
 .text.Trigger_1_Start
                0x0000066c       0x24 .\CortexM3\ARM_GCC_541\Debug\Frequenzzaehler.a(Trigger_1.o)
                0x0000066c                Trigger_1_Start
 .text.Comp_1_Enable
                0x00000690       0x1c .\CortexM3\ARM_GCC_541\Debug\Frequenzzaehler.a(Comp_1.o)
                0x00000690                Comp_1_Enable
 .text.Comp_1_SetSpeed
                0x000006ac       0x58 .\CortexM3\ARM_GCC_541\Debug\Frequenzzaehler.a(Comp_1.o)
                0x000006ac                Comp_1_SetSpeed
 .text.Comp_1_Init
                0x00000704       0x3c .\CortexM3\ARM_GCC_541\Debug\Frequenzzaehler.a(Comp_1.o)
                0x00000704                Comp_1_Init
 .text.Comp_1_Start
                0x00000740       0x1c .\CortexM3\ARM_GCC_541\Debug\Frequenzzaehler.a(Comp_1.o)
                0x00000740                Comp_1_Start
 .text.Comp_2_Enable
                0x0000075c       0x1c .\CortexM3\ARM_GCC_541\Debug\Frequenzzaehler.a(Comp_2.o)
                0x0000075c                Comp_2_Enable
 .text.Comp_2_SetSpeed
                0x00000778       0x58 .\CortexM3\ARM_GCC_541\Debug\Frequenzzaehler.a(Comp_2.o)
                0x00000778                Comp_2_SetSpeed
 .text.Comp_2_Init
                0x000007d0       0x3c .\CortexM3\ARM_GCC_541\Debug\Frequenzzaehler.a(Comp_2.o)
                0x000007d0                Comp_2_Init
 .text.Comp_2_Start
                0x0000080c       0x1c .\CortexM3\ARM_GCC_541\Debug\Frequenzzaehler.a(Comp_2.o)
                0x0000080c                Comp_2_Start
 .text.Clock_1_Start
                0x00000828       0x1c .\CortexM3\ARM_GCC_541\Debug\Frequenzzaehler.a(Clock_1.o)
                0x00000828                Clock_1_Start
 .text.CyDelay  0x00000844       0x2c .\CortexM3\ARM_GCC_541\Debug\Frequenzzaehler.a(CyLib.o)
                0x00000844                CyDelay
 .text.CyDelayUs
                0x00000870       0x14 .\CortexM3\ARM_GCC_541\Debug\Frequenzzaehler.a(CyLib.o)
                0x00000870                CyDelayUs
 .text.Clock_2_Start
                0x00000884       0x1c .\CortexM3\ARM_GCC_541\Debug\Frequenzzaehler.a(Clock_2.o)
                0x00000884                Clock_2_Start
 .text.PWM_1_Enable
                0x000008a0       0x10 .\CortexM3\ARM_GCC_541\Debug\Frequenzzaehler.a(PWM_1.o)
                0x000008a0                PWM_1_Enable
 .text.PWM_1_WriteCounter
                0x000008b0        0xc .\CortexM3\ARM_GCC_541\Debug\Frequenzzaehler.a(PWM_1.o)
                0x000008b0                PWM_1_WriteCounter
 .text.PWM_1_WritePeriod
                0x000008bc        0xc .\CortexM3\ARM_GCC_541\Debug\Frequenzzaehler.a(PWM_1.o)
                0x000008bc                PWM_1_WritePeriod
 .text.PWM_1_WriteCompare1
                0x000008c8        0xc .\CortexM3\ARM_GCC_541\Debug\Frequenzzaehler.a(PWM_1.o)
                0x000008c8                PWM_1_WriteCompare1
 .text.PWM_1_WriteCompare2
                0x000008d4        0xc .\CortexM3\ARM_GCC_541\Debug\Frequenzzaehler.a(PWM_1.o)
                0x000008d4                PWM_1_WriteCompare2
 .text.PWM_1_SetInterruptMode
                0x000008e0        0xc .\CortexM3\ARM_GCC_541\Debug\Frequenzzaehler.a(PWM_1.o)
                0x000008e0                PWM_1_SetInterruptMode
 .text.PWM_1_ReadStatusRegister
                0x000008ec        0xc .\CortexM3\ARM_GCC_541\Debug\Frequenzzaehler.a(PWM_1.o)
                0x000008ec                PWM_1_ReadStatusRegister
 .text.PWM_1_ReadCapture
                0x000008f8        0xc .\CortexM3\ARM_GCC_541\Debug\Frequenzzaehler.a(PWM_1.o)
                0x000008f8                PWM_1_ReadCapture
 .text.PWM_1_ClearFIFO
                0x00000904       0x14 .\CortexM3\ARM_GCC_541\Debug\Frequenzzaehler.a(PWM_1.o)
                0x00000904                PWM_1_ClearFIFO
 .text.PWM_1_Init
                0x00000918       0x68 .\CortexM3\ARM_GCC_541\Debug\Frequenzzaehler.a(PWM_1.o)
                0x00000918                PWM_1_Init
 .text.PWM_1_Start
                0x00000980       0x1c .\CortexM3\ARM_GCC_541\Debug\Frequenzzaehler.a(PWM_1.o)
                0x00000980                PWM_1_Start
 .text.Counter_1_Stop
                0x0000099c        0x4 .\CortexM3\ARM_GCC_541\Debug\Frequenzzaehler.a(Counter_1.o)
                0x0000099c                Counter_1_Stop
 .text.Counter_1_SetInterruptMode
                0x000009a0        0xc .\CortexM3\ARM_GCC_541\Debug\Frequenzzaehler.a(Counter_1.o)
                0x000009a0                Counter_1_SetInterruptMode
 .text.Counter_1_ReadStatusRegister
                0x000009ac        0xc .\CortexM3\ARM_GCC_541\Debug\Frequenzzaehler.a(Counter_1.o)
                0x000009ac                Counter_1_ReadStatusRegister
 .text.Counter_1_WriteCounter
                0x000009b8        0xc .\CortexM3\ARM_GCC_541\Debug\Frequenzzaehler.a(Counter_1.o)
                0x000009b8                Counter_1_WriteCounter
 .text.Counter_1_ReadCounter
                0x000009c4       0x14 .\CortexM3\ARM_GCC_541\Debug\Frequenzzaehler.a(Counter_1.o)
                0x000009c4                Counter_1_ReadCounter
 .text.Counter_1_ReadCapture
                0x000009d8        0xc .\CortexM3\ARM_GCC_541\Debug\Frequenzzaehler.a(Counter_1.o)
                0x000009d8                Counter_1_ReadCapture
 .text.Counter_1_WritePeriod
                0x000009e4        0xc .\CortexM3\ARM_GCC_541\Debug\Frequenzzaehler.a(Counter_1.o)
                0x000009e4                Counter_1_WritePeriod
 .text.Counter_1_WriteCompare
                0x000009f0        0xc .\CortexM3\ARM_GCC_541\Debug\Frequenzzaehler.a(Counter_1.o)
                0x000009f0                Counter_1_WriteCompare
 .text.Counter_1_ClearFIFO
                0x000009fc       0x14 .\CortexM3\ARM_GCC_541\Debug\Frequenzzaehler.a(Counter_1.o)
                0x000009fc                Counter_1_ClearFIFO
 .text.Counter_1_Init
                0x00000a10       0x3c .\CortexM3\ARM_GCC_541\Debug\Frequenzzaehler.a(Counter_1.o)
                0x00000a10                Counter_1_Init
 .text.Counter_1_Start
                0x00000a4c       0x18 .\CortexM3\ARM_GCC_541\Debug\Frequenzzaehler.a(Counter_1.o)
                0x00000a4c                Counter_1_Start
 .text.isr_1_Interrupt
                0x00000a64        0xc .\CortexM3\ARM_GCC_541\Debug\Frequenzzaehler.a(isr_1.o)
                0x00000a64                isr_1_Interrupt
 .text.isr_1_SetVector
                0x00000a70        0xc .\CortexM3\ARM_GCC_541\Debug\Frequenzzaehler.a(isr_1.o)
                0x00000a70                isr_1_SetVector
 .text.isr_1_SetPriority
                0x00000a7c       0x10 .\CortexM3\ARM_GCC_541\Debug\Frequenzzaehler.a(isr_1.o)
                0x00000a7c                isr_1_SetPriority
 .text.isr_1_Enable
                0x00000a8c        0xc .\CortexM3\ARM_GCC_541\Debug\Frequenzzaehler.a(isr_1.o)
                0x00000a8c                isr_1_Enable
 .text.isr_1_Disable
                0x00000a98        0xc .\CortexM3\ARM_GCC_541\Debug\Frequenzzaehler.a(isr_1.o)
                0x00000a98                isr_1_Disable
 .text.isr_1_Start
                0x00000aa4       0x1c .\CortexM3\ARM_GCC_541\Debug\Frequenzzaehler.a(isr_1.o)
                0x00000aa4                isr_1_Start
 .text.UART_1_Init
                0x00000ac0       0x18 .\CortexM3\ARM_GCC_541\Debug\Frequenzzaehler.a(UART_1.o)
                0x00000ac0                UART_1_Init
 .text.UART_1_Enable
                0x00000ad8       0x24 .\CortexM3\ARM_GCC_541\Debug\Frequenzzaehler.a(UART_1.o)
                0x00000ad8                UART_1_Enable
 .text.UART_1_Start
                0x00000afc       0x1c .\CortexM3\ARM_GCC_541\Debug\Frequenzzaehler.a(UART_1.o)
                0x00000afc                UART_1_Start
 .text.UART_1_PutChar
                0x00000b18       0x18 .\CortexM3\ARM_GCC_541\Debug\Frequenzzaehler.a(UART_1.o)
                0x00000b18                UART_1_PutChar
 .text.UART_1_PutString
                0x00000b30       0x24 .\CortexM3\ARM_GCC_541\Debug\Frequenzzaehler.a(UART_1.o)
                0x00000b30                UART_1_PutString
 .text.LCD_1_WrCntrlNib
                0x00000b54       0x34 .\CortexM3\ARM_GCC_541\Debug\Frequenzzaehler.a(LCD_1.o)
 .text.LCD_1_WrDatNib
                0x00000b88       0x44 .\CortexM3\ARM_GCC_541\Debug\Frequenzzaehler.a(LCD_1.o)
 .text.LCD_1_IsReady
                0x00000bcc       0xe4 .\CortexM3\ARM_GCC_541\Debug\Frequenzzaehler.a(LCD_1.o)
                0x00000bcc                LCD_1_IsReady
 .text.LCD_1_WriteData
                0x00000cb0       0x18 .\CortexM3\ARM_GCC_541\Debug\Frequenzzaehler.a(LCD_1.o)
                0x00000cb0                LCD_1_WriteData
 .text.LCD_1_PrintString
                0x00000cc8       0x1c .\CortexM3\ARM_GCC_541\Debug\Frequenzzaehler.a(LCD_1.o)
                0x00000cc8                LCD_1_PrintString
 .text.LCD_1_WriteControl
                0x00000ce4       0x18 .\CortexM3\ARM_GCC_541\Debug\Frequenzzaehler.a(LCD_1.o)
                0x00000ce4                LCD_1_WriteControl
 .text.LCD_1_Init
                0x00000cfc       0x6c .\CortexM3\ARM_GCC_541\Debug\Frequenzzaehler.a(LCD_1.o)
                0x00000cfc                LCD_1_Init
 .text.LCD_1_Enable
                0x00000d68       0x14 .\CortexM3\ARM_GCC_541\Debug\Frequenzzaehler.a(LCD_1.o)
                0x00000d68                LCD_1_Enable
 .text.LCD_1_Start
                0x00000d7c       0x1c .\CortexM3\ARM_GCC_541\Debug\Frequenzzaehler.a(LCD_1.o)
                0x00000d7c                LCD_1_Start
 .text.LCD_1_Position
                0x00000d98       0x3c .\CortexM3\ARM_GCC_541\Debug\Frequenzzaehler.a(LCD_1.o)
                0x00000d98                LCD_1_Position
 .text.LCD_1_PrintU32Number
                0x00000dd4       0x64 .\CortexM3\ARM_GCC_541\Debug\Frequenzzaehler.a(LCD_1.o)
                0x00000dd4                LCD_1_PrintU32Number
 .text.UART_1_IntClock_Start
                0x00000e38       0x1c .\CortexM3\ARM_GCC_541\Debug\Frequenzzaehler.a(UART_1_IntClock.o)
                0x00000e38                UART_1_IntClock_Start
 *fill*         0x00000e54        0x4 
 .text          0x00000e58       0x20 .\CortexM3\ARM_GCC_541\Debug\Frequenzzaehler.a(CyBootAsmGnu.o)
                0x00000e58                CyDelayCycles
                0x00000e68                CyEnterCriticalSection
                0x00000e70                CyExitCriticalSection
 .text.__errno  0x00000e78        0xc c:/program files (x86)/cypress/psoc creator/4.2/psoc creator/import/gnu/arm/5.4.1/bin/../lib/gcc/arm-none-eabi/5.4.1/../../../../arm-none-eabi/lib/armv7-m\libg_nano.a(lib_a-errno.o)
                0x00000e78                __errno
 .text.__libc_init_array
                0x00000e84       0x4c c:/program files (x86)/cypress/psoc creator/4.2/psoc creator/import/gnu/arm/5.4.1/bin/../lib/gcc/arm-none-eabi/5.4.1/../../../../arm-none-eabi/lib/armv7-m\libg_nano.a(lib_a-init.o)
                0x00000e84                __libc_init_array
 .text.memcpy   0x00000ed0       0x16 c:/program files (x86)/cypress/psoc creator/4.2/psoc creator/import/gnu/arm/5.4.1/bin/../lib/gcc/arm-none-eabi/5.4.1/../../../../arm-none-eabi/lib/armv7-m\libg_nano.a(lib_a-memcpy-stub.o)
                0x00000ed0                memcpy
 .text.memset   0x00000ee6       0x10 c:/program files (x86)/cypress/psoc creator/4.2/psoc creator/import/gnu/arm/5.4.1/bin/../lib/gcc/arm-none-eabi/5.4.1/../../../../arm-none-eabi/lib/armv7-m\libg_nano.a(lib_a-memset.o)
                0x00000ee6                memset
 *fill*         0x00000ef6        0x2 
 .text.sprintf  0x00000ef8       0x48 c:/program files (x86)/cypress/psoc creator/4.2/psoc creator/import/gnu/arm/5.4.1/bin/../lib/gcc/arm-none-eabi/5.4.1/../../../../arm-none-eabi/lib/armv7-m\libg_nano.a(lib_a-sprintf.o)
                0x00000ef8                siprintf
                0x00000ef8                sprintf
 .text.__ssputs_r
                0x00000f40       0xb2 c:/program files (x86)/cypress/psoc creator/4.2/psoc creator/import/gnu/arm/5.4.1/bin/../lib/gcc/arm-none-eabi/5.4.1/../../../../arm-none-eabi/lib/armv7-m\libg_nano.a(lib_a-nano-svfprintf.o)
                0x00000f40                __ssputs_r
 *fill*         0x00000ff2        0x2 
 .text._svfprintf_r
                0x00000ff4      0x1e8 c:/program files (x86)/cypress/psoc creator/4.2/psoc creator/import/gnu/arm/5.4.1/bin/../lib/gcc/arm-none-eabi/5.4.1/../../../../arm-none-eabi/lib/armv7-m\libg_nano.a(lib_a-nano-svfprintf.o)
                0x00000ff4                _svfiprintf_r
                0x00000ff4                _svfprintf_r
 .text._printf_common
                0x000011dc       0xec c:/program files (x86)/cypress/psoc creator/4.2/psoc creator/import/gnu/arm/5.4.1/bin/../lib/gcc/arm-none-eabi/5.4.1/../../../../arm-none-eabi/lib/armv7-m\libg_nano.a(lib_a-nano-vfprintf_i.o)
                0x000011dc                _printf_common
 .text._printf_i
                0x000012c8      0x24c c:/program files (x86)/cypress/psoc creator/4.2/psoc creator/import/gnu/arm/5.4.1/bin/../lib/gcc/arm-none-eabi/5.4.1/../../../../arm-none-eabi/lib/armv7-m\libg_nano.a(lib_a-nano-vfprintf_i.o)
                0x000012c8                _printf_i
 .text.memchr   0x00001514       0x1c c:/program files (x86)/cypress/psoc creator/4.2/psoc creator/import/gnu/arm/5.4.1/bin/../lib/gcc/arm-none-eabi/5.4.1/../../../../arm-none-eabi/lib/armv7-m\libg_nano.a(lib_a-memchr-stub.o)
                0x00001514                memchr
 .text.memmove  0x00001530       0x36 c:/program files (x86)/cypress/psoc creator/4.2/psoc creator/import/gnu/arm/5.4.1/bin/../lib/gcc/arm-none-eabi/5.4.1/../../../../arm-none-eabi/lib/armv7-m\libg_nano.a(lib_a-memmove.o)
                0x00001530                memmove
 *fill*         0x00001566        0x2 
 .text._free_r  0x00001568       0x98 c:/program files (x86)/cypress/psoc creator/4.2/psoc creator/import/gnu/arm/5.4.1/bin/../lib/gcc/arm-none-eabi/5.4.1/../../../../arm-none-eabi/lib/armv7-m\libg_nano.a(lib_a-nano-freer.o)
                0x00001568                _free_r
 .text._malloc_r
                0x00001600       0xbc c:/program files (x86)/cypress/psoc creator/4.2/psoc creator/import/gnu/arm/5.4.1/bin/../lib/gcc/arm-none-eabi/5.4.1/../../../../arm-none-eabi/lib/armv7-m\libg_nano.a(lib_a-nano-mallocr.o)
                0x00001600                _malloc_r
 .text._realloc_r
                0x000016bc       0x4c c:/program files (x86)/cypress/psoc creator/4.2/psoc creator/import/gnu/arm/5.4.1/bin/../lib/gcc/arm-none-eabi/5.4.1/../../../../arm-none-eabi/lib/armv7-m\libg_nano.a(lib_a-nano-reallocr.o)
                0x000016bc                _realloc_r
 .text._sbrk_r  0x00001708       0x20 c:/program files (x86)/cypress/psoc creator/4.2/psoc creator/import/gnu/arm/5.4.1/bin/../lib/gcc/arm-none-eabi/5.4.1/../../../../arm-none-eabi/lib/armv7-m\libg_nano.a(lib_a-sbrkr.o)
                0x00001708                _sbrk_r
 .text.__malloc_lock
                0x00001728        0x2 c:/program files (x86)/cypress/psoc creator/4.2/psoc creator/import/gnu/arm/5.4.1/bin/../lib/gcc/arm-none-eabi/5.4.1/../../../../arm-none-eabi/lib/armv7-m\libg_nano.a(lib_a-mlock.o)
                0x00001728                __malloc_lock
 .text.__malloc_unlock
                0x0000172a        0x2 c:/program files (x86)/cypress/psoc creator/4.2/psoc creator/import/gnu/arm/5.4.1/bin/../lib/gcc/arm-none-eabi/5.4.1/../../../../arm-none-eabi/lib/armv7-m\libg_nano.a(lib_a-mlock.o)
                0x0000172a                __malloc_unlock
 .text._malloc_usable_size_r
                0x0000172c       0x14 c:/program files (x86)/cypress/psoc creator/4.2/psoc creator/import/gnu/arm/5.4.1/bin/../lib/gcc/arm-none-eabi/5.4.1/../../../../arm-none-eabi/lib/armv7-m\libg_nano.a(lib_a-nano-msizer.o)
                0x0000172c                _malloc_usable_size_r
 *(.plt)
 *(.gnu.warning)
 *(.glue_7t)
 .glue_7t       0x00001740        0x0 linker stubs
 *(.glue_7)
 .glue_7        0x00001740        0x0 linker stubs
 *(.vfp11_veneer)
 .vfp11_veneer  0x00001740        0x0 linker stubs
 *(.bootloader)
 *(.ARM.extab* .gnu.linkonce.armextab.*)
 *(.gcc_except_table)

.v4_bx          0x00001740        0x0
 .v4_bx         0x00001740        0x0 linker stubs

.iplt           0x00001740        0x0
 .iplt          0x00001740        0x0 c:/program files (x86)/cypress/psoc creator/4.2/psoc creator/import/gnu/arm/5.4.1/bin/../lib/gcc/arm-none-eabi/5.4.1/armv7-m/crtbegin.o

.eh_frame_hdr
 *(.eh_frame_hdr)

.eh_frame       0x00001740        0x4
 *(.eh_frame)
 .eh_frame      0x00001740        0x0 c:/program files (x86)/cypress/psoc creator/4.2/psoc creator/import/gnu/arm/5.4.1/bin/../lib/gcc/arm-none-eabi/5.4.1/armv7-m/crtbegin.o
 .eh_frame      0x00001740        0x4 c:/program files (x86)/cypress/psoc creator/4.2/psoc creator/import/gnu/arm/5.4.1/bin/../lib/gcc/arm-none-eabi/5.4.1/armv7-m/crtend.o
                [!provide]                PROVIDE (__exidx_start, .)

.ARM.exidx
 *(.ARM.exidx* .gnu.linkonce.armexidx.*)
                0x00001744                __exidx_end = .

.rodata         0x00001744       0xa4
 *(.rodata .rodata.* .gnu.linkonce.r.*)
 .rodata.str1.4
                0x00001744        0x8 .\CortexM3\ARM_GCC_541\Debug\main.o
                                  0x5 (size before relaxing)
 .rodata        0x0000174c       0x30 .\CortexM3\ARM_GCC_541\Debug\cyfitter_cfg.o
 .rodata.str1.1
                0x0000177c        0x2 c:/program files (x86)/cypress/psoc creator/4.2/psoc creator/import/gnu/arm/5.4.1/bin/../lib/gcc/arm-none-eabi/5.4.1/../../../../arm-none-eabi/lib/armv7-m\libg_nano.a(lib_a-impure.o)
 .rodata.str1.1
                0x0000177e       0x11 c:/program files (x86)/cypress/psoc creator/4.2/psoc creator/import/gnu/arm/5.4.1/bin/../lib/gcc/arm-none-eabi/5.4.1/../../../../arm-none-eabi/lib/armv7-m\libg_nano.a(lib_a-nano-svfprintf.o)
 .rodata.str1.1
                0x0000178f       0x22 c:/program files (x86)/cypress/psoc creator/4.2/psoc creator/import/gnu/arm/5.4.1/bin/../lib/gcc/arm-none-eabi/5.4.1/../../../../arm-none-eabi/lib/armv7-m\libg_nano.a(lib_a-nano-vfprintf_i.o)
                0x000017b4                . = ALIGN (0x4)
 *fill*         0x000017b1        0x3 
 *(.init)
 .init          0x000017b4        0x4 c:/program files (x86)/cypress/psoc creator/4.2/psoc creator/import/gnu/arm/5.4.1/bin/../lib/gcc/arm-none-eabi/5.4.1/armv7-m/crti.o
                0x000017b4                _init
 .init          0x000017b8        0x8 c:/program files (x86)/cypress/psoc creator/4.2/psoc creator/import/gnu/arm/5.4.1/bin/../lib/gcc/arm-none-eabi/5.4.1/armv7-m/crtn.o
                0x000017c0                . = ALIGN (0x4)
                0x000017c0                __preinit_array_start = .
 *(.preinit_array)
                0x000017c0                __preinit_array_end = .
                0x000017c0                . = ALIGN (0x4)
                0x000017c0                __init_array_start = .
 *(SORT(.init_array.*))
 *(.init_array)
 .init_array    0x000017c0        0x4 c:/program files (x86)/cypress/psoc creator/4.2/psoc creator/import/gnu/arm/5.4.1/bin/../lib/gcc/arm-none-eabi/5.4.1/armv7-m/crtbegin.o
 .init_array    0x000017c4        0x4 .\CortexM3\ARM_GCC_541\Debug\Cm3Start.o
                0x000017c8                __init_array_end = .
                0x000017c8                . = ALIGN (0x4)
 *(.fini)
 .fini          0x000017c8        0x4 c:/program files (x86)/cypress/psoc creator/4.2/psoc creator/import/gnu/arm/5.4.1/bin/../lib/gcc/arm-none-eabi/5.4.1/armv7-m/crti.o
                0x000017c8                _fini
 .fini          0x000017cc        0x8 c:/program files (x86)/cypress/psoc creator/4.2/psoc creator/import/gnu/arm/5.4.1/bin/../lib/gcc/arm-none-eabi/5.4.1/armv7-m/crtn.o
                0x000017d4                . = ALIGN (0x4)
                0x000017d4                __fini_array_start = .
 *(.fini_array)
 .fini_array    0x000017d4        0x4 c:/program files (x86)/cypress/psoc creator/4.2/psoc creator/import/gnu/arm/5.4.1/bin/../lib/gcc/arm-none-eabi/5.4.1/armv7-m/crtbegin.o
 *(SORT(.fini_array.*))
                0x000017d8                __fini_array_end = .
                0x000017d8                . = ALIGN (0x4)
 *crtbegin.o(.ctors)
 *(EXCLUDE_FILE(*crtend.o) .ctors)
 *(SORT(.ctors.*))
 *crtend.o(.ctors)
                0x000017d8                . = ALIGN (0x4)
 *crtbegin.o(.dtors)
 *(EXCLUDE_FILE(*crtend.o) .dtors)
 *(SORT(.dtors.*))
 *crtend.o(.dtors)
                0x000017d8                . = ALIGN (0x4)
                0x000017d8                __cy_regions = .
                0x000017d8        0x4 LONG 0x17e8 __cy_region_init_ram
                0x000017dc        0x4 LONG 0x1fff80c8 __cy_region_start_data
                0x000017e0        0x4 LONG 0x80 __cy_region_init_size_ram
                0x000017e4        0x4 LONG 0x80 __cy_region_zero_size_ram
                0x000017e8                __cy_regions_end = .
                0x000017e8                . = ALIGN (0x8)
                0x000017e8                _etext = .

.cy_checksum_exclude
                0x000017e8        0x0
 *(.cy_checksum_exclude)

.ramvectors     0x1fff8000       0xc0
                0x1fff8000                __cy_region_start_ram = .
 *(.ramvectors)
 .ramvectors    0x1fff8000       0xc0 .\CortexM3\ARM_GCC_541\Debug\Cm3Start.o
                0x1fff8000                CyRamVectors

.noinit         0x1fff80c0        0x1
 *(.noinit)
 .noinit        0x1fff80c0        0x1 .\CortexM3\ARM_GCC_541\Debug\Frequenzzaehler.a(CyLib.o)
                0x1fff80c0                CyResetStatus

.data           0x1fff80c8       0x80 load address 0x000017e8
                0x1fff80c8                __cy_region_start_data = .
 *(.jcr)
 .jcr           0x1fff80c8        0x0 c:/program files (x86)/cypress/psoc creator/4.2/psoc creator/import/gnu/arm/5.4.1/bin/../lib/gcc/arm-none-eabi/5.4.1/armv7-m/crtbegin.o
 .jcr           0x1fff80c8        0x4 c:/program files (x86)/cypress/psoc creator/4.2/psoc creator/import/gnu/arm/5.4.1/bin/../lib/gcc/arm-none-eabi/5.4.1/armv7-m/crtend.o
 *(.got.plt)
 *(.got)
 *(.shdata)
 *(.data .data.* .gnu.linkonce.d.*)
 .data          0x1fff80cc        0x4 .\CortexM3\ARM_GCC_541\Debug\Cm3Start.o
 .data          0x1fff80d0       0x10 .\CortexM3\ARM_GCC_541\Debug\Frequenzzaehler.a(CyLib.o)
                0x1fff80d0                cydelay_32k_ms
                0x1fff80d4                cydelay_freq_khz
                0x1fff80d8                cydelay_freq_mhz
                0x1fff80dc                cydelay_freq_hz
 .data.impure_data
                0x1fff80e0       0x60 c:/program files (x86)/cypress/psoc creator/4.2/psoc creator/import/gnu/arm/5.4.1/bin/../lib/gcc/arm-none-eabi/5.4.1/../../../../arm-none-eabi/lib/armv7-m\libg_nano.a(lib_a-impure.o)
 .data._impure_ptr
                0x1fff8140        0x4 c:/program files (x86)/cypress/psoc creator/4.2/psoc creator/import/gnu/arm/5.4.1/bin/../lib/gcc/arm-none-eabi/5.4.1/../../../../arm-none-eabi/lib/armv7-m\libg_nano.a(lib_a-impure.o)
                0x1fff8140                _impure_ptr
                0x1fff8148                . = ALIGN (0x8)
 *fill*         0x1fff8144        0x4 
 *(.ram)
                0x1fff8148                _edata = .

.igot.plt       0x1fff8148        0x0 load address 0x00001868
 .igot.plt      0x1fff8148        0x0 c:/program files (x86)/cypress/psoc creator/4.2/psoc creator/import/gnu/arm/5.4.1/bin/../lib/gcc/arm-none-eabi/5.4.1/armv7-m/crtbegin.o

.bss            0x1fff8148       0x80 load address 0x00001868
                0x1fff8148                PROVIDE (__bss_start__, .)
 *(.shbss)
 *(.bss .bss.* .gnu.linkonce.b.*)
 .bss           0x1fff8148       0x1c c:/program files (x86)/cypress/psoc creator/4.2/psoc creator/import/gnu/arm/5.4.1/bin/../lib/gcc/arm-none-eabi/5.4.1/armv7-m/crtbegin.o
 .bss           0x1fff8164        0x1 .\CortexM3\ARM_GCC_541\Debug\Frequenzzaehler.a(Threshold_1.o)
                0x1fff8164                Threshold_1_initVar
 .bss           0x1fff8165        0x1 .\CortexM3\ARM_GCC_541\Debug\Frequenzzaehler.a(Trigger_1.o)
                0x1fff8165                Trigger_1_initVar
 .bss           0x1fff8166        0x1 .\CortexM3\ARM_GCC_541\Debug\Frequenzzaehler.a(Comp_1.o)
                0x1fff8166                Comp_1_initVar
 .bss           0x1fff8167        0x1 .\CortexM3\ARM_GCC_541\Debug\Frequenzzaehler.a(Comp_2.o)
                0x1fff8167                Comp_2_initVar
 .bss           0x1fff8168        0x1 .\CortexM3\ARM_GCC_541\Debug\Frequenzzaehler.a(PWM_1.o)
                0x1fff8168                PWM_1_initVar
 .bss           0x1fff8169        0x1 .\CortexM3\ARM_GCC_541\Debug\Frequenzzaehler.a(Counter_1.o)
                0x1fff8169                Counter_1_initVar
 .bss           0x1fff816a        0x2 .\CortexM3\ARM_GCC_541\Debug\Frequenzzaehler.a(UART_1.o)
                0x1fff816a                UART_1_initVar
 .bss           0x1fff816c        0x2 .\CortexM3\ARM_GCC_541\Debug\Frequenzzaehler.a(LCD_1.o)
                0x1fff816c                LCD_1_enableState
                0x1fff816d                LCD_1_initVar
 *fill*         0x1fff816e        0x2 
 .bss.__malloc_sbrk_start
                0x1fff8170        0x4 c:/program files (x86)/cypress/psoc creator/4.2/psoc creator/import/gnu/arm/5.4.1/bin/../lib/gcc/arm-none-eabi/5.4.1/../../../../arm-none-eabi/lib/armv7-m\libg_nano.a(lib_a-nano-mallocr.o)
                0x1fff8170                __malloc_sbrk_start
 .bss.__malloc_free_list
                0x1fff8174        0x4 c:/program files (x86)/cypress/psoc creator/4.2/psoc creator/import/gnu/arm/5.4.1/bin/../lib/gcc/arm-none-eabi/5.4.1/../../../../arm-none-eabi/lib/armv7-m\libg_nano.a(lib_a-nano-mallocr.o)
                0x1fff8174                __malloc_free_list
 *(COMMON)
 COMMON         0x1fff8178       0x42 .\CortexM3\ARM_GCC_541\Debug\main.o
                0x1fff8178                buffer
                0x1fff8196                result
                0x1fff8198                diff
                0x1fff819c                str
 *fill*         0x1fff81ba        0x2 
 COMMON         0x1fff81bc        0x4 .\CortexM3\ARM_GCC_541\Debug\Frequenzzaehler.a(isr_1.o)
                0x1fff81bc                intr
 COMMON         0x1fff81c0        0x4 c:/program files (x86)/cypress/psoc creator/4.2/psoc creator/import/gnu/arm/5.4.1/bin/../lib/gcc/arm-none-eabi/5.4.1/../../../../arm-none-eabi/lib/armv7-m\libg_nano.a(lib_a-reent.o)
                0x1fff81c0                errno
                0x1fff81c8                . = ALIGN (0x8)
 *fill*         0x1fff81c4        0x4 
 *(.ram.b)
                0x1fff81c8                _end = .
                0x1fff81c8                __end = .
                0x1fff81c8                PROVIDE (end, .)
                0x1fff81c8                PROVIDE (__bss_end__, .)
                0x000017e8                __cy_region_init_ram = LOADADDR (.data)
                0x00000080                __cy_region_init_size_ram = (_edata - ADDR (.data))
                0x00000080                __cy_region_zero_size_ram = (_end - _edata)

.heap           0x1fff81c8       0x80 load address 0x00001868
                0x1fff81c8                . = _end
                0x1fff8248                . = (. + 0x80)
 *fill*         0x1fff81c8       0x80 
                0x1fff8248                __cy_heap_limit = .

.stack          0x20007800      0x800
                0x20007800                __cy_stack_limit = .
                0x20008000                . = (. + 0x800)
 *fill*         0x20007800      0x800 
                0x00000001                ASSERT ((__cy_stack_limit >= __cy_heap_limit), region RAM overflowed with stack)
                0x00000000                cy_checksum_exclude_size = (CY_APPL_LOADABLE == 0x1)?SIZEOF (.cy_checksum_exclude):0x0
                0x00000001                ASSERT ((cy_checksum_exclude_size <= CY_CHECKSUM_EXCLUDE_SIZE), CY_BOOT: Section .cy_checksum_exclude size exceedes specified limit.)

.cyloadermeta
 *(.cyloadermeta)

.cyloadablemeta
 *(.cyloadablemeta)

.cyconfigecc    0x80000000      0x414
 *(.cyconfigecc)
 .cyconfigecc   0x80000000      0x414 .\CortexM3\ARM_GCC_541\Debug\cymetadata.o
                0x80000000                cy_meta_configecc

.cycustnvl      0x90000000        0x4
 *(.cycustnvl)
 .cycustnvl     0x90000000        0x4 .\CortexM3\ARM_GCC_541\Debug\cymetadata.o
                0x90000000                cy_meta_custnvl

.cywolatch      0x90100000        0x4
 *(.cywolatch)
 .cywolatch     0x90100000        0x4 .\CortexM3\ARM_GCC_541\Debug\cymetadata.o
                0x90100000                cy_meta_wonvl

.cyeeprom       0x90200000        0x0
 *(.cyeeprom)
                0x00000001                ASSERT ((. <= ((0x90200000 + ee_offset) + ee_size)), .cyeeprom data will not fit in EEPROM)

.cyflashprotect
                0x90400000      0x100
 *(.cyflashprotect)
 .cyflashprotect
                0x90400000      0x100 .\CortexM3\ARM_GCC_541\Debug\cymetadata.o
                0x90400000                cy_meta_flashprotect

.cymeta         0x90500000        0xc
 *(.cymeta)
 .cymeta        0x90500000        0xc .\CortexM3\ARM_GCC_541\Debug\cymetadata.o
                0x90500000                cy_metadata

.rel.dyn        0x00001868        0x0 load address 0x9050000c
 .rel.iplt      0x00001868        0x0 c:/program files (x86)/cypress/psoc creator/4.2/psoc creator/import/gnu/arm/5.4.1/bin/../lib/gcc/arm-none-eabi/5.4.1/armv7-m/crtbegin.o

.stab
 *(.stab)

.stabstr
 *(.stabstr)

.debug
 *(.debug)

.line
 *(.line)

.debug_srcinfo
 *(.debug_srcinfo)

.debug_sfnames
 *(.debug_sfnames)

.debug_aranges  0x00000000      0xb00
 *(.debug_aranges)
 .debug_aranges
                0x00000000       0x20 .\CortexM3\ARM_GCC_541\Debug\main.o
 .debug_aranges
                0x00000020       0x58 .\CortexM3\ARM_GCC_541\Debug\cyfitter_cfg.o
 .debug_aranges
                0x00000078       0x18 .\CortexM3\ARM_GCC_541\Debug\cymetadata.o
 .debug_aranges
                0x00000090       0x48 .\CortexM3\ARM_GCC_541\Debug\Cm3Start.o
 .debug_aranges
                0x000000d8       0x58 .\CortexM3\ARM_GCC_541\Debug\Frequenzzaehler.a(Threshold_1.o)
 .debug_aranges
                0x00000130       0x58 .\CortexM3\ARM_GCC_541\Debug\Frequenzzaehler.a(Trigger_1.o)
 .debug_aranges
                0x00000188       0x70 .\CortexM3\ARM_GCC_541\Debug\Frequenzzaehler.a(Comp_1.o)
 .debug_aranges
                0x000001f8       0x70 .\CortexM3\ARM_GCC_541\Debug\Frequenzzaehler.a(Comp_2.o)
 .debug_aranges
                0x00000268       0x70 .\CortexM3\ARM_GCC_541\Debug\Frequenzzaehler.a(Clock_1.o)
 .debug_aranges
                0x000002d8      0x2a0 .\CortexM3\ARM_GCC_541\Debug\Frequenzzaehler.a(CyLib.o)
 .debug_aranges
                0x00000578       0x98 .\CortexM3\ARM_GCC_541\Debug\Frequenzzaehler.a(cyPm.o)
 .debug_aranges
                0x00000610       0x70 .\CortexM3\ARM_GCC_541\Debug\Frequenzzaehler.a(Clock_2.o)
 .debug_aranges
                0x00000680       0xa8 .\CortexM3\ARM_GCC_541\Debug\Frequenzzaehler.a(PWM_1.o)
 .debug_aranges
                0x00000728       0x88 .\CortexM3\ARM_GCC_541\Debug\Frequenzzaehler.a(Counter_1.o)
 .debug_aranges
                0x000007b0       0x80 .\CortexM3\ARM_GCC_541\Debug\Frequenzzaehler.a(isr_1.o)
 .debug_aranges
                0x00000830       0xa0 .\CortexM3\ARM_GCC_541\Debug\Frequenzzaehler.a(UART_1.o)
 .debug_aranges
                0x000008d0       0x98 .\CortexM3\ARM_GCC_541\Debug\Frequenzzaehler.a(LCD_1.o)
 .debug_aranges
                0x00000968       0x70 .\CortexM3\ARM_GCC_541\Debug\Frequenzzaehler.a(UART_1_IntClock.o)
 .debug_aranges
                0x000009d8       0x20 .\CortexM3\ARM_GCC_541\Debug\Frequenzzaehler.a(CyBootAsmGnu.o)
 .debug_aranges
                0x000009f8       0x88 .\CortexM3\ARM_GCC_541\Debug\Frequenzzaehler.a(CyFlash.o)
 .debug_aranges
                0x00000a80       0x80 .\CortexM3\ARM_GCC_541\Debug\Frequenzzaehler.a(CySpc.o)

.debug_pubnames
 *(.debug_pubnames)

.debug_info     0x00000000     0x5ce2
 *(.debug_info .gnu.linkonce.wi.*)
 .debug_info    0x00000000      0x314 .\CortexM3\ARM_GCC_541\Debug\main.o
 .debug_info    0x00000314      0x53b .\CortexM3\ARM_GCC_541\Debug\cyfitter_cfg.o
 .debug_info    0x0000084f      0x135 .\CortexM3\ARM_GCC_541\Debug\cymetadata.o
 .debug_info    0x00000984      0x3bb .\CortexM3\ARM_GCC_541\Debug\Cm3Start.o
 .debug_info    0x00000d3f      0x1df .\CortexM3\ARM_GCC_541\Debug\Frequenzzaehler.a(Threshold_1.o)
 .debug_info    0x00000f1e      0x1df .\CortexM3\ARM_GCC_541\Debug\Frequenzzaehler.a(Trigger_1.o)
 .debug_info    0x000010fd      0x2c8 .\CortexM3\ARM_GCC_541\Debug\Frequenzzaehler.a(Comp_1.o)
 .debug_info    0x000013c5      0x2c8 .\CortexM3\ARM_GCC_541\Debug\Frequenzzaehler.a(Comp_2.o)
 .debug_info    0x0000168d      0x283 .\CortexM3\ARM_GCC_541\Debug\Frequenzzaehler.a(Clock_1.o)
 .debug_info    0x00001910     0x1374 .\CortexM3\ARM_GCC_541\Debug\Frequenzzaehler.a(CyLib.o)
 .debug_info    0x00002c84      0xa2a .\CortexM3\ARM_GCC_541\Debug\Frequenzzaehler.a(cyPm.o)
 .debug_info    0x000036ae      0x283 .\CortexM3\ARM_GCC_541\Debug\Frequenzzaehler.a(Clock_2.o)
 .debug_info    0x00003931      0x3a4 .\CortexM3\ARM_GCC_541\Debug\Frequenzzaehler.a(PWM_1.o)
 .debug_info    0x00003cd5      0x2f1 .\CortexM3\ARM_GCC_541\Debug\Frequenzzaehler.a(Counter_1.o)
 .debug_info    0x00003fc6      0x2e8 .\CortexM3\ARM_GCC_541\Debug\Frequenzzaehler.a(isr_1.o)
 .debug_info    0x000042ae      0x45c .\CortexM3\ARM_GCC_541\Debug\Frequenzzaehler.a(UART_1.o)
 .debug_info    0x0000470a      0x715 .\CortexM3\ARM_GCC_541\Debug\Frequenzzaehler.a(LCD_1.o)
 .debug_info    0x00004e1f      0x283 .\CortexM3\ARM_GCC_541\Debug\Frequenzzaehler.a(UART_1_IntClock.o)
 .debug_info    0x000050a2       0xa3 .\CortexM3\ARM_GCC_541\Debug\Frequenzzaehler.a(CyBootAsmGnu.o)
 .debug_info    0x00005145      0x64d .\CortexM3\ARM_GCC_541\Debug\Frequenzzaehler.a(CyFlash.o)
 .debug_info    0x00005792      0x550 .\CortexM3\ARM_GCC_541\Debug\Frequenzzaehler.a(CySpc.o)

.debug_abbrev   0x00000000     0x1b9e
 *(.debug_abbrev)
 .debug_abbrev  0x00000000       0xf5 .\CortexM3\ARM_GCC_541\Debug\main.o
 .debug_abbrev  0x000000f5      0x1fe .\CortexM3\ARM_GCC_541\Debug\cyfitter_cfg.o
 .debug_abbrev  0x000002f3       0x66 .\CortexM3\ARM_GCC_541\Debug\cymetadata.o
 .debug_abbrev  0x00000359      0x1e8 .\CortexM3\ARM_GCC_541\Debug\Cm3Start.o
 .debug_abbrev  0x00000541       0xf7 .\CortexM3\ARM_GCC_541\Debug\Frequenzzaehler.a(Threshold_1.o)
 .debug_abbrev  0x00000638       0xf7 .\CortexM3\ARM_GCC_541\Debug\Frequenzzaehler.a(Trigger_1.o)
 .debug_abbrev  0x0000072f      0x16e .\CortexM3\ARM_GCC_541\Debug\Frequenzzaehler.a(Comp_1.o)
 .debug_abbrev  0x0000089d      0x16e .\CortexM3\ARM_GCC_541\Debug\Frequenzzaehler.a(Comp_2.o)
 .debug_abbrev  0x00000a0b      0x139 .\CortexM3\ARM_GCC_541\Debug\Frequenzzaehler.a(Clock_1.o)
 .debug_abbrev  0x00000b44      0x254 .\CortexM3\ARM_GCC_541\Debug\Frequenzzaehler.a(CyLib.o)
 .debug_abbrev  0x00000d98      0x1ab .\CortexM3\ARM_GCC_541\Debug\Frequenzzaehler.a(cyPm.o)
 .debug_abbrev  0x00000f43      0x139 .\CortexM3\ARM_GCC_541\Debug\Frequenzzaehler.a(Clock_2.o)
 .debug_abbrev  0x0000107c      0x133 .\CortexM3\ARM_GCC_541\Debug\Frequenzzaehler.a(PWM_1.o)
 .debug_abbrev  0x000011af      0x117 .\CortexM3\ARM_GCC_541\Debug\Frequenzzaehler.a(Counter_1.o)
 .debug_abbrev  0x000012c6      0x184 .\CortexM3\ARM_GCC_541\Debug\Frequenzzaehler.a(isr_1.o)
 .debug_abbrev  0x0000144a      0x175 .\CortexM3\ARM_GCC_541\Debug\Frequenzzaehler.a(UART_1.o)
 .debug_abbrev  0x000015bf      0x157 .\CortexM3\ARM_GCC_541\Debug\Frequenzzaehler.a(LCD_1.o)
 .debug_abbrev  0x00001716      0x139 .\CortexM3\ARM_GCC_541\Debug\Frequenzzaehler.a(UART_1_IntClock.o)
 .debug_abbrev  0x0000184f       0x14 .\CortexM3\ARM_GCC_541\Debug\Frequenzzaehler.a(CyBootAsmGnu.o)
 .debug_abbrev  0x00001863      0x1a7 .\CortexM3\ARM_GCC_541\Debug\Frequenzzaehler.a(CyFlash.o)
 .debug_abbrev  0x00001a0a      0x194 .\CortexM3\ARM_GCC_541\Debug\Frequenzzaehler.a(CySpc.o)

.debug_line     0x00000000     0x296b
 *(.debug_line)
 .debug_line    0x00000000      0x284 .\CortexM3\ARM_GCC_541\Debug\main.o
 .debug_line    0x00000284      0x205 .\CortexM3\ARM_GCC_541\Debug\cyfitter_cfg.o
 .debug_line    0x00000489      0x141 .\CortexM3\ARM_GCC_541\Debug\cymetadata.o
 .debug_line    0x000005ca      0x234 .\CortexM3\ARM_GCC_541\Debug\Cm3Start.o
 .debug_line    0x000007fe       0xe8 .\CortexM3\ARM_GCC_541\Debug\Frequenzzaehler.a(Threshold_1.o)
 .debug_line    0x000008e6       0xe6 .\CortexM3\ARM_GCC_541\Debug\Frequenzzaehler.a(Trigger_1.o)
 .debug_line    0x000009cc      0x165 .\CortexM3\ARM_GCC_541\Debug\Frequenzzaehler.a(Comp_1.o)
 .debug_line    0x00000b31      0x165 .\CortexM3\ARM_GCC_541\Debug\Frequenzzaehler.a(Comp_2.o)
 .debug_line    0x00000c96      0x176 .\CortexM3\ARM_GCC_541\Debug\Frequenzzaehler.a(Clock_1.o)
 .debug_line    0x00000e0c      0x816 .\CortexM3\ARM_GCC_541\Debug\Frequenzzaehler.a(CyLib.o)
 .debug_line    0x00001622      0x367 .\CortexM3\ARM_GCC_541\Debug\Frequenzzaehler.a(cyPm.o)
 .debug_line    0x00001989      0x176 .\CortexM3\ARM_GCC_541\Debug\Frequenzzaehler.a(Clock_2.o)
 .debug_line    0x00001aff      0x1ac .\CortexM3\ARM_GCC_541\Debug\Frequenzzaehler.a(PWM_1.o)
 .debug_line    0x00001cab      0x15d .\CortexM3\ARM_GCC_541\Debug\Frequenzzaehler.a(Counter_1.o)
 .debug_line    0x00001e08      0x133 .\CortexM3\ARM_GCC_541\Debug\Frequenzzaehler.a(isr_1.o)
 .debug_line    0x00001f3b      0x1f4 .\CortexM3\ARM_GCC_541\Debug\Frequenzzaehler.a(UART_1.o)
 .debug_line    0x0000212f      0x1de .\CortexM3\ARM_GCC_541\Debug\Frequenzzaehler.a(LCD_1.o)
 .debug_line    0x0000230d      0x17e .\CortexM3\ARM_GCC_541\Debug\Frequenzzaehler.a(UART_1_IntClock.o)
 .debug_line    0x0000248b       0x66 .\CortexM3\ARM_GCC_541\Debug\Frequenzzaehler.a(CyBootAsmGnu.o)
 .debug_line    0x000024f1      0x21a .\CortexM3\ARM_GCC_541\Debug\Frequenzzaehler.a(CyFlash.o)
 .debug_line    0x0000270b      0x260 .\CortexM3\ARM_GCC_541\Debug\Frequenzzaehler.a(CySpc.o)

.debug_frame    0x00000000     0x1ef4
 *(.debug_frame)
 .debug_frame   0x00000000       0x2c .\CortexM3\ARM_GCC_541\Debug\main.o
 .debug_frame   0x0000002c       0xe4 .\CortexM3\ARM_GCC_541\Debug\cyfitter_cfg.o
 .debug_frame   0x00000110       0xb8 .\CortexM3\ARM_GCC_541\Debug\Cm3Start.o
 .debug_frame   0x000001c8       0xb4 .\CortexM3\ARM_GCC_541\Debug\Frequenzzaehler.a(Threshold_1.o)
 .debug_frame   0x0000027c       0xb4 .\CortexM3\ARM_GCC_541\Debug\Frequenzzaehler.a(Trigger_1.o)
 .debug_frame   0x00000330      0x108 .\CortexM3\ARM_GCC_541\Debug\Frequenzzaehler.a(Comp_1.o)
 .debug_frame   0x00000438      0x108 .\CortexM3\ARM_GCC_541\Debug\Frequenzzaehler.a(Comp_2.o)
 .debug_frame   0x00000540       0xe0 .\CortexM3\ARM_GCC_541\Debug\Frequenzzaehler.a(Clock_1.o)
 .debug_frame   0x00000620      0x738 .\CortexM3\ARM_GCC_541\Debug\Frequenzzaehler.a(CyLib.o)
 .debug_frame   0x00000d58      0x1f8 .\CortexM3\ARM_GCC_541\Debug\Frequenzzaehler.a(cyPm.o)
 .debug_frame   0x00000f50       0xe0 .\CortexM3\ARM_GCC_541\Debug\Frequenzzaehler.a(Clock_2.o)
 .debug_frame   0x00001030      0x154 .\CortexM3\ARM_GCC_541\Debug\Frequenzzaehler.a(PWM_1.o)
 .debug_frame   0x00001184      0x114 .\CortexM3\ARM_GCC_541\Debug\Frequenzzaehler.a(Counter_1.o)
 .debug_frame   0x00001298      0x104 .\CortexM3\ARM_GCC_541\Debug\Frequenzzaehler.a(isr_1.o)
 .debug_frame   0x0000139c      0x198 .\CortexM3\ARM_GCC_541\Debug\Frequenzzaehler.a(UART_1.o)
 .debug_frame   0x00001534      0x1e8 .\CortexM3\ARM_GCC_541\Debug\Frequenzzaehler.a(LCD_1.o)
 .debug_frame   0x0000171c       0xe0 .\CortexM3\ARM_GCC_541\Debug\Frequenzzaehler.a(UART_1_IntClock.o)
 .debug_frame   0x000017fc      0x194 .\CortexM3\ARM_GCC_541\Debug\Frequenzzaehler.a(CyFlash.o)
 .debug_frame   0x00001990      0x180 .\CortexM3\ARM_GCC_541\Debug\Frequenzzaehler.a(CySpc.o)
 .debug_frame   0x00001b10       0x20 c:/program files (x86)/cypress/psoc creator/4.2/psoc creator/import/gnu/arm/5.4.1/bin/../lib/gcc/arm-none-eabi/5.4.1/../../../../arm-none-eabi/lib/armv7-m\libg_nano.a(lib_a-errno.o)
 .debug_frame   0x00001b30       0x28 c:/program files (x86)/cypress/psoc creator/4.2/psoc creator/import/gnu/arm/5.4.1/bin/../lib/gcc/arm-none-eabi/5.4.1/../../../../arm-none-eabi/lib/armv7-m\libg_nano.a(lib_a-exit.o)
 .debug_frame   0x00001b58       0x2c c:/program files (x86)/cypress/psoc creator/4.2/psoc creator/import/gnu/arm/5.4.1/bin/../lib/gcc/arm-none-eabi/5.4.1/../../../../arm-none-eabi/lib/armv7-m\libg_nano.a(lib_a-init.o)
 .debug_frame   0x00001b84       0x28 c:/program files (x86)/cypress/psoc creator/4.2/psoc creator/import/gnu/arm/5.4.1/bin/../lib/gcc/arm-none-eabi/5.4.1/../../../../arm-none-eabi/lib/armv7-m\libg_nano.a(lib_a-memcpy-stub.o)
 .debug_frame   0x00001bac       0x20 c:/program files (x86)/cypress/psoc creator/4.2/psoc creator/import/gnu/arm/5.4.1/bin/../lib/gcc/arm-none-eabi/5.4.1/../../../../arm-none-eabi/lib/armv7-m\libg_nano.a(lib_a-memset.o)
 .debug_frame   0x00001bcc       0x70 c:/program files (x86)/cypress/psoc creator/4.2/psoc creator/import/gnu/arm/5.4.1/bin/../lib/gcc/arm-none-eabi/5.4.1/../../../../arm-none-eabi/lib/armv7-m\libg_nano.a(lib_a-sprintf.o)
 .debug_frame   0x00001c3c       0x90 c:/program files (x86)/cypress/psoc creator/4.2/psoc creator/import/gnu/arm/5.4.1/bin/../lib/gcc/arm-none-eabi/5.4.1/../../../../arm-none-eabi/lib/armv7-m\libg_nano.a(lib_a-nano-svfprintf.o)
 .debug_frame   0x00001ccc       0x60 c:/program files (x86)/cypress/psoc creator/4.2/psoc creator/import/gnu/arm/5.4.1/bin/../lib/gcc/arm-none-eabi/5.4.1/../../../../arm-none-eabi/lib/armv7-m\libg_nano.a(lib_a-nano-vfprintf_i.o)
 .debug_frame   0x00001d2c       0x28 c:/program files (x86)/cypress/psoc creator/4.2/psoc creator/import/gnu/arm/5.4.1/bin/../lib/gcc/arm-none-eabi/5.4.1/../../../../arm-none-eabi/lib/armv7-m\libg_nano.a(lib_a-memchr-stub.o)
 .debug_frame   0x00001d54       0x28 c:/program files (x86)/cypress/psoc creator/4.2/psoc creator/import/gnu/arm/5.4.1/bin/../lib/gcc/arm-none-eabi/5.4.1/../../../../arm-none-eabi/lib/armv7-m\libg_nano.a(lib_a-memmove.o)
 .debug_frame   0x00001d7c       0x38 c:/program files (x86)/cypress/psoc creator/4.2/psoc creator/import/gnu/arm/5.4.1/bin/../lib/gcc/arm-none-eabi/5.4.1/../../../../arm-none-eabi/lib/armv7-m\libg_nano.a(lib_a-nano-freer.o)
 .debug_frame   0x00001db4       0x2c c:/program files (x86)/cypress/psoc creator/4.2/psoc creator/import/gnu/arm/5.4.1/bin/../lib/gcc/arm-none-eabi/5.4.1/../../../../arm-none-eabi/lib/armv7-m\libg_nano.a(lib_a-nano-mallocr.o)
 .debug_frame   0x00001de0       0x3c c:/program files (x86)/cypress/psoc creator/4.2/psoc creator/import/gnu/arm/5.4.1/bin/../lib/gcc/arm-none-eabi/5.4.1/../../../../arm-none-eabi/lib/armv7-m\libg_nano.a(lib_a-nano-reallocr.o)
 .debug_frame   0x00001e1c       0x2c c:/program files (x86)/cypress/psoc creator/4.2/psoc creator/import/gnu/arm/5.4.1/bin/../lib/gcc/arm-none-eabi/5.4.1/../../../../arm-none-eabi/lib/armv7-m\libg_nano.a(lib_a-sbrkr.o)
 .debug_frame   0x00001e48       0x30 c:/program files (x86)/cypress/psoc creator/4.2/psoc creator/import/gnu/arm/5.4.1/bin/../lib/gcc/arm-none-eabi/5.4.1/../../../../arm-none-eabi/lib/armv7-m\libg_nano.a(lib_a-mlock.o)
 .debug_frame   0x00001e78       0x20 c:/program files (x86)/cypress/psoc creator/4.2/psoc creator/import/gnu/arm/5.4.1/bin/../lib/gcc/arm-none-eabi/5.4.1/../../../../arm-none-eabi/lib/armv7-m\libg_nano.a(lib_a-nano-msizer.o)
 .debug_frame   0x00001e98       0x5c c:/program files (x86)/cypress/psoc creator/4.2/psoc creator/import/gnu/arm/5.4.1/bin/../lib/gcc/arm-none-eabi/5.4.1/../../../../arm-none-eabi/lib/armv7-m\libg_nano.a(lib_a-reent.o)

.debug_str      0x00000000     0x2210
 *(.debug_str)
 .debug_str     0x00000000      0x2c6 .\CortexM3\ARM_GCC_541\Debug\main.o
                                0x314 (size before relaxing)
 .debug_str     0x000002c6      0x180 .\CortexM3\ARM_GCC_541\Debug\cyfitter_cfg.o
                                0x322 (size before relaxing)
 .debug_str     0x00000446       0x7f .\CortexM3\ARM_GCC_541\Debug\cymetadata.o
                                0x1f7 (size before relaxing)
 .debug_str     0x000004c5      0x144 .\CortexM3\ARM_GCC_541\Debug\Cm3Start.o
                                0x31d (size before relaxing)
 .debug_str     0x00000609       0xd2 .\CortexM3\ARM_GCC_541\Debug\Frequenzzaehler.a(Threshold_1.o)
                                0x26e (size before relaxing)
 .debug_str     0x000006db       0xaf .\CortexM3\ARM_GCC_541\Debug\Frequenzzaehler.a(Trigger_1.o)
                                0x25a (size before relaxing)
 .debug_str     0x0000078a      0x131 .\CortexM3\ARM_GCC_541\Debug\Frequenzzaehler.a(Comp_1.o)
                                0x2eb (size before relaxing)
 .debug_str     0x000008bb       0xe1 .\CortexM3\ARM_GCC_541\Debug\Frequenzzaehler.a(Comp_2.o)
                                0x2eb (size before relaxing)
 .debug_str     0x0000099c      0x15a .\CortexM3\ARM_GCC_541\Debug\Frequenzzaehler.a(Clock_1.o)
                                0x301 (size before relaxing)
 .debug_str     0x00000af6      0x830 .\CortexM3\ARM_GCC_541\Debug\Frequenzzaehler.a(CyLib.o)
                                0xa5a (size before relaxing)
 .debug_str     0x00001326      0x365 .\CortexM3\ARM_GCC_541\Debug\Frequenzzaehler.a(cyPm.o)
                                0x746 (size before relaxing)
 .debug_str     0x0000168b      0x109 .\CortexM3\ARM_GCC_541\Debug\Frequenzzaehler.a(Clock_2.o)
                                0x301 (size before relaxing)
 .debug_str     0x00001794      0x19b .\CortexM3\ARM_GCC_541\Debug\Frequenzzaehler.a(PWM_1.o)
                                0x39a (size before relaxing)
 .debug_str     0x0000192f      0x13f .\CortexM3\ARM_GCC_541\Debug\Frequenzzaehler.a(Counter_1.o)
                                0x36d (size before relaxing)
 .debug_str     0x00001a6e       0xda .\CortexM3\ARM_GCC_541\Debug\Frequenzzaehler.a(isr_1.o)
                                0x2be (size before relaxing)
 .debug_str     0x00001b48      0x1e3 .\CortexM3\ARM_GCC_541\Debug\Frequenzzaehler.a(UART_1.o)
                                0x3db (size before relaxing)
 .debug_str     0x00001d2b      0x139 .\CortexM3\ARM_GCC_541\Debug\Frequenzzaehler.a(LCD_1.o)
                                0x366 (size before relaxing)
 .debug_str     0x00001e64      0x14c .\CortexM3\ARM_GCC_541\Debug\Frequenzzaehler.a(UART_1_IntClock.o)
                                0x361 (size before relaxing)
 .debug_str     0x00001fb0      0x1b4 .\CortexM3\ARM_GCC_541\Debug\Frequenzzaehler.a(CyFlash.o)
                                0x3d3 (size before relaxing)
 .debug_str     0x00002164       0xac .\CortexM3\ARM_GCC_541\Debug\Frequenzzaehler.a(CySpc.o)
                                0x34b (size before relaxing)

.debug_loc      0x00000000     0x2674
 *(.debug_loc)
 .debug_loc     0x00000000      0x1f0 .\CortexM3\ARM_GCC_541\Debug\cyfitter_cfg.o
 .debug_loc     0x000001f0      0x144 .\CortexM3\ARM_GCC_541\Debug\Cm3Start.o
 .debug_loc     0x00000334       0x79 .\CortexM3\ARM_GCC_541\Debug\Frequenzzaehler.a(Threshold_1.o)
 .debug_loc     0x000003ad       0x79 .\CortexM3\ARM_GCC_541\Debug\Frequenzzaehler.a(Trigger_1.o)
 .debug_loc     0x00000426       0xed .\CortexM3\ARM_GCC_541\Debug\Frequenzzaehler.a(Comp_1.o)
 .debug_loc     0x00000513       0xed .\CortexM3\ARM_GCC_541\Debug\Frequenzzaehler.a(Comp_2.o)
 .debug_loc     0x00000600      0x12c .\CortexM3\ARM_GCC_541\Debug\Frequenzzaehler.a(Clock_1.o)
 .debug_loc     0x0000072c      0xa11 .\CortexM3\ARM_GCC_541\Debug\Frequenzzaehler.a(CyLib.o)
 .debug_loc     0x0000113d      0x1e4 .\CortexM3\ARM_GCC_541\Debug\Frequenzzaehler.a(cyPm.o)
 .debug_loc     0x00001321      0x128 .\CortexM3\ARM_GCC_541\Debug\Frequenzzaehler.a(Clock_2.o)
 .debug_loc     0x00001449       0x26 .\CortexM3\ARM_GCC_541\Debug\Frequenzzaehler.a(PWM_1.o)
 .debug_loc     0x0000146f       0x13 .\CortexM3\ARM_GCC_541\Debug\Frequenzzaehler.a(Counter_1.o)
 .debug_loc     0x00001482       0x56 .\CortexM3\ARM_GCC_541\Debug\Frequenzzaehler.a(isr_1.o)
 .debug_loc     0x000014d8      0x1f7 .\CortexM3\ARM_GCC_541\Debug\Frequenzzaehler.a(UART_1.o)
 .debug_loc     0x000016cf      0x3c6 .\CortexM3\ARM_GCC_541\Debug\Frequenzzaehler.a(LCD_1.o)
 .debug_loc     0x00001a95      0x128 .\CortexM3\ARM_GCC_541\Debug\Frequenzzaehler.a(UART_1_IntClock.o)
 .debug_loc     0x00001bbd      0x3b2 .\CortexM3\ARM_GCC_541\Debug\Frequenzzaehler.a(CyFlash.o)
 .debug_loc     0x00001f6f      0x705 .\CortexM3\ARM_GCC_541\Debug\Frequenzzaehler.a(CySpc.o)

.debug_macinfo
 *(.debug_macinfo)

.debug_ranges   0x00000000      0x998
 *(.debug_ranges)
 .debug_ranges  0x00000000       0x10 .\CortexM3\ARM_GCC_541\Debug\main.o
 .debug_ranges  0x00000010       0x48 .\CortexM3\ARM_GCC_541\Debug\cyfitter_cfg.o
 .debug_ranges  0x00000058       0x38 .\CortexM3\ARM_GCC_541\Debug\Cm3Start.o
 .debug_ranges  0x00000090       0x48 .\CortexM3\ARM_GCC_541\Debug\Frequenzzaehler.a(Threshold_1.o)
 .debug_ranges  0x000000d8       0x48 .\CortexM3\ARM_GCC_541\Debug\Frequenzzaehler.a(Trigger_1.o)
 .debug_ranges  0x00000120       0x60 .\CortexM3\ARM_GCC_541\Debug\Frequenzzaehler.a(Comp_1.o)
 .debug_ranges  0x00000180       0x60 .\CortexM3\ARM_GCC_541\Debug\Frequenzzaehler.a(Comp_2.o)
 .debug_ranges  0x000001e0       0x60 .\CortexM3\ARM_GCC_541\Debug\Frequenzzaehler.a(Clock_1.o)
 .debug_ranges  0x00000240      0x290 .\CortexM3\ARM_GCC_541\Debug\Frequenzzaehler.a(CyLib.o)
 .debug_ranges  0x000004d0       0x88 .\CortexM3\ARM_GCC_541\Debug\Frequenzzaehler.a(cyPm.o)
 .debug_ranges  0x00000558       0x60 .\CortexM3\ARM_GCC_541\Debug\Frequenzzaehler.a(Clock_2.o)
 .debug_ranges  0x000005b8       0x98 .\CortexM3\ARM_GCC_541\Debug\Frequenzzaehler.a(PWM_1.o)
 .debug_ranges  0x00000650       0x78 .\CortexM3\ARM_GCC_541\Debug\Frequenzzaehler.a(Counter_1.o)
 .debug_ranges  0x000006c8       0x70 .\CortexM3\ARM_GCC_541\Debug\Frequenzzaehler.a(isr_1.o)
 .debug_ranges  0x00000738       0x90 .\CortexM3\ARM_GCC_541\Debug\Frequenzzaehler.a(UART_1.o)
 .debug_ranges  0x000007c8       0x88 .\CortexM3\ARM_GCC_541\Debug\Frequenzzaehler.a(LCD_1.o)
 .debug_ranges  0x00000850       0x60 .\CortexM3\ARM_GCC_541\Debug\Frequenzzaehler.a(UART_1_IntClock.o)
 .debug_ranges  0x000008b0       0x78 .\CortexM3\ARM_GCC_541\Debug\Frequenzzaehler.a(CyFlash.o)
 .debug_ranges  0x00000928       0x70 .\CortexM3\ARM_GCC_541\Debug\Frequenzzaehler.a(CySpc.o)

.comment        0x00000000       0x6e
 .comment       0x00000000       0x6e .\CortexM3\ARM_GCC_541\Debug\main.o
                                 0x6f (size before relaxing)
 .comment       0x0000006e       0x6f .\CortexM3\ARM_GCC_541\Debug\cyfitter_cfg.o
 .comment       0x0000006e       0x6f .\CortexM3\ARM_GCC_541\Debug\cymetadata.o
 .comment       0x0000006e       0x6f .\CortexM3\ARM_GCC_541\Debug\Cm3Start.o
 .comment       0x0000006e       0x6f .\CortexM3\ARM_GCC_541\Debug\Frequenzzaehler.a(Threshold_1.o)
 .comment       0x0000006e       0x6f .\CortexM3\ARM_GCC_541\Debug\Frequenzzaehler.a(Trigger_1.o)
 .comment       0x0000006e       0x6f .\CortexM3\ARM_GCC_541\Debug\Frequenzzaehler.a(Comp_1.o)
 .comment       0x0000006e       0x6f .\CortexM3\ARM_GCC_541\Debug\Frequenzzaehler.a(Comp_2.o)
 .comment       0x0000006e       0x6f .\CortexM3\ARM_GCC_541\Debug\Frequenzzaehler.a(Clock_1.o)
 .comment       0x0000006e       0x6f .\CortexM3\ARM_GCC_541\Debug\Frequenzzaehler.a(CyLib.o)
 .comment       0x0000006e       0x6f .\CortexM3\ARM_GCC_541\Debug\Frequenzzaehler.a(cyPm.o)
 .comment       0x0000006e       0x6f .\CortexM3\ARM_GCC_541\Debug\Frequenzzaehler.a(Clock_2.o)
 .comment       0x0000006e       0x6f .\CortexM3\ARM_GCC_541\Debug\Frequenzzaehler.a(PWM_1.o)
 .comment       0x0000006e       0x6f .\CortexM3\ARM_GCC_541\Debug\Frequenzzaehler.a(Counter_1.o)
 .comment       0x0000006e       0x6f .\CortexM3\ARM_GCC_541\Debug\Frequenzzaehler.a(isr_1.o)
 .comment       0x0000006e       0x6f .\CortexM3\ARM_GCC_541\Debug\Frequenzzaehler.a(UART_1.o)
 .comment       0x0000006e       0x6f .\CortexM3\ARM_GCC_541\Debug\Frequenzzaehler.a(LCD_1.o)
 .comment       0x0000006e       0x6f .\CortexM3\ARM_GCC_541\Debug\Frequenzzaehler.a(UART_1_IntClock.o)
 .comment       0x0000006e       0x6f .\CortexM3\ARM_GCC_541\Debug\Frequenzzaehler.a(CyFlash.o)
 .comment       0x0000006e       0x6f .\CortexM3\ARM_GCC_541\Debug\Frequenzzaehler.a(CySpc.o)

.debug_weaknames
 *(.debug_weaknames)

.debug_funcnames
 *(.debug_funcnames)

.debug_typenames
 *(.debug_typenames)

.debug_varnames
 *(.debug_varnames)

.note.gnu.arm.ident
 *(.note.gnu.arm.ident)

.ARM.attributes
                0x00000000       0x29
 *(.ARM.attributes)
 .ARM.attributes
                0x00000000       0x1d c:/program files (x86)/cypress/psoc creator/4.2/psoc creator/import/gnu/arm/5.4.1/bin/../lib/gcc/arm-none-eabi/5.4.1/armv7-m/crti.o
 .ARM.attributes
                0x0000001d       0x2d c:/program files (x86)/cypress/psoc creator/4.2/psoc creator/import/gnu/arm/5.4.1/bin/../lib/gcc/arm-none-eabi/5.4.1/armv7-m/crtbegin.o
 .ARM.attributes
                0x0000004a       0x1b c:/program files (x86)/cypress/psoc creator/4.2/psoc creator/import/gnu/arm/5.4.1/bin/../lib/gcc/arm-none-eabi/5.4.1/../../../../arm-none-eabi/lib/armv7-m/crt0.o
 .ARM.attributes
                0x00000065       0x33 .\CortexM3\ARM_GCC_541\Debug\main.o
 .ARM.attributes
                0x00000098       0x33 .\CortexM3\ARM_GCC_541\Debug\cyfitter_cfg.o
 .ARM.attributes
                0x000000cb       0x33 .\CortexM3\ARM_GCC_541\Debug\cymetadata.o
 .ARM.attributes
                0x000000fe       0x33 .\CortexM3\ARM_GCC_541\Debug\Cm3Start.o
 .ARM.attributes
                0x00000131       0x33 .\CortexM3\ARM_GCC_541\Debug\Frequenzzaehler.a(Threshold_1.o)
 .ARM.attributes
                0x00000164       0x33 .\CortexM3\ARM_GCC_541\Debug\Frequenzzaehler.a(Trigger_1.o)
 .ARM.attributes
                0x00000197       0x33 .\CortexM3\ARM_GCC_541\Debug\Frequenzzaehler.a(Comp_1.o)
 .ARM.attributes
                0x000001ca       0x33 .\CortexM3\ARM_GCC_541\Debug\Frequenzzaehler.a(Comp_2.o)
 .ARM.attributes
                0x000001fd       0x33 .\CortexM3\ARM_GCC_541\Debug\Frequenzzaehler.a(Clock_1.o)
 .ARM.attributes
                0x00000230       0x33 .\CortexM3\ARM_GCC_541\Debug\Frequenzzaehler.a(CyLib.o)
 .ARM.attributes
                0x00000263       0x33 .\CortexM3\ARM_GCC_541\Debug\Frequenzzaehler.a(cyPm.o)
 .ARM.attributes
                0x00000296       0x33 .\CortexM3\ARM_GCC_541\Debug\Frequenzzaehler.a(Clock_2.o)
 .ARM.attributes
                0x000002c9       0x33 .\CortexM3\ARM_GCC_541\Debug\Frequenzzaehler.a(PWM_1.o)
 .ARM.attributes
                0x000002fc       0x33 .\CortexM3\ARM_GCC_541\Debug\Frequenzzaehler.a(Counter_1.o)
 .ARM.attributes
                0x0000032f       0x33 .\CortexM3\ARM_GCC_541\Debug\Frequenzzaehler.a(isr_1.o)
 .ARM.attributes
                0x00000362       0x33 .\CortexM3\ARM_GCC_541\Debug\Frequenzzaehler.a(UART_1.o)
 .ARM.attributes
                0x00000395       0x33 .\CortexM3\ARM_GCC_541\Debug\Frequenzzaehler.a(LCD_1.o)
 .ARM.attributes
                0x000003c8       0x33 .\CortexM3\ARM_GCC_541\Debug\Frequenzzaehler.a(UART_1_IntClock.o)
 .ARM.attributes
                0x000003fb       0x21 .\CortexM3\ARM_GCC_541\Debug\Frequenzzaehler.a(CyBootAsmGnu.o)
 .ARM.attributes
                0x0000041c       0x33 .\CortexM3\ARM_GCC_541\Debug\Frequenzzaehler.a(CyFlash.o)
 .ARM.attributes
                0x0000044f       0x33 .\CortexM3\ARM_GCC_541\Debug\Frequenzzaehler.a(CySpc.o)
 .ARM.attributes
                0x00000482       0x2d c:/program files (x86)/cypress/psoc creator/4.2/psoc creator/import/gnu/arm/5.4.1/bin/../lib/gcc/arm-none-eabi/5.4.1/../../../../arm-none-eabi/lib/armv7-m\libg_nano.a(lib_a-errno.o)
 .ARM.attributes
                0x000004af       0x2d c:/program files (x86)/cypress/psoc creator/4.2/psoc creator/import/gnu/arm/5.4.1/bin/../lib/gcc/arm-none-eabi/5.4.1/../../../../arm-none-eabi/lib/armv7-m\libg_nano.a(lib_a-exit.o)
 .ARM.attributes
                0x000004dc       0x2d c:/program files (x86)/cypress/psoc creator/4.2/psoc creator/import/gnu/arm/5.4.1/bin/../lib/gcc/arm-none-eabi/5.4.1/../../../../arm-none-eabi/lib/armv7-m\libg_nano.a(lib_a-impure.o)
 .ARM.attributes
                0x00000509       0x2d c:/program files (x86)/cypress/psoc creator/4.2/psoc creator/import/gnu/arm/5.4.1/bin/../lib/gcc/arm-none-eabi/5.4.1/../../../../arm-none-eabi/lib/armv7-m\libg_nano.a(lib_a-init.o)
 .ARM.attributes
                0x00000536       0x2d c:/program files (x86)/cypress/psoc creator/4.2/psoc creator/import/gnu/arm/5.4.1/bin/../lib/gcc/arm-none-eabi/5.4.1/../../../../arm-none-eabi/lib/armv7-m\libg_nano.a(lib_a-memcpy-stub.o)
 .ARM.attributes
                0x00000563       0x2d c:/program files (x86)/cypress/psoc creator/4.2/psoc creator/import/gnu/arm/5.4.1/bin/../lib/gcc/arm-none-eabi/5.4.1/../../../../arm-none-eabi/lib/armv7-m\libg_nano.a(lib_a-memset.o)
 .ARM.attributes
                0x00000590       0x2d c:/program files (x86)/cypress/psoc creator/4.2/psoc creator/import/gnu/arm/5.4.1/bin/../lib/gcc/arm-none-eabi/5.4.1/../../../../arm-none-eabi/lib/armv7-m\libg_nano.a(lib_a-sprintf.o)
 .ARM.attributes
                0x000005bd       0x2d c:/program files (x86)/cypress/psoc creator/4.2/psoc creator/import/gnu/arm/5.4.1/bin/../lib/gcc/arm-none-eabi/5.4.1/../../../../arm-none-eabi/lib/armv7-m\libg_nano.a(lib_a-nano-svfprintf.o)
 .ARM.attributes
                0x000005ea       0x2d c:/program files (x86)/cypress/psoc creator/4.2/psoc creator/import/gnu/arm/5.4.1/bin/../lib/gcc/arm-none-eabi/5.4.1/../../../../arm-none-eabi/lib/armv7-m\libg_nano.a(lib_a-nano-vfprintf_i.o)
 .ARM.attributes
                0x00000617       0x2d c:/program files (x86)/cypress/psoc creator/4.2/psoc creator/import/gnu/arm/5.4.1/bin/../lib/gcc/arm-none-eabi/5.4.1/../../../../arm-none-eabi/lib/armv7-m\libg_nano.a(lib_a-memchr-stub.o)
 .ARM.attributes
                0x00000644       0x2d c:/program files (x86)/cypress/psoc creator/4.2/psoc creator/import/gnu/arm/5.4.1/bin/../lib/gcc/arm-none-eabi/5.4.1/../../../../arm-none-eabi/lib/armv7-m\libg_nano.a(lib_a-memmove.o)
 .ARM.attributes
                0x00000671       0x2d c:/program files (x86)/cypress/psoc creator/4.2/psoc creator/import/gnu/arm/5.4.1/bin/../lib/gcc/arm-none-eabi/5.4.1/../../../../arm-none-eabi/lib/armv7-m\libg_nano.a(lib_a-nano-freer.o)
 .ARM.attributes
                0x0000069e       0x2d c:/program files (x86)/cypress/psoc creator/4.2/psoc creator/import/gnu/arm/5.4.1/bin/../lib/gcc/arm-none-eabi/5.4.1/../../../../arm-none-eabi/lib/armv7-m\libg_nano.a(lib_a-nano-mallocr.o)
 .ARM.attributes
                0x000006cb       0x2d c:/program files (x86)/cypress/psoc creator/4.2/psoc creator/import/gnu/arm/5.4.1/bin/../lib/gcc/arm-none-eabi/5.4.1/../../../../arm-none-eabi/lib/armv7-m\libg_nano.a(lib_a-nano-reallocr.o)
 .ARM.attributes
                0x000006f8       0x2d c:/program files (x86)/cypress/psoc creator/4.2/psoc creator/import/gnu/arm/5.4.1/bin/../lib/gcc/arm-none-eabi/5.4.1/../../../../arm-none-eabi/lib/armv7-m\libg_nano.a(lib_a-sbrkr.o)
 .ARM.attributes
                0x00000725       0x2d c:/program files (x86)/cypress/psoc creator/4.2/psoc creator/import/gnu/arm/5.4.1/bin/../lib/gcc/arm-none-eabi/5.4.1/../../../../arm-none-eabi/lib/armv7-m\libg_nano.a(lib_a-mlock.o)
 .ARM.attributes
                0x00000752       0x2d c:/program files (x86)/cypress/psoc creator/4.2/psoc creator/import/gnu/arm/5.4.1/bin/../lib/gcc/arm-none-eabi/5.4.1/../../../../arm-none-eabi/lib/armv7-m\libg_nano.a(lib_a-nano-msizer.o)
 .ARM.attributes
                0x0000077f       0x2d c:/program files (x86)/cypress/psoc creator/4.2/psoc creator/import/gnu/arm/5.4.1/bin/../lib/gcc/arm-none-eabi/5.4.1/../../../../arm-none-eabi/lib/armv7-m\libg_nano.a(lib_a-reent.o)
 .ARM.attributes
                0x000007ac       0x2d c:/program files (x86)/cypress/psoc creator/4.2/psoc creator/import/gnu/arm/5.4.1/bin/../lib/gcc/arm-none-eabi/5.4.1/armv7-m/crtend.o
 .ARM.attributes
                0x000007d9       0x1d c:/program files (x86)/cypress/psoc creator/4.2/psoc creator/import/gnu/arm/5.4.1/bin/../lib/gcc/arm-none-eabi/5.4.1/armv7-m/crtn.o

/DISCARD/
 *(.note.GNU-stack)
OUTPUT(\\sccfs.scc.kit.edu\Stud-Home\Documents\PSoC Creator\Versuch 5\Frequenzzaehler.cydsn\CortexM3\ARM_GCC_541\Debug\Frequenzzaehler.elf elf32-littlearm)
